2026-09-22 13:27:50,355 [ExecuTorch] INFO: All required submodules are present.
[1;31merror[0m: [1mexternally-managed-environment[0m

[31m×[0m This environment is externally managed
[31m╰─>[0m To install Python packages system-wide, try apt install
[31m   [0m python3-xyz, where xyz is the package you are trying to
[31m   [0m install.
[31m   [0m 
[31m   [0m If you wish to install a non-Debian-packaged Python package,
[31m   [0m create a virtual environment using python3 -m venv path/to/venv.
[31m   [0m Then use path/to/venv/bin/python and path/to/venv/bin/pip. Make
[31m   [0m sure you have python3-full installed.
[31m   [0m 
[31m   [0m If you wish to install a non-Debian packaged Python application,
[31m   [0m it may be easiest to use pipx install xyz, which will manage a
[31m   [0m virtual environment for you. Make sure you have pipx installed.
[31m   [0m 
[31m   [0m See /usr/share/doc/python3.12/README.venv for more information.

[1;35mnote[0m: If you believe this is a mistake, please contact your Python installation or OS distribution provider. You can override this, at the risk of breaking your Python installation or OS, by passing --break-system-packages.
[1;36mhint[0m: See PEP 668 for the detailed specification.
Attempting to detect CUDA via nvcc...
CUDA detection failed (nvcc (CUDA compiler) is not found in PATH. Install the CUDA toolkit.), using CPU-only PyTorch
Attempting to detect CUDA via nvcc...
CUDA detection failed (nvcc (CUDA compiler) is not found in PATH. Install the CUDA toolkit.), using CPU-only PyTorch
Traceback (most recent call last):
  File "/workspace/prototypes/emscripten-forge/executorch-wasm/.et-work/executorch/./install_executorch.py", line 264, in <module>
    main(sys.argv[1:])
  File "/workspace/prototypes/emscripten-forge/executorch-wasm/.et-work/executorch/./install_executorch.py", line 232, in main
    install_requirements(use_pytorch_nightly)
  File "/workspace/prototypes/emscripten-forge/executorch-wasm/.et-work/executorch/install_requirements.py", line 110, in install_requirements
    subprocess.run(
  File "/usr/lib/python3.12/subprocess.py", line 571, in run
    raise CalledProcessError(retcode, process.args,
subprocess.CalledProcessError: Command '['/usr/bin/python3', '-m', 'pip', 'install', '-r', 'requirements-dev.txt', 'torch==2.14.0', 'torchao==0.18.0.dev20260729', '--extra-index-url', 'https://download.pytorch.org/whl/test/cpu', '--extra-index-url', 'https://download.pytorch.org/whl/nightly/cpu']' returned non-zero exit status 1.
INSTALL4_EXIT=1
