configure: cmake -S /workspace/.src/pytorch -B /workspace/.torch-build -GNinja -DCMAKE_BUILD_TYPE=Release -DBUILD_PYTHON=ON -DBUILD_TEST=OFF -DBUILD_BINARY=OFF -DBUILD_CAFFE2=OFF -DBUILD_CAFFE2_OPS=OFF -DUSE_CUDA=OFF -DUSE_ROCM=OFF -DUSE_XPU=OFF -DUSE_MKLDNN=OFF -DUSE_FBGEMM=OFF -DUSE_NNPACK=OFF -DUSE_QNNPACK=OFF -DUSE_PYTORCH_QNNPACK=OFF -DUSE_XNNPACK=OFF -DUSE_KINETO=OFF -DUSE_DISTRIBUTED=OFF -DUSE_TENSORPIPE=OFF -DUSE_GLOO=OFF -DUSE_MPI=OFF -DUSE_OPENMP=OFF -DUSE_NUMA=OFF -DUSE_NUMPY=OFF -DUSE_MAGMA=OFF -DUSE_ITT=OFF -DUSE_MIMALLOC=OFF -DUSE_OBSERVERS=OFF -DUSE_LITE_PROTO=ON -DUSE_ONNX=OFF -DATEN_THREADING=NATIVE -DPython_EXECUTABLE=/workspace/.ef-recipes/output/bld/rattler-build_pytorch_1790112934/build_env/bin/python3 -DPYTHON_EXECUTABLE=/workspace/.ef-recipes/output/bld/rattler-build_pytorch_1790112934/build_env/bin/python3 -DCMAKE_PROJECT_INCLUDE=/workspace/prototypes/emscripten-forge/torch-wasm/recipe/emscripten_fixups.cmake -DWASM_PYTHON_INCLUDE_DIR=/workspace/.ef-recipes/output/bld/rattler-build_pytorch_1790112934/host_env_placehold_placehold_placehold_placehold_placehold_placehold_placehold_placehold_placehold_placehold_placehold_placehold_placehold_placehold_placehold_placehold_placehold_placehold/include/python3.13 -DCAFFE2_CUSTOM_PROTOC_EXECUTABLE=/workspace/.hostprotoc/protoc -DCMAKE_TOOLCHAIN_FILE=/workspace/.ef-recipes/output/bld/rattler-build_pytorch_1790112934/build_env/opt/emsdk/upstream/emscripten/cmake/Modules/Platform/Emscripten.cmake -DCMAKE_PREFIX_PATH=/workspace/.ef-recipes/output/bld/rattler-build_pytorch_1790112934/host_env_placehold_placehold_placehold_placehold_placehold_placehold_placehold_placehold_placehold_placehold_placehold_placehold_placehold_placehold_placehold_placehold_placehold_placehold -DCMAKE_INSTALL_PREFIX=/workspace/.ef-recipes/output/bld/rattler-build_pytorch_1790112934/host_env_placehold_placehold_placehold_placehold_placehold_placehold_placehold_placehold_placehold_placehold_placehold_placehold_placehold_placehold_placehold_placehold_placehold_placehold -DCMAKE_FIND_ROOT_PATH_MODE_PACKAGE=ON -DCMAKE_POSITION_INDEPENDENT_CODE:BOOL=true -DCMAKE_CROSSCOMPILING_EMULATOR=/workspace/.ef-recipes/output/bld/rattler-build_pytorch_1790112934/build_env/bin/node
CMake Deprecation Warning at CMakeLists.txt:9 (cmake_policy):
  The OLD behavior for policy CMP0126 will be removed from a future version
  of CMake.

  The cmake-policies(7) manual explains that the OLD behaviors of all
  policies are deprecated and that a policy should be set to OLD only under
  specific short-term circumstances.  Projects should be ported to the NEW
  behavior and not rely on setting a policy to OLD.


CMake Deprecation Warning at CMakeLists.txt:21 (cmake_policy):
  The OLD behavior for policy CMP0146 will be removed from a future version
  of CMake.

  The cmake-policies(7) manual explains that the OLD behaviors of all
  policies are deprecated and that a policy should be set to OLD only under
  specific short-term circumstances.  Projects should be ported to the NEW
  behavior and not rely on setting a policy to OLD.


-- Could not find ccache. Consider installing ccache to speed up compilation.
-- Could not find hardware support for NEON on this machine.
-- No OMAP3 processor on this machine.
-- No OMAP4 processor on this machine.
-- Compiler does not support SVE extension. Will not build perfkernels.
-- Building using own protobuf under third_party per request.
-- Use custom protobuf build.
CMake Warning at cmake/ProtoBuf.cmake:37 (message):
  Ancient protobuf forces CMake compatibility
Call Stack (most recent call first):
  cmake/ProtoBuf.cmake:87 (custom_protobuf_find)
  cmake/Dependencies.cmake:107 (include)
  CMakeLists.txt:863 (include)


CMake Deprecation Warning at third_party/protobuf/cmake/CMakeLists.txt:2 (cmake_minimum_required):
  Compatibility with CMake < 3.10 will be removed from a future version of
  CMake.

  Update the VERSION argument <min> value.  Or, use the <min>...<max> syntax
  to tell CMake that the project requires at least <min> but has been updated
  to work with policies introduced by <max> or earlier.


-- 
-- 3.13.0.0
-- Caffe2 protobuf include directory: $<BUILD_INTERFACE:/workspace/.src/pytorch/third_party/protobuf/src>$<INSTALL_INTERFACE:include>
-- Trying to find preferred BLAS backend of choice: MKL
-- MKL_THREADING = OMP
-- MKL_THREADING = OMP
CMake Warning at cmake/Dependencies.cmake:208 (message):
  MKL could not be found.  Defaulting to Eigen
Call Stack (most recent call first):
  CMakeLists.txt:863 (include)


CMake Warning at cmake/Dependencies.cmake:256 (message):
  Preferred BLAS (MKL) cannot be found, now searching for a general BLAS
  library
Call Stack (most recent call first):
  CMakeLists.txt:863 (include)


-- MKL_THREADING = OMP
-- Checking for [mkl_intel - mkl_intel_thread - mkl_core - iomp5 - pthread - m]
--   Library mkl_intel: not found
-- Checking for [mkl_intel - mkl_intel_thread - mkl_core - guide - pthread - m]
--   Library mkl_intel: not found
-- Checking for [mkl_intel - mkl_intel_thread - mkl_core - pthread - m]
--   Library mkl_intel: not found
-- Checking for [mkl_intel - mkl_sequential - mkl_core - m]
--   Library mkl_intel: not found
-- Checking for [mkl_intel - mkl_core - iomp5 - pthread - m]
--   Library mkl_intel: not found
-- Checking for [mkl_intel - mkl_core - guide - pthread - m]
--   Library mkl_intel: not found
-- Checking for [mkl_intel - mkl_core - pthread - m]
--   Library mkl_intel: not found
-- Checking for [mkl - guide - pthread - m]
--   Library mkl: not found
-- MKL library not found
-- Checking for [blis]
--   Library blis: BLAS_blis_LIBRARY-NOTFOUND
-- Checking for [Accelerate]
--   Library Accelerate: BLAS_Accelerate_LIBRARY-NOTFOUND
-- Checking for [vecLib]
--   Library vecLib: BLAS_vecLib_LIBRARY-NOTFOUND
-- Checking for [flexiblas]
--   Library flexiblas: BLAS_flexiblas_LIBRARY-NOTFOUND
-- Checking for [openblas]
--   Library openblas: BLAS_openblas_LIBRARY-NOTFOUND
-- Checking for [openblas - pthread - m]
--   Library openblas: BLAS_openblas_LIBRARY-NOTFOUND
-- Checking for [openblas - pthread - m - gomp]
--   Library openblas: BLAS_openblas_LIBRARY-NOTFOUND
-- Checking for [goto2 - gfortran]
--   Library goto2: BLAS_goto2_LIBRARY-NOTFOUND
-- Checking for [goto2 - gfortran - pthread]
--   Library goto2: BLAS_goto2_LIBRARY-NOTFOUND
-- Checking for [acml - gfortran]
--   Library acml: BLAS_acml_LIBRARY-NOTFOUND
-- Checking for [blis]
--   Library blis: BLAS_blis_LIBRARY-NOTFOUND
-- Could NOT find Atlas (missing: Atlas_CBLAS_INCLUDE_DIR Atlas_CLAPACK_INCLUDE_DIR Atlas_CBLAS_LIBRARY Atlas_BLAS_LIBRARY Atlas_LAPACK_LIBRARY) 
-- Checking for [ptf77blas - atlas - gfortran]
--   Library ptf77blas: BLAS_ptf77blas_LIBRARY-NOTFOUND
-- Checking for []
-- Cannot find a library with BLAS API. Not using BLAS.
-- Using pocketfft in directory: /workspace/.src/pytorch/third_party/pocketfft/
CMake Deprecation Warning at third_party/cpuinfo/CMakeLists.txt:1 (CMAKE_MINIMUM_REQUIRED):
  Compatibility with CMake < 3.10 will be removed from a future version of
  CMake.

  Update the VERSION argument <min> value.  Or, use the <min>...<max> syntax
  to tell CMake that the project requires at least <min> but has been updated
  to work with policies introduced by <max> or earlier.


CMake Warning at third_party/cpuinfo/CMakeLists.txt:113 (MESSAGE):
  Target operating system "Emscripten" is not supported in cpuinfo.  cpuinfo
  will compile, but cpuinfo_initialize() will always fail.


CMake Warning at cmake/Dependencies.cmake:711 (message):
  Turning USE_FAKELOWP off as it depends on USE_FBGEMM.
Call Stack (most recent call first):
  CMakeLists.txt:863 (include)


CMake Warning at cmake/Dependencies.cmake:764 (message):
  FP16 is only cmake-2.8 compatible
Call Stack (most recent call first):
  CMakeLists.txt:863 (include)


CMake Deprecation Warning at third_party/FP16/CMakeLists.txt:1 (CMAKE_MINIMUM_REQUIRED):
  Compatibility with CMake < 3.10 will be removed from a future version of
  CMake.

  Update the VERSION argument <min> value.  Or, use the <min>...<max> syntax
  to tell CMake that the project requires at least <min> but has been updated
  to work with policies introduced by <max> or earlier.


CMake Deprecation Warning at third_party/psimd/CMakeLists.txt:1 (CMAKE_MINIMUM_REQUIRED):
  Compatibility with CMake < 3.10 will be removed from a future version of
  CMake.

  Update the VERSION argument <min> value.  Or, use the <min>...<max> syntax
  to tell CMake that the project requires at least <min> but has been updated
  to work with policies introduced by <max> or earlier.


-- Using third party subdirectory Eigen.
-- Found Python: /workspace/.ef-recipes/output/bld/rattler-build_pytorch_1790112934/build_env/bin/python3 (found version "3.13.15") found components: Interpreter missing components: Development.Module
CMake Warning at cmake/Dependencies.cmake:850 (message):
  Python dependencies not met.  Not compiling with python.  Suppress this
  warning with -DBUILD_PYTHON=OFF
Call Stack (most recent call first):
  CMakeLists.txt:863 (include)


-- Using third_party/pybind11.
-- pybind11 include dirs: /workspace/.src/pytorch/cmake/../third_party/pybind11/include
-- Could NOT find OpenTelemetryApi (missing: OpenTelemetryApi_INCLUDE_DIRS) 
-- Using third_party/opentelemetry-cpp.
-- opentelemetry api include dirs: /workspace/.src/pytorch/cmake/../third_party/opentelemetry-cpp/api/include
-- Found Python3: /workspace/.ef-recipes/output/bld/rattler-build_pytorch_1790112934/build_env/bin/python3 (found version "3.13.15") found components: Interpreter
-- Using custom protoc executable
-- ONNX_PROTOC_EXECUTABLE: /workspace/.hostprotoc/protoc
-- Protobuf_VERSION: Protobuf_VERSION_NOTFOUND
Generated: /workspace/.torch-build/third_party/onnx/onnx/onnx_onnx_torch-ml.proto
Generated: /workspace/.torch-build/third_party/onnx/onnx/onnx-operators_onnx_torch-ml.proto
Generated: /workspace/.torch-build/third_party/onnx/onnx/onnx-data_onnx_torch.proto
-- 
-- ******** Summary ********
--   CMake version                     : 4.3.4
--   CMake command                     : /workspace/.ef-recipes/output/bld/rattler-build_pytorch_1790112934/build_env/bin/cmake
--   System                            : Emscripten
--   C++ compiler                      : /workspace/.ef-recipes/output/bld/rattler-build_pytorch_1790110990/build_env/opt/emsdk/upstream/emscripten/em++
--   C++ compiler version              : 20.0.0
--   CXX flags                         : -O2 -g0 -fPIC -I/workspace/.ef-recipes/output/bld/rattler-build_pytorch_1790110990/host_env_placehold_placehold_placehold_placehold_placehold_placehold_placehold_placehold_placehold_placehold_placehold_placehold_placehold_placehold_placehold_placehold_placehold_placehold/include -fexceptions -fvisibility-inlines-hidden -Wnon-virtual-dtor
--   Build type                        : Release
--   Compile definitions               : ONNX_ML=1;ONNXIFI_ENABLE_EXT=1
--   CMAKE_PREFIX_PATH                 : /workspace/.ef-recipes/output/bld/rattler-build_pytorch_1790112934/host_env_placehold_placehold_placehold_placehold_placehold_placehold_placehold_placehold_placehold_placehold_placehold_placehold_placehold_placehold_placehold_placehold_placehold_placehold
--   CMAKE_INSTALL_PREFIX              : /workspace/.ef-recipes/output/bld/rattler-build_pytorch_1790112934/host_env_placehold_placehold_placehold_placehold_placehold_placehold_placehold_placehold_placehold_placehold_placehold_placehold_placehold_placehold_placehold_placehold_placehold_placehold
--   CMAKE_MODULE_PATH                 : /workspace/.ef-recipes/output/bld/rattler-build_pytorch_1790110990/build_env/opt/emsdk/upstream/emscripten/cmake/Modules;/workspace/.ef-recipes/output/bld/rattler-build_pytorch_1790110990/build_env/opt/emsdk/upstream/emscripten/cmake/Modules;/workspace/.src/pytorch/cmake/Modules
-- 
--   ONNX version                      : 1.18.0
--   ONNX NAMESPACE                    : onnx_torch
--   ONNX_USE_LITE_PROTO               : 1
--   USE_PROTOBUF_SHARED_LIBS          : OFF
--   ONNX_DISABLE_EXCEPTIONS           : OFF
--   ONNX_DISABLE_STATIC_REGISTRATION  : OFF
--   ONNX_WERROR                       : OFF
--   ONNX_BUILD_TESTS                  : OFF
--   BUILD_SHARED_LIBS                 : OFF
-- 
--   Protobuf compiler                 : /workspace/.hostprotoc/protoc
--   Protobuf includes                 : 
--   Protobuf libraries                : 
--   ONNX_BUILD_PYTHON                 : OFF
-- Found CUDA with FP16 support, compiling with torch.cuda.HalfTensor
-- Adding -DNDEBUG to compile flags
-- Could not find hardware support for NEON on this machine.
-- No OMAP3 processor on this machine.
-- No OMAP4 processor on this machine.
-- MKL_THREADING = OMP
-- Checking for [mkl_intel - mkl_intel_thread - mkl_core - iomp5 - pthread - m]
--   Library mkl_intel: not found
-- Checking for [mkl_intel - mkl_intel_thread - mkl_core - guide - pthread - m]
--   Library mkl_intel: not found
-- Checking for [mkl_intel - mkl_intel_thread - mkl_core - pthread - m]
--   Library mkl_intel: not found
-- Checking for [mkl_intel - mkl_sequential - mkl_core - m]
--   Library mkl_intel: not found
-- Checking for [mkl_intel - mkl_core - iomp5 - pthread - m]
--   Library mkl_intel: not found
-- Checking for [mkl_intel - mkl_core - guide - pthread - m]
--   Library mkl_intel: not found
-- Checking for [mkl_intel - mkl_core - pthread - m]
--   Library mkl_intel: not found
-- Checking for [mkl - guide - pthread - m]
--   Library mkl: not found
-- MKL library not found
-- Checking for [blis]
--   Library blis: BLAS_blis_LIBRARY-NOTFOUND
-- Checking for [Accelerate]
--   Library Accelerate: BLAS_Accelerate_LIBRARY-NOTFOUND
-- Checking for [vecLib]
--   Library vecLib: BLAS_vecLib_LIBRARY-NOTFOUND
-- Checking for [flexiblas]
--   Library flexiblas: BLAS_flexiblas_LIBRARY-NOTFOUND
-- Checking for [openblas]
--   Library openblas: BLAS_openblas_LIBRARY-NOTFOUND
-- Checking for [openblas - pthread - m]
--   Library openblas: BLAS_openblas_LIBRARY-NOTFOUND
-- Checking for [openblas - pthread - m - gomp]
--   Library openblas: BLAS_openblas_LIBRARY-NOTFOUND
-- Checking for [goto2 - gfortran]
--   Library goto2: BLAS_goto2_LIBRARY-NOTFOUND
-- Checking for [goto2 - gfortran - pthread]
--   Library goto2: BLAS_goto2_LIBRARY-NOTFOUND
-- Checking for [acml - gfortran]
--   Library acml: BLAS_acml_LIBRARY-NOTFOUND
-- Checking for [blis]
--   Library blis: BLAS_blis_LIBRARY-NOTFOUND
-- Could NOT find Atlas (missing: Atlas_CBLAS_INCLUDE_DIR Atlas_CLAPACK_INCLUDE_DIR Atlas_CBLAS_LIBRARY Atlas_BLAS_LIBRARY Atlas_LAPACK_LIBRARY) 
-- Checking for [ptf77blas - atlas - gfortran]
--   Library ptf77blas: BLAS_ptf77blas_LIBRARY-NOTFOUND
-- Checking for []
-- Cannot find a library with BLAS API. Not using BLAS.
-- LAPACK requires BLAS
-- Cannot find a library with LAPACK API. Not using LAPACK.
disabling CUDA because NOT USE_CUDA is set
disabling ROCM because NOT USE_ROCM is set
-- MIOpen not found. Compiling without MIOpen support
disabling MKLDNN because USE_MKLDNN is not set
-- {fmt} version: 11.2.0
-- Build type: Release
CMake Warning (dev) at c10/CMakeLists.txt:52 (add_library):
  ADD_LIBRARY called with SHARED option but the target platform does not
  support dynamic linking.  Building a STATIC library instead.  This may lead
  to problems.
This warning is for project developers.  Use -Wno-dev to suppress it.

-- don't use NUMA
-- Could NOT find Backtrace (missing: Backtrace_LIBRARY Backtrace_INCLUDE_DIR) 
-- headers outputs: 
-- sources outputs: 
-- declarations_yaml outputs: 
-- Using ATen parallel backend: NATIVE
disabling CUDA because USE_CUDA is set false
AT_INSTALL_INCLUDE_DIR include/ATen/core
core header install: /workspace/.torch-build/aten/src/ATen/core/TensorBody.h
core header install: /workspace/.torch-build/aten/src/ATen/core/aten_interned_strings.h
core header install: /workspace/.torch-build/aten/src/ATen/core/enum_tag.h
CMake Warning (dev) at caffe2/CMakeLists.txt:792 (add_library):
  ADD_LIBRARY called with SHARED option but the target platform does not
  support dynamic linking.  Building a STATIC library instead.  This may lead
  to problems.
This warning is for project developers.  Use -Wno-dev to suppress it.

CMake Warning (dev) at caffe2/CMakeLists.txt:919 (add_library):
  ADD_LIBRARY called with SHARED option but the target platform does not
  support dynamic linking.  Building a STATIC library instead.  This may lead
  to problems.
This warning is for project developers.  Use -Wno-dev to suppress it.

CMake Warning (dev) at caffe2/CMakeLists.txt:1709 (add_library):
  ADD_LIBRARY called with SHARED option but the target platform does not
  support dynamic linking.  Building a STATIC library instead.  This may lead
  to problems.
This warning is for project developers.  Use -Wno-dev to suppress it.

CMake Warning at CMakeLists.txt:1266 (message):
  Generated cmake files are only fully tested if one builds with system glog,
  gflags, and protobuf.  Other settings may generate files that are not well
  tested.


-- 
-- ******** Summary ********
-- General:
--   CMake version         : 4.3.4
--   CMake command         : /workspace/.ef-recipes/output/bld/rattler-build_pytorch_1790112934/build_env/bin/cmake
--   System                : Emscripten
--   C++ compiler          : /workspace/.ef-recipes/output/bld/rattler-build_pytorch_1790110990/build_env/opt/emsdk/upstream/emscripten/em++
--   C++ compiler id       : Clang
--   C++ compiler version  : 20.0.0
--   Using ccache if found : ON
--   Found ccache          : CCACHE_PROGRAM-NOTFOUND
--   CXX flags             : -O2 -g0 -fPIC -I/workspace/.ef-recipes/output/bld/rattler-build_pytorch_1790110990/host_env_placehold_placehold_placehold_placehold_placehold_placehold_placehold_placehold_placehold_placehold_placehold_placehold_placehold_placehold_placehold_placehold_placehold_placehold/include -fexceptions -fvisibility-inlines-hidden -DNDEBUG -DSYMBOLICATE_MOBILE_DEBUG_HANDLE -O2 -fPIC -DC10_NODEPRECATED -Wall -Wextra -Werror=return-type -Werror=non-virtual-dtor -Werror=braced-scalar-init -Werror=range-loop-construct -Werror=bool-operation -Wnarrowing -Wno-missing-field-initializers -Wno-unknown-pragmas -Wno-unused-parameter -Wno-strict-overflow -Wno-strict-aliasing -Wvla-extension -Wsuggest-override -Wnewline-eof -Winconsistent-missing-override -Winconsistent-missing-destructor-override -Wno-pass-failed -Wno-error=old-style-cast -Wconstant-conversion -Qunused-arguments -faligned-new -fno-math-errno -fno-trapping-math -Werror=format -Wno-implicit-function-declaration -DEMSCRIPTEN -s DISABLE_EXCEPTION_CATCHING=0
--   Shared LD flags       : -O2 -g0 -s WASM=1 -sWASM_BIGINT -L/workspace/.ef-recipes/output/bld/rattler-build_pytorch_1790110990/host_env_placehold_placehold_placehold_placehold_placehold_placehold_placehold_placehold_placehold_placehold_placehold_placehold_placehold_placehold_placehold_placehold_placehold_placehold/lib -s SIDE_MODULE=1 -O2 -g0 -s WASM=1 -sWASM_BIGINT -L/workspace/.ef-recipes/output/bld/rattler-build_pytorch_1790110990/host_env_placehold_placehold_placehold_placehold_placehold_placehold_placehold_placehold_placehold_placehold_placehold_placehold_placehold_placehold_placehold_placehold_placehold_placehold/lib -s SIDE_MODULE=1 -fexceptions -rdynamic
--   Static LD flags       : 
--   Module LD flags       : -O2 -g0 -s WASM=1 -sWASM_BIGINT -L/workspace/.ef-recipes/output/bld/rattler-build_pytorch_1790110990/host_env_placehold_placehold_placehold_placehold_placehold_placehold_placehold_placehold_placehold_placehold_placehold_placehold_placehold_placehold_placehold_placehold_placehold_placehold/lib -s SIDE_MODULE=1 -O2 -g0 -s WASM=1 -sWASM_BIGINT -L/workspace/.ef-recipes/output/bld/rattler-build_pytorch_1790110990/host_env_placehold_placehold_placehold_placehold_placehold_placehold_placehold_placehold_placehold_placehold_placehold_placehold_placehold_placehold_placehold_placehold_placehold_placehold/lib -s SIDE_MODULE=1 -fexceptions
--   Build type            : Release
--   Compile definitions   : ONNX_ML=1;ONNXIFI_ENABLE_EXT=1;ONNX_NAMESPACE=onnx_torch;HAVE_MMAP=1;_FILE_OFFSET_BITS=64;HAVE_SHM_OPEN=1;HAVE_SHM_UNLINK=1;HAVE_MALLOC_USABLE_SIZE=1;USE_EXTERNAL_MZCRC;MINIZ_DISABLE_ZIP_READER_CRC32_CHECKS
--   CMAKE_PREFIX_PATH     : /workspace/.ef-recipes/output/bld/rattler-build_pytorch_1790112934/host_env_placehold_placehold_placehold_placehold_placehold_placehold_placehold_placehold_placehold_placehold_placehold_placehold_placehold_placehold_placehold_placehold_placehold_placehold
--   CMAKE_INSTALL_PREFIX  : /workspace/.ef-recipes/output/bld/rattler-build_pytorch_1790112934/host_env_placehold_placehold_placehold_placehold_placehold_placehold_placehold_placehold_placehold_placehold_placehold_placehold_placehold_placehold_placehold_placehold_placehold_placehold
--   USE_GOLD_LINKER       : OFF
-- 
--   TORCH_VERSION         : 2.8.0
--   BUILD_STATIC_RUNTIME_BENCHMARK: OFF
--   BUILD_BINARY          : OFF
--   BUILD_CUSTOM_PROTOBUF : ON
--     Link local protobuf : ON
--   BUILD_PYTHON          : OFF
--   BUILD_SHARED_LIBS     : ON
--   CAFFE2_USE_MSVC_STATIC_RUNTIME     : OFF
--   BUILD_TEST            : OFF
--   BUILD_JNI             : OFF
--   BUILD_MOBILE_AUTOGRAD : OFF
--   BUILD_LITE_INTERPRETER: OFF
--   INTERN_BUILD_MOBILE   : 
--   TRACING_BASED         : OFF
--   USE_BLAS              : 0
--   USE_LAPACK            : 0
--   USE_ASAN              : OFF
--   USE_TSAN              : OFF
--   USE_CPP_CODE_COVERAGE : OFF
--   USE_CUDA              : OFF
--   USE_XPU               : OFF
--   USE_ROCM              : OFF
--   BUILD_NVFUSER         : 
--   USE_EIGEN_FOR_BLAS    : ON
--   USE_FBGEMM            : OFF
--     USE_FAKELOWP          : OFF
--   USE_KINETO            : OFF
--   USE_GFLAGS            : OFF
--   USE_GLOG              : OFF
--   USE_LITE_PROTO        : ON
--   USE_PYTORCH_METAL     : OFF
--   USE_PYTORCH_METAL_EXPORT     : OFF
--   USE_MPS               : OFF
--   CAN_COMPILE_METAL     : 
--   USE_MKL               : OFF
--   USE_MKLDNN            : OFF
--   USE_UCC               : OFF
--   USE_ITT               : OFF
--   USE_XCCL              : OFF
--   USE_NCCL              : OFF
--   USE_NNPACK            : OFF
--   USE_NUMPY             : OFF
--   USE_OBSERVERS         : OFF
--   USE_OPENCL            : OFF
--   USE_OPENMP            : OFF
--   USE_MIMALLOC          : OFF
--   USE_VULKAN            : OFF
--   USE_PROF              : OFF
--   USE_PYTORCH_QNNPACK   : OFF
--   USE_XNNPACK           : OFF
--   USE_DISTRIBUTED       : OFF
--   Public Dependencies  : 
--   Private Dependencies : Threads::Threads;cpuinfo;fp16;rt;fmt::fmt-header-only;dl
--   Public CUDA Deps.    : 
--   Private CUDA Deps.   : 
--   USE_COREML_DELEGATE     : OFF
--   BUILD_LAZY_TS_BACKEND   : ON
--   USE_ROCM_KERNEL_ASSERT : OFF
CMake Warning (dev) at functorch/CMakeLists.txt:11 (add_library):
  ADD_LIBRARY called with MODULE option but the target platform does not
  support dynamic linking.  Building a STATIC library instead.  This may lead
  to problems.
This warning is for project developers.  Use -Wno-dev to suppress it.

-- Configuring done (3.8s)
-- Generating done (0.4s)
CMake Warning:
  Manually-specified variables were not used by the project:

    PYTHON_EXECUTABLE


-- Build files have been written to: /workspace/.torch-build
CONFIGURE_RC=0
