make: cmake --build /workspace/.torch-build --target torch_cpu -j 4
[1/4] Generating ATen declarations_yaml
[2/4] Generating ATen headers
[3/4] Generating ATen sources
[1/179] Running gen_proto.py on onnx/onnx.in.proto
Processing /workspace/.src/pytorch/third_party/onnx/onnx/onnx.in.proto
Writing /workspace/.torch-build/third_party/onnx/onnx/onnx_onnx_torch-ml.proto
Writing /workspace/.torch-build/third_party/onnx/onnx/onnx_onnx_torch-ml.proto3
Writing /workspace/.torch-build/third_party/onnx/onnx/onnx-ml.pb.h
generating /workspace/.torch-build/third_party/onnx/onnx/onnx_pb.py
[2/179] Running C++ protocol buffer compiler on /workspace/.torch-build/third_party/onnx/onnx/onnx_onnx_torch-ml.proto
[3/179] Running gen_proto.py on onnx/onnx-operators.in.proto
Processing /workspace/.src/pytorch/third_party/onnx/onnx/onnx-operators.in.proto
Writing /workspace/.torch-build/third_party/onnx/onnx/onnx-operators_onnx_torch-ml.proto
Writing /workspace/.torch-build/third_party/onnx/onnx/onnx-operators_onnx_torch-ml.proto3
Writing /workspace/.torch-build/third_party/onnx/onnx/onnx-operators-ml.pb.h
generating /workspace/.torch-build/third_party/onnx/onnx/onnx_operators_pb.py
[4/179] Running gen_proto.py on onnx/onnx-data.in.proto
Processing /workspace/.src/pytorch/third_party/onnx/onnx/onnx-data.in.proto
Writing /workspace/.torch-build/third_party/onnx/onnx/onnx-data_onnx_torch.proto
Writing /workspace/.torch-build/third_party/onnx/onnx/onnx-data_onnx_torch.proto3
Writing /workspace/.torch-build/third_party/onnx/onnx/onnx-data.pb.h
generating /workspace/.torch-build/third_party/onnx/onnx/onnx_data_pb.py
[5/179] Building CXX object third_party/protobuf/cmake/CMakeFiles/libprotobuf-lite.dir/__/src/google/protobuf/arena.cc.o
[6/179] Building CXX object third_party/protobuf/cmake/CMakeFiles/libprotobuf-lite.dir/__/src/google/protobuf/generated_enum_util.cc.o
[7/179] Building CXX object third_party/protobuf/cmake/CMakeFiles/libprotobuf-lite.dir/__/src/google/protobuf/any_lite.cc.o
[8/179] Building CXX object third_party/protobuf/cmake/CMakeFiles/libprotobuf-lite.dir/__/src/google/protobuf/implicit_weak_message.cc.o
[9/179] Building CXX object third_party/protobuf/cmake/CMakeFiles/libprotobuf-lite.dir/__/src/google/protobuf/extension_set.cc.o
shared:INFO: old sanity: 3.1.73|/workspace/.ef-recipes/output/bld/rattler-build_pytorch_1790111392/build_env/bin
shared:INFO: new sanity: 3.1.73|/workspace/.ef-recipes/output/bld/rattler-build_pytorch_1790112934/build_env/bin
shared:INFO: (Emscripten: config changed, clearing cache)
shared:INFO: (Emscripten: Running sanity checks)
cache:INFO: generating system headers: sysroot_install.stamp... (this will be cached in "/workspace/.ef-recipes/output/bld/rattler-build_pytorch_1790110990/build_env/opt/emsdk/upstream/emscripten/cache/sysroot_install.stamp" for subsequent builds)
cache:INFO:  - ok
[10/179] Building CXX object third_party/protobuf/cmake/CMakeFiles/libprotobuf-lite.dir/__/src/google/protobuf/generated_message_table_driven_lite.cc.o
[11/179] Building CXX object third_party/protobuf/cmake/CMakeFiles/libprotobuf-lite.dir/__/src/google/protobuf/generated_message_util.cc.o
[12/179] Building CXX object third_party/protobuf/cmake/CMakeFiles/libprotobuf-lite.dir/__/src/google/protobuf/io/strtod.cc.o
[13/179] Building CXX object third_party/protobuf/cmake/CMakeFiles/libprotobuf-lite.dir/__/src/google/protobuf/io/coded_stream.cc.o
[14/179] Building CXX object third_party/protobuf/cmake/CMakeFiles/libprotobuf-lite.dir/__/src/google/protobuf/io/zero_copy_stream.cc.o
[15/179] Building CXX object third_party/protobuf/cmake/CMakeFiles/libprotobuf-lite.dir/__/src/google/protobuf/io/zero_copy_stream_impl.cc.o
[16/179] Building CXX object third_party/protobuf/cmake/CMakeFiles/libprotobuf-lite.dir/__/src/google/protobuf/io/zero_copy_stream_impl_lite.cc.o
[17/179] Building CXX object third_party/protobuf/cmake/CMakeFiles/libprotobuf-lite.dir/__/src/google/protobuf/message_lite.cc.o
[18/179] Building CXX object third_party/protobuf/cmake/CMakeFiles/libprotobuf-lite.dir/__/src/google/protobuf/stubs/bytestream.cc.o
[19/179] Building CXX object third_party/protobuf/cmake/CMakeFiles/libprotobuf-lite.dir/__/src/google/protobuf/parse_context.cc.o
[20/179] Building CXX object third_party/protobuf/cmake/CMakeFiles/libprotobuf-lite.dir/__/src/google/protobuf/stubs/common.cc.o
[21/179] Building CXX object third_party/protobuf/cmake/CMakeFiles/libprotobuf-lite.dir/__/src/google/protobuf/repeated_field.cc.o
[22/179] Running C++ protocol buffer compiler on /workspace/.torch-build/third_party/onnx/onnx/onnx-operators_onnx_torch-ml.proto
[23/179] Running C++ protocol buffer compiler on /workspace/.torch-build/third_party/onnx/onnx/onnx-data_onnx_torch.proto
[24/179] Building CXX object third_party/protobuf/cmake/CMakeFiles/libprotobuf-lite.dir/__/src/google/protobuf/stubs/int128.cc.o
[25/179] Building CXX object third_party/protobuf/cmake/CMakeFiles/libprotobuf-lite.dir/__/src/google/protobuf/stubs/status.cc.o
[26/179] Building CXX object third_party/protobuf/cmake/CMakeFiles/libprotobuf-lite.dir/__/src/google/protobuf/stubs/statusor.cc.o
[27/179] Linking CXX static library lib/libprotobuf-lite.a
[28/179] Linking C static library lib/libcpuinfo.a
[29/179] Building CXX object third_party/onnx/CMakeFiles/onnx_proto.dir/onnx/onnx-operators_onnx_torch-ml.pb.cc.o
[30/179] Building CXX object third_party/onnx/CMakeFiles/onnx_proto.dir/onnx/onnx-data_onnx_torch.pb.cc.o
[31/179] Building CXX object third_party/onnx/CMakeFiles/onnx.dir/onnx/common/model_helpers.cc.o
[32/179] Building CXX object third_party/onnx/CMakeFiles/onnx.dir/onnx/checker.cc.o
[33/179] Building CXX object third_party/onnx/CMakeFiles/onnx_proto.dir/onnx/onnx_onnx_torch-ml.pb.cc.o
[34/179] Linking CXX static library lib/libonnx_proto.a
[35/179] Building CXX object third_party/onnx/CMakeFiles/onnx.dir/onnx/defs/attr_proto_util.cc.o
[36/179] Building CXX object third_party/onnx/CMakeFiles/onnx.dir/onnx/common/ir_pb_converter.cc.o
[37/179] Building CXX object third_party/onnx/CMakeFiles/onnx.dir/onnx/defs/controlflow/defs.cc.o
[38/179] Building CXX object third_party/onnx/CMakeFiles/onnx.dir/onnx/defs/controlflow/utils.cc.o
[39/179] Building CXX object third_party/onnx/CMakeFiles/onnx.dir/onnx/defs/data_type_utils.cc.o
[40/179] Building CXX object third_party/onnx/CMakeFiles/onnx.dir/onnx/defs/controlflow/old.cc.o
[41/179] Building CXX object third_party/onnx/CMakeFiles/onnx.dir/onnx/defs/function.cc.o
[42/179] Building CXX object third_party/onnx/CMakeFiles/onnx.dir/onnx/defs/generator/utils.cc.o
[43/179] Building CXX object third_party/onnx/CMakeFiles/onnx.dir/onnx/defs/generator/defs.cc.o
[44/179] Building CXX object third_party/onnx/CMakeFiles/onnx.dir/onnx/defs/generator/old.cc.o
[45/179] Building CXX object third_party/onnx/CMakeFiles/onnx.dir/onnx/defs/image/defs.cc.o
[46/179] Building CXX object third_party/onnx/CMakeFiles/onnx.dir/onnx/defs/logical/defs.cc.o
[47/179] Building CXX object third_party/onnx/CMakeFiles/onnx.dir/onnx/defs/logical/old.cc.o
[48/179] Building CXX object third_party/onnx/CMakeFiles/onnx.dir/onnx/defs/math/utils.cc.o
[49/179] Building CXX object third_party/onnx/CMakeFiles/onnx.dir/onnx/defs/math/defs.cc.o
[50/179] Building CXX object third_party/onnx/CMakeFiles/onnx.dir/onnx/defs/math/old.cc.o
[51/179] Building CXX object third_party/onnx/CMakeFiles/onnx.dir/onnx/defs/object_detection/defs.cc.o
[52/179] Building CXX object third_party/onnx/CMakeFiles/onnx.dir/onnx/defs/nn/defs.cc.o
[53/179] Building CXX object third_party/onnx/CMakeFiles/onnx.dir/onnx/defs/object_detection/old.cc.o
[54/179] Building CXX object third_party/onnx/CMakeFiles/onnx.dir/onnx/defs/nn/old.cc.o
[55/179] Building CXX object third_party/onnx/CMakeFiles/onnx.dir/onnx/defs/optional/old.cc.o
[56/179] Building CXX object third_party/onnx/CMakeFiles/onnx.dir/onnx/defs/optional/defs.cc.o
[57/179] Building CXX object third_party/onnx/CMakeFiles/onnx.dir/onnx/defs/printer.cc.o
[58/179] Building CXX object third_party/onnx/CMakeFiles/onnx.dir/onnx/defs/parser.cc.o
[59/179] Building CXX object third_party/onnx/CMakeFiles/onnx.dir/onnx/defs/quantization/defs.cc.o
[60/179] Building CXX object third_party/onnx/CMakeFiles/onnx.dir/onnx/defs/quantization/old.cc.o
[61/179] Building CXX object third_party/onnx/CMakeFiles/onnx.dir/onnx/defs/reduction/defs.cc.o
[62/179] Building CXX object third_party/onnx/CMakeFiles/onnx.dir/onnx/defs/reduction/old.cc.o
[63/179] Building CXX object third_party/onnx/CMakeFiles/onnx.dir/onnx/defs/reduction/utils.cc.o
[64/179] Building CXX object third_party/onnx/CMakeFiles/onnx.dir/onnx/defs/rnn/defs.cc.o
[65/179] Building CXX object third_party/onnx/CMakeFiles/onnx.dir/onnx/defs/rnn/old.cc.o
[66/179] Building CXX object third_party/onnx/CMakeFiles/onnx.dir/onnx/defs/shape_inference.cc.o
[67/179] Building CXX object third_party/onnx/CMakeFiles/onnx.dir/onnx/defs/sequence/defs.cc.o
[68/179] Building CXX object third_party/onnx/CMakeFiles/onnx.dir/onnx/defs/tensor/utils.cc.o
[69/179] Building CXX object third_party/onnx/CMakeFiles/onnx.dir/onnx/defs/schema.cc.o
[70/179] Building CXX object third_party/onnx/CMakeFiles/onnx.dir/onnx/defs/tensor_util.cc.o
[71/179] Building CXX object third_party/onnx/CMakeFiles/onnx.dir/onnx/defs/tensor_proto_util.cc.o
[72/179] Building CXX object third_party/onnx/CMakeFiles/onnx.dir/onnx/defs/tensor/defs.cc.o
[73/179] Building CXX object third_party/onnx/CMakeFiles/onnx.dir/onnx/defs/text/defs.cc.o
[74/179] Building CXX object third_party/onnx/CMakeFiles/onnx.dir/onnx/defs/traditionalml/old.cc.o
[75/179] Building CXX object third_party/onnx/CMakeFiles/onnx.dir/onnx/defs/traditionalml/defs.cc.o
[76/179] Building CXX object third_party/onnx/CMakeFiles/onnx.dir/onnx/defs/training/defs.cc.o
[77/179] Building CXX object third_party/onnx/CMakeFiles/onnx.dir/onnx/defs/tensor/old.cc.o
[78/179] Building CXX object third_party/onnx/CMakeFiles/onnx.dir/onnx/shape_inference/implementation.cc.o
[79/179] Building CXX object third_party/onnx/CMakeFiles/onnx.dir/onnx/version_converter/helper.cc.o
[80/179] Building CXX object third_party/onnx/CMakeFiles/onnx.dir/onnx/inliner/inliner.cc.o
[81/179] Linking CXX static library lib/libc10.a
[82/179] Generating /workspace/.src/pytorch/torch/csrc/autograd/generated/Functions.cpp, /workspace/.src/pytorch/torch/csrc/autograd/generated/ViewFuncs.cpp, /workspace/.src/pytorch/torch/csrc/autograd/generated/VariableType_0.cpp, /workspace/.src/pytorch/torch/csrc/autograd/generated/VariableType_1.cpp, /workspace/.src/pytorch/torch/csrc/autograd/generated/VariableType_2.cpp, /workspace/.src/pytorch/torch/csrc/autograd/generated/VariableType_3.cpp, /workspace/.src/pytorch/torch/csrc/autograd/generated/VariableType_4.cpp, /workspace/.src/pytorch/torch/csrc/autograd/generated/TraceType_0.cpp, /workspace/.src/pytorch/torch/csrc/autograd/generated/TraceType_1.cpp, /workspace/.src/pytorch/torch/csrc/autograd/generated/TraceType_2.cpp, /workspace/.src/pytorch/torch/csrc/autograd/generated/TraceType_3.cpp, /workspace/.src/pytorch/torch/csrc/autograd/generated/TraceType_4.cpp, /workspace/.src/pytorch/torch/csrc/autograd/generated/ADInplaceOrViewType_0.cpp, /workspace/.src/pytorch/torch/csrc/autograd/generated/ADInplaceOrViewType_1.cpp, /workspace/.src/pytorch/torch/csrc/inductor/aoti_torch/generated/c_shim_cpu.cpp, /workspace/.src/pytorch/torch/csrc/lazy/generated/LazyNativeFunctions.cpp, /workspace/.src/pytorch/torch/csrc/lazy/generated/RegisterAutogradLazy.cpp, /workspace/.src/pytorch/torch/csrc/lazy/generated/RegisterLazy.cpp, /workspace/.src/pytorch/torch/csrc/autograd/generated/Functions.h, /workspace/.src/pytorch/torch/csrc/autograd/generated/variable_factories.h, /workspace/.src/pytorch/torch/csrc/autograd/generated/ViewFuncs.h, /workspace/.src/pytorch/torch/csrc/autograd/generated/VariableType.h, /workspace/.src/pytorch/torch/csrc/lazy/generated/LazyIr.h, /workspace/.src/pytorch/torch/csrc/lazy/generated/LazyNonNativeIr.h, /workspace/.src/pytorch/torch/csrc/lazy/generated/LazyNativeFunctions.h, /workspace/.src/pytorch/torch/csrc/autograd/generated/python_functions_0.cpp, /workspace/.src/pytorch/torch/csrc/autograd/generated/python_functions_1.cpp, /workspace/.src/pytorch/torch/csrc/autograd/generated/python_functions_2.cpp, /workspace/.src/pytorch/torch/csrc/autograd/generated/python_functions_3.cpp, /workspace/.src/pytorch/torch/csrc/autograd/generated/python_functions_4.cpp, /workspace/.src/pytorch/torch/csrc/autograd/generated/python_variable_methods.cpp, /workspace/.src/pytorch/torch/csrc/autograd/generated/python_torch_functions_0.cpp, /workspace/.src/pytorch/torch/csrc/autograd/generated/python_torch_functions_1.cpp, /workspace/.src/pytorch/torch/csrc/autograd/generated/python_torch_functions_2.cpp, /workspace/.src/pytorch/torch/csrc/autograd/generated/python_nn_functions.cpp, /workspace/.src/pytorch/torch/csrc/autograd/generated/python_fft_functions.cpp, /workspace/.src/pytorch/torch/csrc/autograd/generated/python_linalg_functions.cpp, /workspace/.src/pytorch/torch/csrc/autograd/generated/python_nested_functions.cpp, /workspace/.src/pytorch/torch/csrc/autograd/generated/python_sparse_functions.cpp, /workspace/.src/pytorch/torch/csrc/autograd/generated/python_special_functions.cpp, /workspace/.src/pytorch/torch/csrc/autograd/generated/python_return_types.cpp, /workspace/.src/pytorch/torch/csrc/autograd/generated/python_enum_tag.cpp, /workspace/.src/pytorch/torch/csrc/autograd/generated/python_functions.h, /workspace/.src/pytorch/torch/csrc/autograd/generated/python_return_types.h, /workspace/.src/pytorch/torch/testing/_internal/generated/annotated_fn_args.py, /workspace/.src/pytorch/torch/csrc/inductor/aoti_torch/generated/c_shim_cuda.cpp
[83/90] Building CXX object third_party/onnx/CMakeFiles/onnx.dir/onnx/version_converter/convert.cc.o
[84/90] Linking CXX static library lib/libonnx.a
[85/90] Building CXX object caffe2/CMakeFiles/torch_cpu.dir/__/torch/csrc/jit/serialization/onnx.cpp.o
[86/90] Building CXX object caffe2/CMakeFiles/torch_cpu.dir/__/torch/csrc/jit/serialization/export.cpp.o
[87/90] Linking CXX static library lib/libtorch_cpu.a
BUILD_TORCH_CPU_RC=0
