CMake Deprecation Warning at CMakeLists.txt:2 (cmake_minimum_required):
  Compatibility with CMake < 3.5 will be removed from a future version of
  CMake.

  Update the VERSION argument <min> value or use a ...<max> suffix to tell
  CMake that the project does not need compatibility with older versions.


-- The C compiler identification is GNU 13.3.0
-- The CXX compiler identification is GNU 13.3.0
-- Detecting C compiler ABI info
-- Detecting C compiler ABI info - done
-- Check for working C compiler: /usr/bin/gcc - skipped
-- Detecting C compile features
-- Detecting C compile features - done
-- Detecting CXX compiler ABI info
-- Detecting CXX compiler ABI info - done
-- Check for working CXX compiler: /usr/bin/g++ - skipped
-- Detecting CXX compile features
-- Detecting CXX compile features - done
-- 
-- 3.13.0.0
-- Performing Test CMAKE_HAVE_LIBC_PTHREAD
-- Performing Test CMAKE_HAVE_LIBC_PTHREAD - Success
-- Found Threads: TRUE  
-- Found ZLIB: /usr/lib/x86_64-linux-gnu/libz.so (found version "1.3")  
-- Performing Test protobuf_HAVE_BUILTIN_ATOMICS
-- Performing Test protobuf_HAVE_BUILTIN_ATOMICS - Success
-- Configuring done (0.7s)
-- Generating done (0.0s)
-- Build files have been written to: /workspace/.hostprotoc
[  1%] Building CXX object CMakeFiles/libprotobuf.dir/workspace/.src/pytorch/third_party/protobuf/src/google/protobuf/arena.cc.o
[  1%] Building CXX object CMakeFiles/libprotobuf.dir/workspace/.src/pytorch/third_party/protobuf/src/google/protobuf/extension_set.cc.o
[  1%] Building CXX object CMakeFiles/libprotobuf.dir/workspace/.src/pytorch/third_party/protobuf/src/google/protobuf/any_lite.cc.o
[  2%] Building CXX object CMakeFiles/libprotobuf.dir/workspace/.src/pytorch/third_party/protobuf/src/google/protobuf/generated_enum_util.cc.o
[  2%] Building CXX object CMakeFiles/libprotobuf.dir/workspace/.src/pytorch/third_party/protobuf/src/google/protobuf/generated_message_table_driven_lite.cc.o
[  3%] Building CXX object CMakeFiles/libprotobuf.dir/workspace/.src/pytorch/third_party/protobuf/src/google/protobuf/generated_message_util.cc.o
[  3%] Building CXX object CMakeFiles/libprotobuf.dir/workspace/.src/pytorch/third_party/protobuf/src/google/protobuf/implicit_weak_message.cc.o
[  4%] Building CXX object CMakeFiles/libprotobuf.dir/workspace/.src/pytorch/third_party/protobuf/src/google/protobuf/io/coded_stream.cc.o
[  4%] Building CXX object CMakeFiles/libprotobuf.dir/workspace/.src/pytorch/third_party/protobuf/src/google/protobuf/io/io_win32.cc.o
[  5%] Building CXX object CMakeFiles/libprotobuf.dir/workspace/.src/pytorch/third_party/protobuf/src/google/protobuf/io/strtod.cc.o
[  5%] Building CXX object CMakeFiles/libprotobuf.dir/workspace/.src/pytorch/third_party/protobuf/src/google/protobuf/io/zero_copy_stream.cc.o
[  7%] Building CXX object CMakeFiles/libprotobuf.dir/workspace/.src/pytorch/third_party/protobuf/src/google/protobuf/io/zero_copy_stream_impl.cc.o
[  7%] Building CXX object CMakeFiles/libprotobuf.dir/workspace/.src/pytorch/third_party/protobuf/src/google/protobuf/io/zero_copy_stream_impl_lite.cc.o
[  8%] Building CXX object CMakeFiles/libprotobuf.dir/workspace/.src/pytorch/third_party/protobuf/src/google/protobuf/message_lite.cc.o
[  8%] Building CXX object CMakeFiles/libprotobuf.dir/workspace/.src/pytorch/third_party/protobuf/src/google/protobuf/parse_context.cc.o
[  9%] Building CXX object CMakeFiles/libprotobuf.dir/workspace/.src/pytorch/third_party/protobuf/src/google/protobuf/repeated_field.cc.o
[  9%] Building CXX object CMakeFiles/libprotobuf.dir/workspace/.src/pytorch/third_party/protobuf/src/google/protobuf/stubs/bytestream.cc.o
[ 10%] Building CXX object CMakeFiles/libprotobuf.dir/workspace/.src/pytorch/third_party/protobuf/src/google/protobuf/stubs/common.cc.o
In file included from /usr/include/string.h:548,
                 from /workspace/.src/pytorch/third_party/protobuf/src/google/protobuf/stubs/port.h:39,
                 from /workspace/.src/pytorch/third_party/protobuf/src/google/protobuf/stubs/macros.h:34,
                 from /workspace/.src/pytorch/third_party/protobuf/src/google/protobuf/stubs/common.h:46,
                 from /workspace/.src/pytorch/third_party/protobuf/src/google/protobuf/message_lite.h:45,
                 from /workspace/.src/pytorch/third_party/protobuf/src/google/protobuf/message_lite.cc:36:
In function ‘void* memcpy(void*, const void*, size_t)’,
    inlined from ‘google::protobuf::uint8* google::protobuf::io::EpsCopyOutputStream::WriteRaw(const void*, int, google::protobuf::uint8*)’ at /workspace/.src/pytorch/third_party/protobuf/src/google/protobuf/io/coded_stream.h:699:16,
    inlined from ‘virtual google::protobuf::uint8* google::protobuf::internal::ImplicitWeakMessage::_InternalSerialize(google::protobuf::uint8*, google::protobuf::io::EpsCopyOutputStream*) const’ at /workspace/.src/pytorch/third_party/protobuf/src/google/protobuf/implicit_weak_message.h:85:28,
    inlined from ‘bool google::protobuf::MessageLite::SerializePartialToZeroCopyStream(google::protobuf::io::ZeroCopyOutputStream*) const’ at /workspace/.src/pytorch/third_party/protobuf/src/google/protobuf/message_lite.cc:419:30:
/usr/include/x86_64-linux-gnu/bits/string_fortified.h:29:33: warning: ‘void* __builtin___memcpy_chk(void*, const void*, long unsigned int, long unsigned int)’ specified size between 18446744071562067968 and 18446744073709551615 exceeds maximum object size 9223372036854775807 [-Wstringop-overflow=]
   29 |   return __builtin___memcpy_chk (__dest, __src, __len,
      |          ~~~~~~~~~~~~~~~~~~~~~~~^~~~~~~~~~~~~~~~~~~~~~
   30 |                                  __glibc_objsize0 (__dest));
      |                                  ~~~~~~~~~~~~~~~~~~~~~~~~~~
[ 10%] Building CXX object CMakeFiles/libprotobuf.dir/workspace/.src/pytorch/third_party/protobuf/src/google/protobuf/stubs/int128.cc.o
In file included from /usr/include/string.h:548,
                 from /workspace/.src/pytorch/third_party/protobuf/src/google/protobuf/stubs/port.h:39,
                 from /workspace/.src/pytorch/third_party/protobuf/src/google/protobuf/stubs/macros.h:34,
                 from /workspace/.src/pytorch/third_party/protobuf/src/google/protobuf/stubs/logging.h:34,
                 from /workspace/.src/pytorch/third_party/protobuf/src/google/protobuf/repeated_field.h:60,
                 from /workspace/.src/pytorch/third_party/protobuf/src/google/protobuf/repeated_field.cc:35:
In function ‘void* memcpy(void*, const void*, size_t)’,
    inlined from ‘void google::protobuf::internal::ElementCopier<Element, true>::operator()(Element*, const Element*, int) [with Element = bool]’ at /workspace/.src/pytorch/third_party/protobuf/src/google/protobuf/repeated_field.h:1641:11,
    inlined from ‘void google::protobuf::RepeatedField<Element>::CopyArray(Element*, const Element*, int) [with Element = bool]’ at /workspace/.src/pytorch/third_party/protobuf/src/google/protobuf/repeated_field.h:1626:37,
    inlined from ‘void google::protobuf::RepeatedField<Element>::MoveArray(Element*, Element*, int) [with Element = bool]’ at /workspace/.src/pytorch/third_party/protobuf/src/google/protobuf/repeated_field.h:1620:12,
    inlined from ‘void google::protobuf::RepeatedField<Element>::Reserve(int) [with Element = bool]’ at /workspace/.src/pytorch/third_party/protobuf/src/google/protobuf/repeated_field.h:1601:14,
    inlined from ‘google::protobuf::RepeatedField<Element>::RepeatedField(const google::protobuf::RepeatedField<Element>&) [with Element = bool]’ at /workspace/.src/pytorch/third_party/protobuf/src/google/protobuf/repeated_field.h:1196:12:
/usr/include/x86_64-linux-gnu/bits/string_fortified.h:29:33: warning: ‘void* __builtin_memcpy(void*, const void*, long unsigned int)’ reading between 1 and 2147483647 bytes from a region of size 0 [-Wstringop-overread]
   29 |   return __builtin___memcpy_chk (__dest, __src, __len,
      |          ~~~~~~~~~~~~~~~~~~~~~~~^~~~~~~~~~~~~~~~~~~~~~
   30 |                                  __glibc_objsize0 (__dest));
      |                                  ~~~~~~~~~~~~~~~~~~~~~~~~~~
In copy constructor ‘google::protobuf::RepeatedField<Element>::RepeatedField(const google::protobuf::RepeatedField<Element>&) [with Element = bool]’:
cc1plus: note: source object is likely at address zero
[ 11%] Building CXX object CMakeFiles/libprotobuf.dir/workspace/.src/pytorch/third_party/protobuf/src/google/protobuf/stubs/status.cc.o
In function ‘void* memcpy(void*, const void*, size_t)’,
    inlined from ‘void google::protobuf::internal::ElementCopier<Element, true>::operator()(Element*, const Element*, int) [with Element = int]’ at /workspace/.src/pytorch/third_party/protobuf/src/google/protobuf/repeated_field.h:1641:11,
    inlined from ‘void google::protobuf::RepeatedField<Element>::CopyArray(Element*, const Element*, int) [with Element = int]’ at /workspace/.src/pytorch/third_party/protobuf/src/google/protobuf/repeated_field.h:1626:37,
    inlined from ‘void google::protobuf::RepeatedField<Element>::MoveArray(Element*, Element*, int) [with Element = int]’ at /workspace/.src/pytorch/third_party/protobuf/src/google/protobuf/repeated_field.h:1620:12,
    inlined from ‘void google::protobuf::RepeatedField<Element>::Reserve(int) [with Element = int]’ at /workspace/.src/pytorch/third_party/protobuf/src/google/protobuf/repeated_field.h:1601:14,
    inlined from ‘google::protobuf::RepeatedField<Element>::RepeatedField(const google::protobuf::RepeatedField<Element>&) [with Element = int]’ at /workspace/.src/pytorch/third_party/protobuf/src/google/protobuf/repeated_field.h:1196:12:
/usr/include/x86_64-linux-gnu/bits/string_fortified.h:29:33: warning: ‘void* __builtin_memcpy(void*, const void*, long unsigned int)’ reading between 4 and 8589934588 bytes from a region of size 0 [-Wstringop-overread]
   29 |   return __builtin___memcpy_chk (__dest, __src, __len,
      |          ~~~~~~~~~~~~~~~~~~~~~~~^~~~~~~~~~~~~~~~~~~~~~
   30 |                                  __glibc_objsize0 (__dest));
      |                                  ~~~~~~~~~~~~~~~~~~~~~~~~~~
In copy constructor ‘google::protobuf::RepeatedField<Element>::RepeatedField(const google::protobuf::RepeatedField<Element>&) [with Element = int]’:
cc1plus: note: source object is likely at address zero
[ 11%] Building CXX object CMakeFiles/libprotobuf.dir/workspace/.src/pytorch/third_party/protobuf/src/google/protobuf/stubs/statusor.cc.o
In function ‘void* memcpy(void*, const void*, size_t)’,
    inlined from ‘void google::protobuf::internal::ElementCopier<Element, true>::operator()(Element*, const Element*, int) [with Element = unsigned int]’ at /workspace/.src/pytorch/third_party/protobuf/src/google/protobuf/repeated_field.h:1641:11,
    inlined from ‘void google::protobuf::RepeatedField<Element>::CopyArray(Element*, const Element*, int) [with Element = unsigned int]’ at /workspace/.src/pytorch/third_party/protobuf/src/google/protobuf/repeated_field.h:1626:37,
    inlined from ‘void google::protobuf::RepeatedField<Element>::MoveArray(Element*, Element*, int) [with Element = unsigned int]’ at /workspace/.src/pytorch/third_party/protobuf/src/google/protobuf/repeated_field.h:1620:12,
    inlined from ‘void google::protobuf::RepeatedField<Element>::Reserve(int) [with Element = unsigned int]’ at /workspace/.src/pytorch/third_party/protobuf/src/google/protobuf/repeated_field.h:1601:14,
    inlined from ‘google::protobuf::RepeatedField<Element>::RepeatedField(const google::protobuf::RepeatedField<Element>&) [with Element = unsigned int]’ at /workspace/.src/pytorch/third_party/protobuf/src/google/protobuf/repeated_field.h:1196:12:
/usr/include/x86_64-linux-gnu/bits/string_fortified.h:29:33: warning: ‘void* __builtin_memcpy(void*, const void*, long unsigned int)’ reading between 4 and 8589934588 bytes from a region of size 0 [-Wstringop-overread]
   29 |   return __builtin___memcpy_chk (__dest, __src, __len,
      |          ~~~~~~~~~~~~~~~~~~~~~~~^~~~~~~~~~~~~~~~~~~~~~
   30 |                                  __glibc_objsize0 (__dest));
      |                                  ~~~~~~~~~~~~~~~~~~~~~~~~~~
In copy constructor ‘google::protobuf::RepeatedField<Element>::RepeatedField(const google::protobuf::RepeatedField<Element>&) [with Element = unsigned int]’:
cc1plus: note: source object is likely at address zero
In function ‘void* memcpy(void*, const void*, size_t)’,
    inlined from ‘void google::protobuf::internal::ElementCopier<Element, true>::operator()(Element*, const Element*, int) [with Element = long int]’ at /workspace/.src/pytorch/third_party/protobuf/src/google/protobuf/repeated_field.h:1641:11,
    inlined from ‘void google::protobuf::RepeatedField<Element>::CopyArray(Element*, const Element*, int) [with Element = long int]’ at /workspace/.src/pytorch/third_party/protobuf/src/google/protobuf/repeated_field.h:1626:37,
    inlined from ‘void google::protobuf::RepeatedField<Element>::MoveArray(Element*, Element*, int) [with Element = long int]’ at /workspace/.src/pytorch/third_party/protobuf/src/google/protobuf/repeated_field.h:1620:12,
    inlined from ‘void google::protobuf::RepeatedField<Element>::Reserve(int) [with Element = long int]’ at /workspace/.src/pytorch/third_party/protobuf/src/google/protobuf/repeated_field.h:1601:14,
    inlined from ‘google::protobuf::RepeatedField<Element>::RepeatedField(const google::protobuf::RepeatedField<Element>&) [with Element = long int]’ at /workspace/.src/pytorch/third_party/protobuf/src/google/protobuf/repeated_field.h:1196:12:
/usr/include/x86_64-linux-gnu/bits/string_fortified.h:29:33: warning: ‘void* __builtin_memcpy(void*, const void*, long unsigned int)’ reading between 8 and 17179869176 bytes from a region of size 0 [-Wstringop-overread]
   29 |   return __builtin___memcpy_chk (__dest, __src, __len,
      |          ~~~~~~~~~~~~~~~~~~~~~~~^~~~~~~~~~~~~~~~~~~~~~
   30 |                                  __glibc_objsize0 (__dest));
      |                                  ~~~~~~~~~~~~~~~~~~~~~~~~~~
In copy constructor ‘google::protobuf::RepeatedField<Element>::RepeatedField(const google::protobuf::RepeatedField<Element>&) [with Element = long int]’:
cc1plus: note: source object is likely at address zero
[ 12%] Building CXX object CMakeFiles/libprotobuf.dir/workspace/.src/pytorch/third_party/protobuf/src/google/protobuf/stubs/stringpiece.cc.o
In function ‘void* memcpy(void*, const void*, size_t)’,
    inlined from ‘void google::protobuf::internal::ElementCopier<Element, true>::operator()(Element*, const Element*, int) [with Element = long unsigned int]’ at /workspace/.src/pytorch/third_party/protobuf/src/google/protobuf/repeated_field.h:1641:11,
    inlined from ‘void google::protobuf::RepeatedField<Element>::CopyArray(Element*, const Element*, int) [with Element = long unsigned int]’ at /workspace/.src/pytorch/third_party/protobuf/src/google/protobuf/repeated_field.h:1626:37,
    inlined from ‘void google::protobuf::RepeatedField<Element>::MoveArray(Element*, Element*, int) [with Element = long unsigned int]’ at /workspace/.src/pytorch/third_party/protobuf/src/google/protobuf/repeated_field.h:1620:12,
    inlined from ‘void google::protobuf::RepeatedField<Element>::Reserve(int) [with Element = long unsigned int]’ at /workspace/.src/pytorch/third_party/protobuf/src/google/protobuf/repeated_field.h:1601:14,
    inlined from ‘google::protobuf::RepeatedField<Element>::RepeatedField(const google::protobuf::RepeatedField<Element>&) [with Element = long unsigned int]’ at /workspace/.src/pytorch/third_party/protobuf/src/google/protobuf/repeated_field.h:1196:12:
/usr/include/x86_64-linux-gnu/bits/string_fortified.h:29:33: warning: ‘void* __builtin_memcpy(void*, const void*, long unsigned int)’ reading between 8 and 17179869176 bytes from a region of size 0 [-Wstringop-overread]
   29 |   return __builtin___memcpy_chk (__dest, __src, __len,
      |          ~~~~~~~~~~~~~~~~~~~~~~~^~~~~~~~~~~~~~~~~~~~~~
   30 |                                  __glibc_objsize0 (__dest));
      |                                  ~~~~~~~~~~~~~~~~~~~~~~~~~~
In copy constructor ‘google::protobuf::RepeatedField<Element>::RepeatedField(const google::protobuf::RepeatedField<Element>&) [with Element = long unsigned int]’:
cc1plus: note: source object is likely at address zero
[ 12%] Building CXX object CMakeFiles/libprotobuf.dir/workspace/.src/pytorch/third_party/protobuf/src/google/protobuf/stubs/stringprintf.cc.o
[ 14%] Building CXX object CMakeFiles/libprotobuf.dir/workspace/.src/pytorch/third_party/protobuf/src/google/protobuf/stubs/structurally_valid.cc.o
In function ‘void* memcpy(void*, const void*, size_t)’,
    inlined from ‘void google::protobuf::internal::ElementCopier<Element, true>::operator()(Element*, const Element*, int) [with Element = float]’ at /workspace/.src/pytorch/third_party/protobuf/src/google/protobuf/repeated_field.h:1641:11,
    inlined from ‘void google::protobuf::RepeatedField<Element>::CopyArray(Element*, const Element*, int) [with Element = float]’ at /workspace/.src/pytorch/third_party/protobuf/src/google/protobuf/repeated_field.h:1626:37,
    inlined from ‘void google::protobuf::RepeatedField<Element>::MoveArray(Element*, Element*, int) [with Element = float]’ at /workspace/.src/pytorch/third_party/protobuf/src/google/protobuf/repeated_field.h:1620:12,
    inlined from ‘void google::protobuf::RepeatedField<Element>::Reserve(int) [with Element = float]’ at /workspace/.src/pytorch/third_party/protobuf/src/google/protobuf/repeated_field.h:1601:14,
    inlined from ‘google::protobuf::RepeatedField<Element>::RepeatedField(const google::protobuf::RepeatedField<Element>&) [with Element = float]’ at /workspace/.src/pytorch/third_party/protobuf/src/google/protobuf/repeated_field.h:1196:12:
/usr/include/x86_64-linux-gnu/bits/string_fortified.h:29:33: warning: ‘void* __builtin_memcpy(void*, const void*, long unsigned int)’ reading between 4 and 8589934588 bytes from a region of size 0 [-Wstringop-overread]
   29 |   return __builtin___memcpy_chk (__dest, __src, __len,
      |          ~~~~~~~~~~~~~~~~~~~~~~~^~~~~~~~~~~~~~~~~~~~~~
   30 |                                  __glibc_objsize0 (__dest));
      |                                  ~~~~~~~~~~~~~~~~~~~~~~~~~~
In copy constructor ‘google::protobuf::RepeatedField<Element>::RepeatedField(const google::protobuf::RepeatedField<Element>&) [with Element = float]’:
cc1plus: note: source object is likely at address zero
In function ‘void* memcpy(void*, const void*, size_t)’,
    inlined from ‘void google::protobuf::internal::ElementCopier<Element, true>::operator()(Element*, const Element*, int) [with Element = double]’ at /workspace/.src/pytorch/third_party/protobuf/src/google/protobuf/repeated_field.h:1641:11,
    inlined from ‘void google::protobuf::RepeatedField<Element>::CopyArray(Element*, const Element*, int) [with Element = double]’ at /workspace/.src/pytorch/third_party/protobuf/src/google/protobuf/repeated_field.h:1626:37,
    inlined from ‘void google::protobuf::RepeatedField<Element>::MoveArray(Element*, Element*, int) [with Element = double]’ at /workspace/.src/pytorch/third_party/protobuf/src/google/protobuf/repeated_field.h:1620:12,
    inlined from ‘void google::protobuf::RepeatedField<Element>::Reserve(int) [with Element = double]’ at /workspace/.src/pytorch/third_party/protobuf/src/google/protobuf/repeated_field.h:1601:14,
    inlined from ‘google::protobuf::RepeatedField<Element>::RepeatedField(const google::protobuf::RepeatedField<Element>&) [with Element = double]’ at /workspace/.src/pytorch/third_party/protobuf/src/google/protobuf/repeated_field.h:1196:12:
/usr/include/x86_64-linux-gnu/bits/string_fortified.h:29:33: warning: ‘void* __builtin_memcpy(void*, const void*, long unsigned int)’ reading between 8 and 17179869176 bytes from a region of size 0 [-Wstringop-overread]
   29 |   return __builtin___memcpy_chk (__dest, __src, __len,
      |          ~~~~~~~~~~~~~~~~~~~~~~~^~~~~~~~~~~~~~~~~~~~~~
   30 |                                  __glibc_objsize0 (__dest));
      |                                  ~~~~~~~~~~~~~~~~~~~~~~~~~~
In copy constructor ‘google::protobuf::RepeatedField<Element>::RepeatedField(const google::protobuf::RepeatedField<Element>&) [with Element = double]’:
cc1plus: note: source object is likely at address zero
[ 15%] Building CXX object CMakeFiles/libprotobuf.dir/workspace/.src/pytorch/third_party/protobuf/src/google/protobuf/stubs/strutil.cc.o
[ 15%] Building CXX object CMakeFiles/libprotobuf.dir/workspace/.src/pytorch/third_party/protobuf/src/google/protobuf/stubs/time.cc.o
[ 16%] Building CXX object CMakeFiles/libprotobuf.dir/workspace/.src/pytorch/third_party/protobuf/src/google/protobuf/wire_format_lite.cc.o
[ 16%] Building CXX object CMakeFiles/libprotobuf.dir/workspace/.src/pytorch/third_party/protobuf/src/google/protobuf/any.cc.o
[ 17%] Building CXX object CMakeFiles/libprotobuf.dir/workspace/.src/pytorch/third_party/protobuf/src/google/protobuf/any.pb.cc.o
[ 17%] Building CXX object CMakeFiles/libprotobuf.dir/workspace/.src/pytorch/third_party/protobuf/src/google/protobuf/api.pb.cc.o
[ 18%] Building CXX object CMakeFiles/libprotobuf.dir/workspace/.src/pytorch/third_party/protobuf/src/google/protobuf/compiler/importer.cc.o
[ 18%] Building CXX object CMakeFiles/libprotobuf.dir/workspace/.src/pytorch/third_party/protobuf/src/google/protobuf/compiler/parser.cc.o
[ 20%] Building CXX object CMakeFiles/libprotobuf.dir/workspace/.src/pytorch/third_party/protobuf/src/google/protobuf/descriptor.cc.o
[ 20%] Building CXX object CMakeFiles/libprotobuf.dir/workspace/.src/pytorch/third_party/protobuf/src/google/protobuf/descriptor.pb.cc.o
[ 21%] Building CXX object CMakeFiles/libprotobuf.dir/workspace/.src/pytorch/third_party/protobuf/src/google/protobuf/descriptor_database.cc.o
[ 21%] Building CXX object CMakeFiles/libprotobuf.dir/workspace/.src/pytorch/third_party/protobuf/src/google/protobuf/duration.pb.cc.o
[ 22%] Building CXX object CMakeFiles/libprotobuf.dir/workspace/.src/pytorch/third_party/protobuf/src/google/protobuf/dynamic_message.cc.o
[ 22%] Building CXX object CMakeFiles/libprotobuf.dir/workspace/.src/pytorch/third_party/protobuf/src/google/protobuf/empty.pb.cc.o
[ 23%] Building CXX object CMakeFiles/libprotobuf.dir/workspace/.src/pytorch/third_party/protobuf/src/google/protobuf/extension_set_heavy.cc.o
[ 23%] Building CXX object CMakeFiles/libprotobuf.dir/workspace/.src/pytorch/third_party/protobuf/src/google/protobuf/field_mask.pb.cc.o
[ 24%] Building CXX object CMakeFiles/libprotobuf.dir/workspace/.src/pytorch/third_party/protobuf/src/google/protobuf/generated_message_reflection.cc.o
[ 24%] Building CXX object CMakeFiles/libprotobuf.dir/workspace/.src/pytorch/third_party/protobuf/src/google/protobuf/generated_message_table_driven.cc.o
[ 25%] Building CXX object CMakeFiles/libprotobuf.dir/workspace/.src/pytorch/third_party/protobuf/src/google/protobuf/io/gzip_stream.cc.o
[ 25%] Building CXX object CMakeFiles/libprotobuf.dir/workspace/.src/pytorch/third_party/protobuf/src/google/protobuf/io/printer.cc.o
[ 27%] Building CXX object CMakeFiles/libprotobuf.dir/workspace/.src/pytorch/third_party/protobuf/src/google/protobuf/io/tokenizer.cc.o
[ 27%] Building CXX object CMakeFiles/libprotobuf.dir/workspace/.src/pytorch/third_party/protobuf/src/google/protobuf/map_field.cc.o
[ 28%] Building CXX object CMakeFiles/libprotobuf.dir/workspace/.src/pytorch/third_party/protobuf/src/google/protobuf/message.cc.o
[ 29%] Building CXX object CMakeFiles/libprotobuf.dir/workspace/.src/pytorch/third_party/protobuf/src/google/protobuf/reflection_ops.cc.o
[ 29%] Building CXX object CMakeFiles/libprotobuf.dir/workspace/.src/pytorch/third_party/protobuf/src/google/protobuf/service.cc.o
[ 30%] Building CXX object CMakeFiles/libprotobuf.dir/workspace/.src/pytorch/third_party/protobuf/src/google/protobuf/source_context.pb.cc.o
[ 30%] Building CXX object CMakeFiles/libprotobuf.dir/workspace/.src/pytorch/third_party/protobuf/src/google/protobuf/struct.pb.cc.o
[ 31%] Building CXX object CMakeFiles/libprotobuf.dir/workspace/.src/pytorch/third_party/protobuf/src/google/protobuf/stubs/substitute.cc.o
[ 31%] Building CXX object CMakeFiles/libprotobuf.dir/workspace/.src/pytorch/third_party/protobuf/src/google/protobuf/text_format.cc.o
[ 32%] Building CXX object CMakeFiles/libprotobuf.dir/workspace/.src/pytorch/third_party/protobuf/src/google/protobuf/timestamp.pb.cc.o
[ 32%] Building CXX object CMakeFiles/libprotobuf.dir/workspace/.src/pytorch/third_party/protobuf/src/google/protobuf/type.pb.cc.o
[ 34%] Building CXX object CMakeFiles/libprotobuf.dir/workspace/.src/pytorch/third_party/protobuf/src/google/protobuf/unknown_field_set.cc.o
[ 34%] Building CXX object CMakeFiles/libprotobuf.dir/workspace/.src/pytorch/third_party/protobuf/src/google/protobuf/util/delimited_message_util.cc.o
[ 35%] Building CXX object CMakeFiles/libprotobuf.dir/workspace/.src/pytorch/third_party/protobuf/src/google/protobuf/util/field_comparator.cc.o
[ 35%] Building CXX object CMakeFiles/libprotobuf.dir/workspace/.src/pytorch/third_party/protobuf/src/google/protobuf/util/field_mask_util.cc.o
[ 36%] Building CXX object CMakeFiles/libprotobuf.dir/workspace/.src/pytorch/third_party/protobuf/src/google/protobuf/util/internal/datapiece.cc.o
[ 36%] Building CXX object CMakeFiles/libprotobuf.dir/workspace/.src/pytorch/third_party/protobuf/src/google/protobuf/util/internal/default_value_objectwriter.cc.o
[ 37%] Building CXX object CMakeFiles/libprotobuf.dir/workspace/.src/pytorch/third_party/protobuf/src/google/protobuf/util/internal/error_listener.cc.o
[ 37%] Building CXX object CMakeFiles/libprotobuf.dir/workspace/.src/pytorch/third_party/protobuf/src/google/protobuf/util/internal/field_mask_utility.cc.o
[ 38%] Building CXX object CMakeFiles/libprotobuf.dir/workspace/.src/pytorch/third_party/protobuf/src/google/protobuf/util/internal/json_escaping.cc.o
[ 38%] Building CXX object CMakeFiles/libprotobuf.dir/workspace/.src/pytorch/third_party/protobuf/src/google/protobuf/util/internal/json_objectwriter.cc.o
[ 40%] Building CXX object CMakeFiles/libprotobuf.dir/workspace/.src/pytorch/third_party/protobuf/src/google/protobuf/util/internal/json_stream_parser.cc.o
[ 40%] Building CXX object CMakeFiles/libprotobuf.dir/workspace/.src/pytorch/third_party/protobuf/src/google/protobuf/util/internal/object_writer.cc.o
[ 41%] Building CXX object CMakeFiles/libprotobuf.dir/workspace/.src/pytorch/third_party/protobuf/src/google/protobuf/util/internal/proto_writer.cc.o
[ 41%] Building CXX object CMakeFiles/libprotobuf.dir/workspace/.src/pytorch/third_party/protobuf/src/google/protobuf/util/internal/protostream_objectsource.cc.o
[ 42%] Building CXX object CMakeFiles/libprotobuf.dir/workspace/.src/pytorch/third_party/protobuf/src/google/protobuf/util/internal/protostream_objectwriter.cc.o
[ 42%] Building CXX object CMakeFiles/libprotobuf.dir/workspace/.src/pytorch/third_party/protobuf/src/google/protobuf/util/internal/type_info.cc.o
[ 43%] Building CXX object CMakeFiles/libprotobuf.dir/workspace/.src/pytorch/third_party/protobuf/src/google/protobuf/util/internal/type_info_test_helper.cc.o
[ 44%] Building CXX object CMakeFiles/libprotobuf.dir/workspace/.src/pytorch/third_party/protobuf/src/google/protobuf/util/internal/utility.cc.o
[ 44%] Building CXX object CMakeFiles/libprotobuf.dir/workspace/.src/pytorch/third_party/protobuf/src/google/protobuf/util/json_util.cc.o
[ 45%] Building CXX object CMakeFiles/libprotobuf.dir/workspace/.src/pytorch/third_party/protobuf/src/google/protobuf/util/time_util.cc.o
[ 45%] Building CXX object CMakeFiles/libprotobuf.dir/workspace/.src/pytorch/third_party/protobuf/src/google/protobuf/util/message_differencer.cc.o
[ 47%] Building CXX object CMakeFiles/libprotobuf.dir/workspace/.src/pytorch/third_party/protobuf/src/google/protobuf/util/type_resolver_util.cc.o
[ 47%] Building CXX object CMakeFiles/libprotobuf.dir/workspace/.src/pytorch/third_party/protobuf/src/google/protobuf/wire_format.cc.o
[ 48%] Building CXX object CMakeFiles/libprotobuf.dir/workspace/.src/pytorch/third_party/protobuf/src/google/protobuf/wrappers.pb.cc.o
[ 48%] Linking CXX static library libprotobuf.a
[ 48%] Built target libprotobuf
[ 49%] Building CXX object CMakeFiles/libprotoc.dir/workspace/.src/pytorch/third_party/protobuf/src/google/protobuf/compiler/command_line_interface.cc.o
[ 49%] Building CXX object CMakeFiles/libprotoc.dir/workspace/.src/pytorch/third_party/protobuf/src/google/protobuf/compiler/cpp/cpp_enum.cc.o
[ 49%] Building CXX object CMakeFiles/libprotoc.dir/workspace/.src/pytorch/third_party/protobuf/src/google/protobuf/compiler/code_generator.cc.o
[ 50%] Building CXX object CMakeFiles/libprotoc.dir/workspace/.src/pytorch/third_party/protobuf/src/google/protobuf/compiler/cpp/cpp_enum_field.cc.o
[ 50%] Building CXX object CMakeFiles/libprotoc.dir/workspace/.src/pytorch/third_party/protobuf/src/google/protobuf/compiler/cpp/cpp_extension.cc.o
[ 51%] Building CXX object CMakeFiles/libprotoc.dir/workspace/.src/pytorch/third_party/protobuf/src/google/protobuf/compiler/cpp/cpp_field.cc.o
[ 51%] Building CXX object CMakeFiles/libprotoc.dir/workspace/.src/pytorch/third_party/protobuf/src/google/protobuf/compiler/cpp/cpp_file.cc.o
[ 52%] Building CXX object CMakeFiles/libprotoc.dir/workspace/.src/pytorch/third_party/protobuf/src/google/protobuf/compiler/cpp/cpp_generator.cc.o
[ 52%] Building CXX object CMakeFiles/libprotoc.dir/workspace/.src/pytorch/third_party/protobuf/src/google/protobuf/compiler/cpp/cpp_helpers.cc.o
[ 54%] Building CXX object CMakeFiles/libprotoc.dir/workspace/.src/pytorch/third_party/protobuf/src/google/protobuf/compiler/cpp/cpp_map_field.cc.o
[ 54%] Building CXX object CMakeFiles/libprotoc.dir/workspace/.src/pytorch/third_party/protobuf/src/google/protobuf/compiler/cpp/cpp_message.cc.o
[ 55%] Building CXX object CMakeFiles/libprotoc.dir/workspace/.src/pytorch/third_party/protobuf/src/google/protobuf/compiler/cpp/cpp_message_field.cc.o
[ 56%] Building CXX object CMakeFiles/libprotoc.dir/workspace/.src/pytorch/third_party/protobuf/src/google/protobuf/compiler/cpp/cpp_padding_optimizer.cc.o
[ 56%] Building CXX object CMakeFiles/libprotoc.dir/workspace/.src/pytorch/third_party/protobuf/src/google/protobuf/compiler/cpp/cpp_primitive_field.cc.o
[ 57%] Building CXX object CMakeFiles/libprotoc.dir/workspace/.src/pytorch/third_party/protobuf/src/google/protobuf/compiler/cpp/cpp_service.cc.o
[ 57%] Building CXX object CMakeFiles/libprotoc.dir/workspace/.src/pytorch/third_party/protobuf/src/google/protobuf/compiler/cpp/cpp_string_field.cc.o
[ 58%] Building CXX object CMakeFiles/libprotoc.dir/workspace/.src/pytorch/third_party/protobuf/src/google/protobuf/compiler/csharp/csharp_doc_comment.cc.o
[ 58%] Building CXX object CMakeFiles/libprotoc.dir/workspace/.src/pytorch/third_party/protobuf/src/google/protobuf/compiler/csharp/csharp_enum.cc.o
[ 60%] Building CXX object CMakeFiles/libprotoc.dir/workspace/.src/pytorch/third_party/protobuf/src/google/protobuf/compiler/csharp/csharp_enum_field.cc.o
[ 60%] Building CXX object CMakeFiles/libprotoc.dir/workspace/.src/pytorch/third_party/protobuf/src/google/protobuf/compiler/csharp/csharp_field_base.cc.o
[ 61%] Building CXX object CMakeFiles/libprotoc.dir/workspace/.src/pytorch/third_party/protobuf/src/google/protobuf/compiler/csharp/csharp_generator.cc.o
[ 61%] Building CXX object CMakeFiles/libprotoc.dir/workspace/.src/pytorch/third_party/protobuf/src/google/protobuf/compiler/csharp/csharp_helpers.cc.o
[ 62%] Building CXX object CMakeFiles/libprotoc.dir/workspace/.src/pytorch/third_party/protobuf/src/google/protobuf/compiler/csharp/csharp_map_field.cc.o
[ 62%] Building CXX object CMakeFiles/libprotoc.dir/workspace/.src/pytorch/third_party/protobuf/src/google/protobuf/compiler/csharp/csharp_message.cc.o
[ 63%] Building CXX object CMakeFiles/libprotoc.dir/workspace/.src/pytorch/third_party/protobuf/src/google/protobuf/compiler/csharp/csharp_message_field.cc.o
[ 63%] Building CXX object CMakeFiles/libprotoc.dir/workspace/.src/pytorch/third_party/protobuf/src/google/protobuf/compiler/csharp/csharp_primitive_field.cc.o
[ 64%] Building CXX object CMakeFiles/libprotoc.dir/workspace/.src/pytorch/third_party/protobuf/src/google/protobuf/compiler/csharp/csharp_reflection_class.cc.o
[ 64%] Building CXX object CMakeFiles/libprotoc.dir/workspace/.src/pytorch/third_party/protobuf/src/google/protobuf/compiler/csharp/csharp_repeated_enum_field.cc.o
[ 65%] Building CXX object CMakeFiles/libprotoc.dir/workspace/.src/pytorch/third_party/protobuf/src/google/protobuf/compiler/csharp/csharp_repeated_message_field.cc.o
[ 65%] Building CXX object CMakeFiles/libprotoc.dir/workspace/.src/pytorch/third_party/protobuf/src/google/protobuf/compiler/csharp/csharp_repeated_primitive_field.cc.o
[ 67%] Building CXX object CMakeFiles/libprotoc.dir/workspace/.src/pytorch/third_party/protobuf/src/google/protobuf/compiler/csharp/csharp_source_generator_base.cc.o
[ 67%] Building CXX object CMakeFiles/libprotoc.dir/workspace/.src/pytorch/third_party/protobuf/src/google/protobuf/compiler/csharp/csharp_wrapper_field.cc.o
[ 68%] Building CXX object CMakeFiles/libprotoc.dir/workspace/.src/pytorch/third_party/protobuf/src/google/protobuf/compiler/java/java_context.cc.o
[ 68%] Building CXX object CMakeFiles/libprotoc.dir/workspace/.src/pytorch/third_party/protobuf/src/google/protobuf/compiler/java/java_doc_comment.cc.o
[ 69%] Building CXX object CMakeFiles/libprotoc.dir/workspace/.src/pytorch/third_party/protobuf/src/google/protobuf/compiler/java/java_enum.cc.o
[ 70%] Building CXX object CMakeFiles/libprotoc.dir/workspace/.src/pytorch/third_party/protobuf/src/google/protobuf/compiler/java/java_enum_field.cc.o
[ 70%] Building CXX object CMakeFiles/libprotoc.dir/workspace/.src/pytorch/third_party/protobuf/src/google/protobuf/compiler/java/java_enum_field_lite.cc.o
[ 71%] Building CXX object CMakeFiles/libprotoc.dir/workspace/.src/pytorch/third_party/protobuf/src/google/protobuf/compiler/java/java_enum_lite.cc.o
[ 71%] Building CXX object CMakeFiles/libprotoc.dir/workspace/.src/pytorch/third_party/protobuf/src/google/protobuf/compiler/java/java_extension.cc.o
[ 72%] Building CXX object CMakeFiles/libprotoc.dir/workspace/.src/pytorch/third_party/protobuf/src/google/protobuf/compiler/java/java_extension_lite.cc.o
[ 72%] Building CXX object CMakeFiles/libprotoc.dir/workspace/.src/pytorch/third_party/protobuf/src/google/protobuf/compiler/java/java_field.cc.o
[ 74%] Building CXX object CMakeFiles/libprotoc.dir/workspace/.src/pytorch/third_party/protobuf/src/google/protobuf/compiler/java/java_file.cc.o
[ 74%] Building CXX object CMakeFiles/libprotoc.dir/workspace/.src/pytorch/third_party/protobuf/src/google/protobuf/compiler/java/java_generator.cc.o
[ 75%] Building CXX object CMakeFiles/libprotoc.dir/workspace/.src/pytorch/third_party/protobuf/src/google/protobuf/compiler/java/java_generator_factory.cc.o
[ 75%] Building CXX object CMakeFiles/libprotoc.dir/workspace/.src/pytorch/third_party/protobuf/src/google/protobuf/compiler/java/java_helpers.cc.o
[ 76%] Building CXX object CMakeFiles/libprotoc.dir/workspace/.src/pytorch/third_party/protobuf/src/google/protobuf/compiler/java/java_map_field.cc.o
[ 76%] Building CXX object CMakeFiles/libprotoc.dir/workspace/.src/pytorch/third_party/protobuf/src/google/protobuf/compiler/java/java_map_field_lite.cc.o
[ 77%] Building CXX object CMakeFiles/libprotoc.dir/workspace/.src/pytorch/third_party/protobuf/src/google/protobuf/compiler/java/java_message.cc.o
[ 77%] Building CXX object CMakeFiles/libprotoc.dir/workspace/.src/pytorch/third_party/protobuf/src/google/protobuf/compiler/java/java_message_builder.cc.o
[ 78%] Building CXX object CMakeFiles/libprotoc.dir/workspace/.src/pytorch/third_party/protobuf/src/google/protobuf/compiler/java/java_message_builder_lite.cc.o
[ 78%] Building CXX object CMakeFiles/libprotoc.dir/workspace/.src/pytorch/third_party/protobuf/src/google/protobuf/compiler/java/java_message_field.cc.o
[ 80%] Building CXX object CMakeFiles/libprotoc.dir/workspace/.src/pytorch/third_party/protobuf/src/google/protobuf/compiler/java/java_message_field_lite.cc.o
[ 80%] Building CXX object CMakeFiles/libprotoc.dir/workspace/.src/pytorch/third_party/protobuf/src/google/protobuf/compiler/java/java_message_lite.cc.o
[ 81%] Building CXX object CMakeFiles/libprotoc.dir/workspace/.src/pytorch/third_party/protobuf/src/google/protobuf/compiler/java/java_name_resolver.cc.o
[ 81%] Building CXX object CMakeFiles/libprotoc.dir/workspace/.src/pytorch/third_party/protobuf/src/google/protobuf/compiler/java/java_primitive_field.cc.o
[ 82%] Building CXX object CMakeFiles/libprotoc.dir/workspace/.src/pytorch/third_party/protobuf/src/google/protobuf/compiler/java/java_primitive_field_lite.cc.o
[ 82%] Building CXX object CMakeFiles/libprotoc.dir/workspace/.src/pytorch/third_party/protobuf/src/google/protobuf/compiler/java/java_service.cc.o
[ 83%] Building CXX object CMakeFiles/libprotoc.dir/workspace/.src/pytorch/third_party/protobuf/src/google/protobuf/compiler/java/java_shared_code_generator.cc.o
[ 83%] Building CXX object CMakeFiles/libprotoc.dir/workspace/.src/pytorch/third_party/protobuf/src/google/protobuf/compiler/java/java_string_field.cc.o
[ 84%] Building CXX object CMakeFiles/libprotoc.dir/workspace/.src/pytorch/third_party/protobuf/src/google/protobuf/compiler/java/java_string_field_lite.cc.o
[ 85%] Building CXX object CMakeFiles/libprotoc.dir/workspace/.src/pytorch/third_party/protobuf/src/google/protobuf/compiler/js/js_generator.cc.o
[ 85%] Building CXX object CMakeFiles/libprotoc.dir/workspace/.src/pytorch/third_party/protobuf/src/google/protobuf/compiler/js/well_known_types_embed.cc.o
[ 87%] Building CXX object CMakeFiles/libprotoc.dir/workspace/.src/pytorch/third_party/protobuf/src/google/protobuf/compiler/objectivec/objectivec_enum.cc.o
[ 87%] Building CXX object CMakeFiles/libprotoc.dir/workspace/.src/pytorch/third_party/protobuf/src/google/protobuf/compiler/objectivec/objectivec_enum_field.cc.o
[ 88%] Building CXX object CMakeFiles/libprotoc.dir/workspace/.src/pytorch/third_party/protobuf/src/google/protobuf/compiler/objectivec/objectivec_extension.cc.o
[ 88%] Building CXX object CMakeFiles/libprotoc.dir/workspace/.src/pytorch/third_party/protobuf/src/google/protobuf/compiler/objectivec/objectivec_field.cc.o
[ 89%] Building CXX object CMakeFiles/libprotoc.dir/workspace/.src/pytorch/third_party/protobuf/src/google/protobuf/compiler/objectivec/objectivec_file.cc.o
[ 89%] Building CXX object CMakeFiles/libprotoc.dir/workspace/.src/pytorch/third_party/protobuf/src/google/protobuf/compiler/objectivec/objectivec_generator.cc.o
[ 90%] Building CXX object CMakeFiles/libprotoc.dir/workspace/.src/pytorch/third_party/protobuf/src/google/protobuf/compiler/objectivec/objectivec_helpers.cc.o
[ 90%] Building CXX object CMakeFiles/libprotoc.dir/workspace/.src/pytorch/third_party/protobuf/src/google/protobuf/compiler/objectivec/objectivec_map_field.cc.o
[ 91%] Building CXX object CMakeFiles/libprotoc.dir/workspace/.src/pytorch/third_party/protobuf/src/google/protobuf/compiler/objectivec/objectivec_message.cc.o
[ 91%] Building CXX object CMakeFiles/libprotoc.dir/workspace/.src/pytorch/third_party/protobuf/src/google/protobuf/compiler/objectivec/objectivec_message_field.cc.o
[ 92%] Building CXX object CMakeFiles/libprotoc.dir/workspace/.src/pytorch/third_party/protobuf/src/google/protobuf/compiler/objectivec/objectivec_oneof.cc.o
[ 92%] Building CXX object CMakeFiles/libprotoc.dir/workspace/.src/pytorch/third_party/protobuf/src/google/protobuf/compiler/objectivec/objectivec_primitive_field.cc.o
[ 94%] Building CXX object CMakeFiles/libprotoc.dir/workspace/.src/pytorch/third_party/protobuf/src/google/protobuf/compiler/php/php_generator.cc.o
[ 94%] Building CXX object CMakeFiles/libprotoc.dir/workspace/.src/pytorch/third_party/protobuf/src/google/protobuf/compiler/plugin.cc.o
[ 95%] Building CXX object CMakeFiles/libprotoc.dir/workspace/.src/pytorch/third_party/protobuf/src/google/protobuf/compiler/plugin.pb.cc.o
[ 95%] Building CXX object CMakeFiles/libprotoc.dir/workspace/.src/pytorch/third_party/protobuf/src/google/protobuf/compiler/python/python_generator.cc.o
[ 96%] Building CXX object CMakeFiles/libprotoc.dir/workspace/.src/pytorch/third_party/protobuf/src/google/protobuf/compiler/ruby/ruby_generator.cc.o
[ 96%] Building CXX object CMakeFiles/libprotoc.dir/workspace/.src/pytorch/third_party/protobuf/src/google/protobuf/compiler/subprocess.cc.o
[ 97%] Building CXX object CMakeFiles/libprotoc.dir/workspace/.src/pytorch/third_party/protobuf/src/google/protobuf/compiler/zip_writer.cc.o
[ 97%] Linking CXX static library libprotoc.a
[ 97%] Built target libprotoc
[ 98%] Building CXX object CMakeFiles/protoc.dir/workspace/.src/pytorch/third_party/protobuf/src/google/protobuf/compiler/main.cc.o
[100%] Linking CXX executable protoc
[100%] Built target protoc
HOSTPROTOC_RC=0
libprotoc 3.13.0
