make: cmake --build /workspace/.torch-build -j 4
[1/1263] Building CXX object third_party/protobuf/cmake/CMakeFiles/libprotobuf-lite.dir/__/src/google/protobuf/arena.cc.o
[2/1263] Building CXX object third_party/protobuf/cmake/CMakeFiles/libprotobuf-lite.dir/__/src/google/protobuf/generated_enum_util.cc.o
[3/1263] Building CXX object third_party/protobuf/cmake/CMakeFiles/libprotobuf-lite.dir/__/src/google/protobuf/any_lite.cc.o
[4/1263] Building CXX object third_party/protobuf/cmake/CMakeFiles/libprotobuf-lite.dir/__/src/google/protobuf/stubs/stringpiece.cc.o
[5/1263] Building CXX object third_party/protobuf/cmake/CMakeFiles/libprotobuf-lite.dir/__/src/google/protobuf/stubs/stringprintf.cc.o
[6/1263] Building CXX object third_party/protobuf/cmake/CMakeFiles/libprotobuf-lite.dir/__/src/google/protobuf/stubs/structurally_valid.cc.o
[7/1263] Building CXX object third_party/protobuf/cmake/CMakeFiles/libprotobuf-lite.dir/__/src/google/protobuf/extension_set.cc.o
[8/1263] Building C object confu-deps/cpuinfo/CMakeFiles/cpuinfo.dir/src/api.c.o
[9/1263] Building CXX object third_party/protobuf/cmake/CMakeFiles/libprotobuf-lite.dir/__/src/google/protobuf/stubs/time.cc.o
[10/1263] Building C object confu-deps/cpuinfo/CMakeFiles/cpuinfo.dir/src/cache.c.o
[11/1263] Building C object confu-deps/cpuinfo/CMakeFiles/cpuinfo.dir/src/init.c.o
[12/1263] Building C object confu-deps/cpuinfo/CMakeFiles/cpuinfo.dir/src/log.c.o
[13/1263] Building CXX object third_party/protobuf/cmake/CMakeFiles/libprotobuf-lite.dir/__/src/google/protobuf/wire_format_lite.cc.o
[14/1263] Building CXX object third_party/protobuf/cmake/CMakeFiles/libprotobuf-lite.dir/__/src/google/protobuf/stubs/strutil.cc.o
[15/1263] Linking CXX static library lib/libprotobuf-lite.a
[16/1263] Building CXX object third_party/protobuf/cmake/CMakeFiles/libprotobuf.dir/__/src/google/protobuf/arena.cc.o
[17/1263] Building CXX object third_party/protobuf/cmake/CMakeFiles/libprotobuf.dir/__/src/google/protobuf/any_lite.cc.o
[18/1263] Building CXX object third_party/protobuf/cmake/CMakeFiles/libprotobuf.dir/__/src/google/protobuf/generated_enum_util.cc.o
[19/1263] Building CXX object third_party/protobuf/cmake/CMakeFiles/libprotobuf.dir/__/src/google/protobuf/implicit_weak_message.cc.o
[20/1263] Building CXX object third_party/protobuf/cmake/CMakeFiles/libprotobuf.dir/__/src/google/protobuf/extension_set.cc.o
[21/1263] Building CXX object third_party/protobuf/cmake/CMakeFiles/libprotobuf.dir/__/src/google/protobuf/generated_message_util.cc.o
[22/1263] Building CXX object third_party/protobuf/cmake/CMakeFiles/libprotobuf.dir/__/src/google/protobuf/generated_message_table_driven_lite.cc.o
[23/1263] Building CXX object third_party/protobuf/cmake/CMakeFiles/libprotobuf.dir/__/src/google/protobuf/io/strtod.cc.o
[24/1263] Building CXX object third_party/protobuf/cmake/CMakeFiles/libprotobuf.dir/__/src/google/protobuf/io/coded_stream.cc.o
[25/1263] Building CXX object third_party/protobuf/cmake/CMakeFiles/libprotobuf.dir/__/src/google/protobuf/io/zero_copy_stream.cc.o
[26/1263] Building CXX object third_party/protobuf/cmake/CMakeFiles/libprotobuf.dir/__/src/google/protobuf/io/zero_copy_stream_impl.cc.o
[27/1263] Building CXX object third_party/protobuf/cmake/CMakeFiles/libprotobuf.dir/__/src/google/protobuf/io/zero_copy_stream_impl_lite.cc.o
[28/1263] Building CXX object third_party/protobuf/cmake/CMakeFiles/libprotobuf.dir/__/src/google/protobuf/message_lite.cc.o
[29/1263] Building CXX object third_party/protobuf/cmake/CMakeFiles/libprotobuf.dir/__/src/google/protobuf/parse_context.cc.o
[30/1263] Building CXX object third_party/protobuf/cmake/CMakeFiles/libprotobuf.dir/__/src/google/protobuf/stubs/bytestream.cc.o
[31/1263] Building CXX object third_party/protobuf/cmake/CMakeFiles/libprotobuf.dir/__/src/google/protobuf/repeated_field.cc.o
[32/1263] Building CXX object third_party/protobuf/cmake/CMakeFiles/libprotobuf.dir/__/src/google/protobuf/stubs/common.cc.o
[33/1263] Building CXX object third_party/protobuf/cmake/CMakeFiles/libprotobuf.dir/__/src/google/protobuf/stubs/int128.cc.o
[34/1263] Building CXX object third_party/protobuf/cmake/CMakeFiles/libprotobuf.dir/__/src/google/protobuf/stubs/status.cc.o
[35/1263] Building CXX object third_party/protobuf/cmake/CMakeFiles/libprotobuf.dir/__/src/google/protobuf/stubs/statusor.cc.o
[36/1263] Building CXX object third_party/protobuf/cmake/CMakeFiles/libprotobuf.dir/__/src/google/protobuf/stubs/stringpiece.cc.o
[37/1263] Building CXX object third_party/protobuf/cmake/CMakeFiles/libprotobuf.dir/__/src/google/protobuf/stubs/stringprintf.cc.o
[38/1263] Building CXX object third_party/protobuf/cmake/CMakeFiles/libprotobuf.dir/__/src/google/protobuf/stubs/structurally_valid.cc.o
[39/1263] Building CXX object third_party/protobuf/cmake/CMakeFiles/libprotobuf.dir/__/src/google/protobuf/stubs/time.cc.o
[40/1263] Building CXX object third_party/protobuf/cmake/CMakeFiles/libprotobuf.dir/__/src/google/protobuf/stubs/strutil.cc.o
[41/1263] Building CXX object third_party/protobuf/cmake/CMakeFiles/libprotobuf.dir/__/src/google/protobuf/any.cc.o
[42/1263] Building CXX object third_party/protobuf/cmake/CMakeFiles/libprotobuf.dir/__/src/google/protobuf/wire_format_lite.cc.o
[43/1263] Building CXX object third_party/protobuf/cmake/CMakeFiles/libprotobuf.dir/__/src/google/protobuf/any.pb.cc.o
[44/1263] Building CXX object third_party/protobuf/cmake/CMakeFiles/libprotobuf.dir/__/src/google/protobuf/api.pb.cc.o
[45/1263] Building CXX object third_party/protobuf/cmake/CMakeFiles/libprotobuf.dir/__/src/google/protobuf/compiler/importer.cc.o
[46/1263] Building CXX object third_party/protobuf/cmake/CMakeFiles/libprotobuf.dir/__/src/google/protobuf/compiler/parser.cc.o
[47/1263] Building CXX object third_party/protobuf/cmake/CMakeFiles/libprotobuf.dir/__/src/google/protobuf/duration.pb.cc.o
[48/1263] Building CXX object third_party/protobuf/cmake/CMakeFiles/libprotobuf.dir/__/src/google/protobuf/descriptor_database.cc.o
[49/1263] Building CXX object third_party/protobuf/cmake/CMakeFiles/libprotobuf.dir/__/src/google/protobuf/dynamic_message.cc.o
[50/1263] Building CXX object third_party/protobuf/cmake/CMakeFiles/libprotobuf.dir/__/src/google/protobuf/descriptor.pb.cc.o
[51/1263] Building CXX object third_party/protobuf/cmake/CMakeFiles/libprotobuf.dir/__/src/google/protobuf/empty.pb.cc.o
[52/1263] Building CXX object third_party/protobuf/cmake/CMakeFiles/libprotobuf.dir/__/src/google/protobuf/field_mask.pb.cc.o
[53/1263] Building CXX object third_party/protobuf/cmake/CMakeFiles/libprotobuf.dir/__/src/google/protobuf/extension_set_heavy.cc.o
[54/1263] Building CXX object third_party/protobuf/cmake/CMakeFiles/libprotobuf.dir/__/src/google/protobuf/generated_message_reflection.cc.o
[55/1263] Building CXX object third_party/protobuf/cmake/CMakeFiles/libprotobuf.dir/__/src/google/protobuf/descriptor.cc.o
[56/1263] Building CXX object third_party/protobuf/cmake/CMakeFiles/libprotobuf.dir/__/src/google/protobuf/io/printer.cc.o
[57/1263] Building CXX object third_party/protobuf/cmake/CMakeFiles/libprotobuf.dir/__/src/google/protobuf/generated_message_table_driven.cc.o
[58/1263] Building CXX object third_party/protobuf/cmake/CMakeFiles/libprotobuf.dir/__/src/google/protobuf/io/tokenizer.cc.o
[59/1263] Building CXX object third_party/protobuf/cmake/CMakeFiles/libprotobuf.dir/__/src/google/protobuf/map_field.cc.o
[60/1263] Building CXX object third_party/protobuf/cmake/CMakeFiles/libprotobuf.dir/__/src/google/protobuf/service.cc.o
[61/1263] Building CXX object third_party/protobuf/cmake/CMakeFiles/libprotobuf.dir/__/src/google/protobuf/message.cc.o
[62/1263] Building CXX object third_party/protobuf/cmake/CMakeFiles/libprotobuf.dir/__/src/google/protobuf/reflection_ops.cc.o
[63/1263] Building CXX object third_party/protobuf/cmake/CMakeFiles/libprotobuf.dir/__/src/google/protobuf/stubs/substitute.cc.o
[64/1263] Building CXX object third_party/protobuf/cmake/CMakeFiles/libprotobuf.dir/__/src/google/protobuf/source_context.pb.cc.o
[65/1263] Building CXX object third_party/protobuf/cmake/CMakeFiles/libprotobuf.dir/__/src/google/protobuf/timestamp.pb.cc.o
[66/1263] Building CXX object third_party/protobuf/cmake/CMakeFiles/libprotobuf.dir/__/src/google/protobuf/struct.pb.cc.o
[67/1263] Building CXX object third_party/protobuf/cmake/CMakeFiles/libprotobuf.dir/__/src/google/protobuf/type.pb.cc.o
[68/1263] Building CXX object third_party/protobuf/cmake/CMakeFiles/libprotobuf.dir/__/src/google/protobuf/util/delimited_message_util.cc.o
[69/1263] Building CXX object third_party/protobuf/cmake/CMakeFiles/libprotobuf.dir/__/src/google/protobuf/unknown_field_set.cc.o
[70/1263] Building CXX object third_party/protobuf/cmake/CMakeFiles/libprotobuf.dir/__/src/google/protobuf/text_format.cc.o
[71/1263] Building CXX object third_party/protobuf/cmake/CMakeFiles/libprotobuf.dir/__/src/google/protobuf/util/field_comparator.cc.o
[72/1263] Building CXX object third_party/protobuf/cmake/CMakeFiles/libprotobuf.dir/__/src/google/protobuf/util/field_mask_util.cc.o
[73/1263] Building CXX object third_party/protobuf/cmake/CMakeFiles/libprotobuf.dir/__/src/google/protobuf/util/internal/error_listener.cc.o
[74/1263] Building CXX object third_party/protobuf/cmake/CMakeFiles/libprotobuf.dir/__/src/google/protobuf/util/internal/datapiece.cc.o
[75/1263] Building CXX object third_party/protobuf/cmake/CMakeFiles/libprotobuf.dir/__/src/google/protobuf/util/internal/default_value_objectwriter.cc.o
[76/1263] Building CXX object third_party/protobuf/cmake/CMakeFiles/libprotobuf.dir/__/src/google/protobuf/util/internal/json_escaping.cc.o
[77/1263] Building CXX object third_party/protobuf/cmake/CMakeFiles/libprotobuf.dir/__/src/google/protobuf/util/internal/field_mask_utility.cc.o
[78/1263] Building CXX object third_party/protobuf/cmake/CMakeFiles/libprotobuf.dir/__/src/google/protobuf/util/internal/json_objectwriter.cc.o
[79/1263] Building CXX object third_party/protobuf/cmake/CMakeFiles/libprotobuf.dir/__/src/google/protobuf/util/internal/json_stream_parser.cc.o
[80/1263] Building CXX object third_party/protobuf/cmake/CMakeFiles/libprotobuf.dir/__/src/google/protobuf/util/internal/object_writer.cc.o
[81/1263] Building CXX object third_party/protobuf/cmake/CMakeFiles/libprotobuf.dir/__/src/google/protobuf/util/internal/proto_writer.cc.o
[82/1263] Building CXX object third_party/protobuf/cmake/CMakeFiles/libprotobuf.dir/__/src/google/protobuf/util/internal/protostream_objectsource.cc.o
[83/1263] Building CXX object third_party/protobuf/cmake/CMakeFiles/libprotobuf.dir/__/src/google/protobuf/util/internal/type_info.cc.o
[84/1263] Building CXX object third_party/protobuf/cmake/CMakeFiles/libprotobuf.dir/__/src/google/protobuf/util/internal/protostream_objectwriter.cc.o
[85/1263] Building CXX object third_party/protobuf/cmake/CMakeFiles/libprotobuf.dir/__/src/google/protobuf/util/internal/type_info_test_helper.cc.o
[86/1263] Building CXX object third_party/protobuf/cmake/CMakeFiles/libprotobuf.dir/__/src/google/protobuf/util/internal/utility.cc.o
[87/1263] Building CXX object third_party/protobuf/cmake/CMakeFiles/libprotobuf.dir/__/src/google/protobuf/util/json_util.cc.o
[88/1263] Building CXX object third_party/protobuf/cmake/CMakeFiles/libprotobuf.dir/__/src/google/protobuf/util/time_util.cc.o
[89/1263] Building CXX object third_party/protobuf/cmake/CMakeFiles/libprotobuf.dir/__/src/google/protobuf/util/type_resolver_util.cc.o
[90/1263] Linking C static library lib/libcpuinfo.a
[91/1263] Building CXX object third_party/protobuf/cmake/CMakeFiles/libprotobuf.dir/__/src/google/protobuf/wrappers.pb.cc.o
[92/1263] Building CXX object third_party/onnx/CMakeFiles/onnx.dir/onnx/common/assertions.cc.o
[93/1263] Building CXX object third_party/protobuf/cmake/CMakeFiles/libprotobuf.dir/__/src/google/protobuf/util/message_differencer.cc.o
[94/1263] Building CXX object third_party/protobuf/cmake/CMakeFiles/libprotobuf.dir/__/src/google/protobuf/wire_format.cc.o
[95/1263] Building CXX object third_party/onnx/CMakeFiles/onnx.dir/onnx/common/path.cc.o
[96/1263] Building CXX object third_party/onnx/CMakeFiles/onnx.dir/onnx/common/status.cc.o
[97/1263] Building CXX object c10/CMakeFiles/c10.dir/core/Allocator.cpp.o
[98/1263] Building CXX object third_party/onnx/CMakeFiles/onnx.dir/onnx/common/interned_strings.cc.o
[99/1263] Building CXX object c10/CMakeFiles/c10.dir/core/ConstantSymNodeImpl.cpp.o
[100/1263] Building CXX object c10/CMakeFiles/c10.dir/core/CopyBytes.cpp.o
[101/1263] Building CXX object c10/CMakeFiles/c10.dir/core/CPUAllocator.cpp.o
[102/1263] Building CXX object c10/CMakeFiles/c10.dir/core/DefaultDtype.cpp.o
[103/1263] Building CXX object c10/CMakeFiles/c10.dir/core/Device.cpp.o
[104/1263] Building CXX object c10/CMakeFiles/c10.dir/core/DeviceType.cpp.o
[105/1263] Building CXX object c10/CMakeFiles/c10.dir/core/DispatchKeySet.cpp.o
[106/1263] Building CXX object c10/CMakeFiles/c10.dir/core/InferenceMode.cpp.o
[107/1263] Building CXX object c10/CMakeFiles/c10.dir/core/GeneratorImpl.cpp.o
[108/1263] Building CXX object c10/CMakeFiles/c10.dir/core/RefcountedDeleter.cpp.o
[109/1263] Building CXX object c10/CMakeFiles/c10.dir/core/DispatchKey.cpp.o
[110/1263] Building CXX object c10/CMakeFiles/c10.dir/core/SafePyObject.cpp.o
[111/1263] Building CXX object c10/CMakeFiles/c10.dir/core/Scalar.cpp.o
[112/1263] Building CXX object c10/CMakeFiles/c10.dir/core/ScalarType.cpp.o
[113/1263] Building CXX object c10/CMakeFiles/c10.dir/core/Storage.cpp.o
[114/1263] Building CXX object c10/CMakeFiles/c10.dir/core/StorageImpl.cpp.o
[115/1263] Building CXX object c10/CMakeFiles/c10.dir/core/Stream.cpp.o
[116/1263] Building CXX object c10/CMakeFiles/c10.dir/core/SymBool.cpp.o
[117/1263] Building CXX object c10/CMakeFiles/c10.dir/core/SymFloat.cpp.o
[118/1263] Building CXX object c10/CMakeFiles/c10.dir/core/SymIntArrayRef.cpp.o
[119/1263] Building CXX object c10/CMakeFiles/c10.dir/core/SymNodeImpl.cpp.o
[120/1263] Building CXX object c10/CMakeFiles/c10.dir/core/SymInt.cpp.o
[121/1263] Building CXX object c10/CMakeFiles/c10.dir/core/SymbolicShapeMeta.cpp.o
[122/1263] Building CXX object c10/CMakeFiles/c10.dir/core/TensorOptions.cpp.o
[123/1263] Building CXX object c10/CMakeFiles/c10.dir/core/UndefinedTensorImpl.cpp.o
[124/1263] Building CXX object c10/CMakeFiles/c10.dir/core/WrapDimMinimal.cpp.o
[125/1263] Building CXX object c10/CMakeFiles/c10.dir/core/impl/COW.cpp.o
[126/1263] Building CXX object c10/CMakeFiles/c10.dir/core/impl/COWDeleter.cpp.o
[127/1263] Building CXX object c10/CMakeFiles/c10.dir/core/TensorImpl.cpp.o
[128/1263] Building CXX object c10/CMakeFiles/c10.dir/core/impl/HermeticPyObjectTLS.cpp.o
[129/1263] Building CXX object c10/CMakeFiles/c10.dir/core/impl/DeviceGuardImplInterface.cpp.o
[130/1263] Building CXX object c10/CMakeFiles/c10.dir/core/impl/GPUTrace.cpp.o
[131/1263] Building CXX object c10/CMakeFiles/c10.dir/core/impl/LocalDispatchKeySet.cpp.o
[132/1263] Building CXX object c10/CMakeFiles/c10.dir/core/impl/PyObjectSlot.cpp.o
[133/1263] Building CXX object c10/CMakeFiles/c10.dir/core/impl/PyInterpreter.cpp.o
[134/1263] Building CXX object c10/CMakeFiles/c10.dir/core/impl/PythonDispatcherTLS.cpp.o
[135/1263] Building CXX object c10/CMakeFiles/c10.dir/core/impl/SizesAndStrides.cpp.o
[136/1263] Building CXX object c10/CMakeFiles/c10.dir/core/impl/TorchDispatchModeTLS.cpp.o
[137/1263] Building CXX object c10/CMakeFiles/c10.dir/core/impl/alloc_cpu.cpp.o
[138/1263] Building CXX object c10/CMakeFiles/c10.dir/core/thread_pool.cpp.o
[139/1263] Building CXX object c10/CMakeFiles/c10.dir/mobile/CPUCachingAllocator.cpp.o
[140/1263] Building CXX object c10/CMakeFiles/c10.dir/util/Bfloat16.cpp.o
[141/1263] Building CXX object c10/CMakeFiles/c10.dir/util/Backtrace.cpp.o
[142/1263] Building CXX object c10/CMakeFiles/c10.dir/util/ApproximateClock.cpp.o
[143/1263] Building CXX object c10/CMakeFiles/c10.dir/mobile/CPUProfilingAllocator.cpp.o
[144/1263] Building CXX object c10/CMakeFiles/c10.dir/util/C++17.cpp.o
[145/1263] Building CXX object c10/CMakeFiles/c10.dir/util/DeadlockDetection.cpp.o
[146/1263] Building CXX object c10/CMakeFiles/c10.dir/util/DynamicCounter.cpp.o
[147/1263] Building CXX object c10/CMakeFiles/c10.dir/util/Float8_e4m3fn.cpp.o
[148/1263] Building CXX object c10/CMakeFiles/c10.dir/util/Exception.cpp.o
[149/1263] Building CXX object c10/CMakeFiles/c10.dir/util/Float8_e4m3fnuz.cpp.o
[150/1263] Building CXX object c10/CMakeFiles/c10.dir/util/Float8_e5m2.cpp.o
[151/1263] Building CXX object c10/CMakeFiles/c10.dir/util/Float8_e5m2fnuz.cpp.o
[152/1263] Building CXX object c10/CMakeFiles/c10.dir/util/Float8_e8m0fnu.cpp.o
[153/1263] Building CXX object c10/CMakeFiles/c10.dir/util/Gauge.cpp.o
[154/1263] Building CXX object c10/CMakeFiles/c10.dir/util/Half.cpp.o
[155/1263] Building CXX object c10/CMakeFiles/c10.dir/util/LeftRight.cpp.o
[156/1263] Building CXX object c10/CMakeFiles/c10.dir/util/MathConstants.cpp.o
[157/1263] Building CXX object c10/CMakeFiles/c10.dir/util/Metaprogramming.cpp.o
[158/1263] Building CXX object c10/CMakeFiles/c10.dir/util/ParallelGuard.cpp.o
[159/1263] Building CXX object c10/CMakeFiles/c10.dir/util/Optional.cpp.o
[160/1263] Building CXX object c10/CMakeFiles/c10.dir/util/Logging.cpp.o
[161/1263] Building CXX object c10/CMakeFiles/c10.dir/util/SmallVector.cpp.o
[162/1263] Building CXX object c10/CMakeFiles/c10.dir/util/NetworkFlow.cpp.o
[163/1263] Building CXX object c10/CMakeFiles/c10.dir/util/StringUtil.cpp.o
In file included from /workspace/.src/pytorch/c10/util/StringUtil.cpp:1:
In file included from /workspace/.src/pytorch/c10/util/StringUtil.h:9:
In file included from /workspace/.ef-recipes/output/bld/rattler-build_pytorch_1790110990/build_env/opt/emsdk/upstream/emscripten/cache/sysroot/include/c++/v1/ostream:189:
In file included from /workspace/.ef-recipes/output/bld/rattler-build_pytorch_1790110990/build_env/opt/emsdk/upstream/emscripten/cache/sysroot/include/c++/v1/format:195:
In file included from /workspace/.ef-recipes/output/bld/rattler-build_pytorch_1790110990/build_env/opt/emsdk/upstream/emscripten/cache/sysroot/include/c++/v1/__format/container_adaptor.h:20:
In file included from /workspace/.ef-recipes/output/bld/rattler-build_pytorch_1790110990/build_env/opt/emsdk/upstream/emscripten/cache/sysroot/include/c++/v1/__format/range_default_formatter.h:23:
In file included from /workspace/.ef-recipes/output/bld/rattler-build_pytorch_1790110990/build_env/opt/emsdk/upstream/emscripten/cache/sysroot/include/c++/v1/__format/range_formatter.h:23:
In file included from /workspace/.ef-recipes/output/bld/rattler-build_pytorch_1790110990/build_env/opt/emsdk/upstream/emscripten/cache/sysroot/include/c++/v1/__format/format_context.h:30:
/workspace/.ef-recipes/output/bld/rattler-build_pytorch_1790110990/build_env/opt/emsdk/upstream/emscripten/cache/sysroot/include/c++/v1/locale:3257:1: warning: 'wstring_convert<std::codecvt_utf8_utf16<wchar_t>>' is deprecated [-Wdeprecated-declarations]
 3257 | wstring_convert<_Codecvt, _Elem, _WideAlloc, _ByteAlloc>::to_bytes(const _Elem* __frm, const _Elem* __frm_end) {
      | ^
/workspace/.ef-recipes/output/bld/rattler-build_pytorch_1790110990/build_env/opt/emsdk/upstream/emscripten/cache/sysroot/include/c++/v1/locale:3161:12: note: in instantiation of member function 'std::wstring_convert<std::codecvt_utf8_utf16<wchar_t>>::to_bytes' requested here
 3161 |     return to_bytes(__wstr.data(), __wstr.data() + __wstr.size());
      |            ^
/workspace/.src/pytorch/c10/util/StringUtil.cpp:53:29: note: in instantiation of member function 'std::wstring_convert<std::codecvt_utf8_utf16<wchar_t>>::to_bytes' requested here
   53 |   return _str(ss, converter.to_bytes(wString));
      |                             ^
/workspace/.ef-recipes/output/bld/rattler-build_pytorch_1790110990/build_env/opt/emsdk/upstream/emscripten/cache/sysroot/include/c++/v1/locale:3114:28: note: 'wstring_convert<std::codecvt_utf8_utf16<wchar_t>>' has been explicitly marked deprecated here
 3114 | class _LIBCPP_TEMPLATE_VIS _LIBCPP_DEPRECATED_IN_CXX17 wstring_convert {
      |                            ^
/workspace/.ef-recipes/output/bld/rattler-build_pytorch_1790110990/build_env/opt/emsdk/upstream/emscripten/cache/sysroot/include/c++/v1/__config:1002:41: note: expanded from macro '_LIBCPP_DEPRECATED_IN_CXX17'
 1002 | #    define _LIBCPP_DEPRECATED_IN_CXX17 _LIBCPP_DEPRECATED
      |                                         ^
/workspace/.ef-recipes/output/bld/rattler-build_pytorch_1790110990/build_env/opt/emsdk/upstream/emscripten/cache/sysroot/include/c++/v1/__config:975:49: note: expanded from macro '_LIBCPP_DEPRECATED'
  975 | #      define _LIBCPP_DEPRECATED __attribute__((__deprecated__))
      |                                                 ^
1 warning generated.
[164/1263] Building CXX object c10/CMakeFiles/c10.dir/util/ThreadLocalDebugInfo.cpp.o
[165/1263] Building CXX object c10/CMakeFiles/c10.dir/util/TypeCast.cpp.o
[166/1263] Building CXX object c10/CMakeFiles/c10.dir/util/TypeList.cpp.o
[167/1263] Building CXX object c10/CMakeFiles/c10.dir/util/TypeTraits.cpp.o
[168/1263] Building CXX object c10/CMakeFiles/c10.dir/util/Type_demangle.cpp.o
[169/1263] Building CXX object c10/CMakeFiles/c10.dir/util/UniqueVoidPtr.cpp.o
[170/1263] Building CXX object c10/CMakeFiles/c10.dir/util/Type_no_demangle.cpp.o
[171/1263] Building CXX object c10/CMakeFiles/c10.dir/util/error.cpp.o
[172/1263] Building CXX object c10/CMakeFiles/c10.dir/util/flags_use_gflags.cpp.o
[173/1263] Building CXX object c10/CMakeFiles/c10.dir/util/complex_math.cpp.o
[174/1263] Building CXX object c10/CMakeFiles/c10.dir/util/WaitCounter.cpp.o
[175/1263] Building CXX object c10/CMakeFiles/c10.dir/util/env.cpp.o
[176/1263] Building CXX object c10/CMakeFiles/c10.dir/util/int128.cpp.o
[177/1263] Building CXX object c10/CMakeFiles/c10.dir/util/flags_use_no_gflags.cpp.o
[178/1263] Building CXX object c10/CMakeFiles/c10.dir/util/intrusive_ptr.cpp.o
[179/1263] Building CXX object c10/CMakeFiles/c10.dir/util/numa.cpp.o
[180/1263] Building CXX object c10/CMakeFiles/c10.dir/util/thread_name.cpp.o
[181/1263] Linking CXX static library lib/libprotobuf.a
[182/1263] Building CXX object c10/CMakeFiles/c10.dir/util/signal_handler.cpp.o
[183/1263] Building CXX object third_party/protobuf/cmake/CMakeFiles/libprotoc.dir/__/src/google/protobuf/compiler/code_generator.cc.o
[184/1263] Building CXX object c10/CMakeFiles/c10.dir/util/typeid.cpp.o
[185/1263] Building CXX object c10/CMakeFiles/c10.dir/util/tempfile.cpp.o
[186/1263] Building CXX object third_party/protobuf/cmake/CMakeFiles/libprotoc.dir/__/src/google/protobuf/compiler/cpp/cpp_enum_field.cc.o
[187/1263] Building CXX object third_party/protobuf/cmake/CMakeFiles/libprotoc.dir/__/src/google/protobuf/compiler/cpp/cpp_enum.cc.o
[188/1263] Building CXX object third_party/protobuf/cmake/CMakeFiles/libprotoc.dir/__/src/google/protobuf/compiler/command_line_interface.cc.o
[189/1263] Building CXX object third_party/protobuf/cmake/CMakeFiles/libprotoc.dir/__/src/google/protobuf/compiler/cpp/cpp_extension.cc.o
[190/1263] Building CXX object third_party/protobuf/cmake/CMakeFiles/libprotoc.dir/__/src/google/protobuf/compiler/cpp/cpp_field.cc.o
[191/1263] Building CXX object third_party/protobuf/cmake/CMakeFiles/libprotoc.dir/__/src/google/protobuf/compiler/cpp/cpp_generator.cc.o
[192/1263] Building CXX object third_party/protobuf/cmake/CMakeFiles/libprotoc.dir/__/src/google/protobuf/compiler/cpp/cpp_map_field.cc.o
[193/1263] Building CXX object third_party/protobuf/cmake/CMakeFiles/libprotoc.dir/__/src/google/protobuf/compiler/cpp/cpp_helpers.cc.o
[194/1263] Building CXX object third_party/protobuf/cmake/CMakeFiles/libprotoc.dir/__/src/google/protobuf/compiler/cpp/cpp_file.cc.o
[195/1263] Building CXX object third_party/protobuf/cmake/CMakeFiles/libprotoc.dir/__/src/google/protobuf/compiler/cpp/cpp_message_field.cc.o
[196/1263] Building CXX object third_party/protobuf/cmake/CMakeFiles/libprotoc.dir/__/src/google/protobuf/compiler/cpp/cpp_padding_optimizer.cc.o
[197/1263] Building CXX object third_party/protobuf/cmake/CMakeFiles/libprotoc.dir/__/src/google/protobuf/compiler/cpp/cpp_primitive_field.cc.o
[198/1263] Building CXX object third_party/protobuf/cmake/CMakeFiles/libprotoc.dir/__/src/google/protobuf/compiler/cpp/cpp_service.cc.o
[199/1263] Building CXX object third_party/protobuf/cmake/CMakeFiles/libprotoc.dir/__/src/google/protobuf/compiler/csharp/csharp_doc_comment.cc.o
[200/1263] Building CXX object third_party/protobuf/cmake/CMakeFiles/libprotoc.dir/__/src/google/protobuf/compiler/cpp/cpp_message.cc.o
[201/1263] Building CXX object third_party/protobuf/cmake/CMakeFiles/libprotoc.dir/__/src/google/protobuf/compiler/cpp/cpp_string_field.cc.o
[202/1263] Building CXX object third_party/protobuf/cmake/CMakeFiles/libprotoc.dir/__/src/google/protobuf/compiler/csharp/csharp_enum_field.cc.o
[203/1263] Building CXX object third_party/protobuf/cmake/CMakeFiles/libprotoc.dir/__/src/google/protobuf/compiler/csharp/csharp_enum.cc.o
[204/1263] Building CXX object third_party/protobuf/cmake/CMakeFiles/libprotoc.dir/__/src/google/protobuf/compiler/csharp/csharp_field_base.cc.o
[205/1263] Building CXX object third_party/protobuf/cmake/CMakeFiles/libprotoc.dir/__/src/google/protobuf/compiler/csharp/csharp_generator.cc.o
[206/1263] Building CXX object third_party/protobuf/cmake/CMakeFiles/libprotoc.dir/__/src/google/protobuf/compiler/csharp/csharp_map_field.cc.o
[207/1263] Building CXX object third_party/protobuf/cmake/CMakeFiles/libprotoc.dir/__/src/google/protobuf/compiler/csharp/csharp_helpers.cc.o
[208/1263] Building CXX object third_party/protobuf/cmake/CMakeFiles/libprotoc.dir/__/src/google/protobuf/compiler/csharp/csharp_message_field.cc.o
[209/1263] Building CXX object third_party/protobuf/cmake/CMakeFiles/libprotoc.dir/__/src/google/protobuf/compiler/csharp/csharp_message.cc.o
[210/1263] Building CXX object third_party/protobuf/cmake/CMakeFiles/libprotoc.dir/__/src/google/protobuf/compiler/csharp/csharp_primitive_field.cc.o
[211/1263] Building CXX object third_party/protobuf/cmake/CMakeFiles/libprotoc.dir/__/src/google/protobuf/compiler/csharp/csharp_reflection_class.cc.o
[212/1263] Building CXX object third_party/protobuf/cmake/CMakeFiles/libprotoc.dir/__/src/google/protobuf/compiler/csharp/csharp_repeated_enum_field.cc.o
[213/1263] Building CXX object third_party/protobuf/cmake/CMakeFiles/libprotoc.dir/__/src/google/protobuf/compiler/csharp/csharp_repeated_message_field.cc.o
[214/1263] Building CXX object third_party/protobuf/cmake/CMakeFiles/libprotoc.dir/__/src/google/protobuf/compiler/csharp/csharp_repeated_primitive_field.cc.o
[215/1263] Building CXX object third_party/protobuf/cmake/CMakeFiles/libprotoc.dir/__/src/google/protobuf/compiler/csharp/csharp_source_generator_base.cc.o
[216/1263] Building CXX object third_party/protobuf/cmake/CMakeFiles/libprotoc.dir/__/src/google/protobuf/compiler/csharp/csharp_wrapper_field.cc.o
[217/1263] Building CXX object third_party/protobuf/cmake/CMakeFiles/libprotoc.dir/__/src/google/protobuf/compiler/java/java_doc_comment.cc.o
[218/1263] Building CXX object third_party/protobuf/cmake/CMakeFiles/libprotoc.dir/__/src/google/protobuf/compiler/java/java_context.cc.o
[219/1263] Building CXX object third_party/protobuf/cmake/CMakeFiles/libprotoc.dir/__/src/google/protobuf/compiler/java/java_enum.cc.o
[220/1263] Building CXX object third_party/protobuf/cmake/CMakeFiles/libprotoc.dir/__/src/google/protobuf/compiler/java/java_enum_field.cc.o
[221/1263] Building CXX object third_party/protobuf/cmake/CMakeFiles/libprotoc.dir/__/src/google/protobuf/compiler/java/java_enum_field_lite.cc.o
[222/1263] Building CXX object third_party/protobuf/cmake/CMakeFiles/libprotoc.dir/__/src/google/protobuf/compiler/java/java_enum_lite.cc.o
[223/1263] Building CXX object third_party/protobuf/cmake/CMakeFiles/libprotoc.dir/__/src/google/protobuf/compiler/java/java_extension.cc.o
[224/1263] Building CXX object third_party/protobuf/cmake/CMakeFiles/libprotoc.dir/__/src/google/protobuf/compiler/java/java_extension_lite.cc.o
[225/1263] Building CXX object third_party/protobuf/cmake/CMakeFiles/libprotoc.dir/__/src/google/protobuf/compiler/java/java_field.cc.o
[226/1263] Building CXX object third_party/protobuf/cmake/CMakeFiles/libprotoc.dir/__/src/google/protobuf/compiler/java/java_generator_factory.cc.o
[227/1263] Building CXX object third_party/protobuf/cmake/CMakeFiles/libprotoc.dir/__/src/google/protobuf/compiler/java/java_file.cc.o
[228/1263] Building CXX object third_party/protobuf/cmake/CMakeFiles/libprotoc.dir/__/src/google/protobuf/compiler/java/java_generator.cc.o
[229/1263] Building CXX object third_party/protobuf/cmake/CMakeFiles/libprotoc.dir/__/src/google/protobuf/compiler/java/java_helpers.cc.o
[230/1263] Building CXX object third_party/protobuf/cmake/CMakeFiles/libprotoc.dir/__/src/google/protobuf/compiler/java/java_map_field_lite.cc.o
[231/1263] Building CXX object third_party/protobuf/cmake/CMakeFiles/libprotoc.dir/__/src/google/protobuf/compiler/java/java_map_field.cc.o
[232/1263] Building CXX object third_party/protobuf/cmake/CMakeFiles/libprotoc.dir/__/src/google/protobuf/compiler/java/java_message.cc.o
[233/1263] Building CXX object third_party/protobuf/cmake/CMakeFiles/libprotoc.dir/__/src/google/protobuf/compiler/java/java_message_builder_lite.cc.o
[234/1263] Building CXX object third_party/protobuf/cmake/CMakeFiles/libprotoc.dir/__/src/google/protobuf/compiler/java/java_message_builder.cc.o
[235/1263] Building CXX object third_party/protobuf/cmake/CMakeFiles/libprotoc.dir/__/src/google/protobuf/compiler/java/java_message_field.cc.o
[236/1263] Building CXX object third_party/protobuf/cmake/CMakeFiles/libprotoc.dir/__/src/google/protobuf/compiler/java/java_message_field_lite.cc.o
[237/1263] Building CXX object third_party/protobuf/cmake/CMakeFiles/libprotoc.dir/__/src/google/protobuf/compiler/java/java_name_resolver.cc.o
[238/1263] Building CXX object third_party/protobuf/cmake/CMakeFiles/libprotoc.dir/__/src/google/protobuf/compiler/java/java_primitive_field.cc.o
[239/1263] Building CXX object third_party/protobuf/cmake/CMakeFiles/libprotoc.dir/__/src/google/protobuf/compiler/java/java_message_lite.cc.o
[240/1263] Building CXX object third_party/protobuf/cmake/CMakeFiles/libprotoc.dir/__/src/google/protobuf/compiler/java/java_primitive_field_lite.cc.o
[241/1263] Building CXX object third_party/protobuf/cmake/CMakeFiles/libprotoc.dir/__/src/google/protobuf/compiler/java/java_service.cc.o
[242/1263] Building CXX object third_party/protobuf/cmake/CMakeFiles/libprotoc.dir/__/src/google/protobuf/compiler/java/java_string_field.cc.o
[243/1263] Building CXX object third_party/protobuf/cmake/CMakeFiles/libprotoc.dir/__/src/google/protobuf/compiler/java/java_shared_code_generator.cc.o
[244/1263] Building CXX object third_party/protobuf/cmake/CMakeFiles/libprotoc.dir/__/src/google/protobuf/compiler/js/well_known_types_embed.cc.o
[245/1263] Building CXX object third_party/protobuf/cmake/CMakeFiles/libprotoc.dir/__/src/google/protobuf/compiler/java/java_string_field_lite.cc.o
[246/1263] Building CXX object third_party/protobuf/cmake/CMakeFiles/libprotoc.dir/__/src/google/protobuf/compiler/objectivec/objectivec_enum_field.cc.o
[247/1263] Building CXX object third_party/protobuf/cmake/CMakeFiles/libprotoc.dir/__/src/google/protobuf/compiler/objectivec/objectivec_enum.cc.o
[248/1263] Building CXX object third_party/protobuf/cmake/CMakeFiles/libprotoc.dir/__/src/google/protobuf/compiler/objectivec/objectivec_extension.cc.o
[249/1263] Building CXX object third_party/protobuf/cmake/CMakeFiles/libprotoc.dir/__/src/google/protobuf/compiler/objectivec/objectivec_field.cc.o
[250/1263] Building CXX object third_party/protobuf/cmake/CMakeFiles/libprotoc.dir/__/src/google/protobuf/compiler/objectivec/objectivec_generator.cc.o
[251/1263] Building CXX object third_party/protobuf/cmake/CMakeFiles/libprotoc.dir/__/src/google/protobuf/compiler/objectivec/objectivec_file.cc.o
[252/1263] Building CXX object third_party/protobuf/cmake/CMakeFiles/libprotoc.dir/__/src/google/protobuf/compiler/js/js_generator.cc.o
[253/1263] Building CXX object third_party/protobuf/cmake/CMakeFiles/libprotoc.dir/__/src/google/protobuf/compiler/objectivec/objectivec_map_field.cc.o
[254/1263] Building CXX object third_party/protobuf/cmake/CMakeFiles/libprotoc.dir/__/src/google/protobuf/compiler/objectivec/objectivec_helpers.cc.o
[255/1263] Building CXX object third_party/protobuf/cmake/CMakeFiles/libprotoc.dir/__/src/google/protobuf/compiler/objectivec/objectivec_message_field.cc.o
[256/1263] Building CXX object third_party/protobuf/cmake/CMakeFiles/libprotoc.dir/__/src/google/protobuf/compiler/objectivec/objectivec_message.cc.o
[257/1263] Building CXX object third_party/protobuf/cmake/CMakeFiles/libprotoc.dir/__/src/google/protobuf/compiler/objectivec/objectivec_oneof.cc.o
[258/1263] Building CXX object third_party/protobuf/cmake/CMakeFiles/libprotoc.dir/__/src/google/protobuf/compiler/objectivec/objectivec_primitive_field.cc.o
[259/1263] Building CXX object third_party/protobuf/cmake/CMakeFiles/libprotoc.dir/__/src/google/protobuf/compiler/plugin.cc.o
[260/1263] Building CXX object third_party/protobuf/cmake/CMakeFiles/libprotoc.dir/__/src/google/protobuf/compiler/plugin.pb.cc.o
[261/1263] Building CXX object third_party/protobuf/cmake/CMakeFiles/libprotoc.dir/__/src/google/protobuf/compiler/php/php_generator.cc.o
[262/1263] Building CXX object third_party/protobuf/cmake/CMakeFiles/libprotoc.dir/__/src/google/protobuf/compiler/subprocess.cc.o
[263/1263] Building CXX object third_party/protobuf/cmake/CMakeFiles/libprotoc.dir/__/src/google/protobuf/compiler/ruby/ruby_generator.cc.o
[264/1263] Linking CXX static library lib/libonnx.a
[265/1263] Linking CXX static library lib/libc10.a
[266/1263] Building CXX object third_party/protobuf/cmake/CMakeFiles/libprotoc.dir/__/src/google/protobuf/compiler/python/python_generator.cc.o
[267/1263] Building CXX object third_party/protobuf/cmake/CMakeFiles/libprotoc.dir/__/src/google/protobuf/compiler/zip_writer.cc.o
[268/1263] Building CXX object caffe2/CMakeFiles/torch_cpu.dir/__/aten/src/ATen/AccumulateType.cpp.o
[269/1263] Building CXX object caffe2/CMakeFiles/torch_cpu.dir/__/aten/src/ATen/CPUGeneratorImpl.cpp.o
[270/1263] Building CXX object caffe2/CMakeFiles/torch_cpu.dir/__/aten/src/ATen/Context.cpp.o
[271/1263] Building CXX object caffe2/CMakeFiles/torch_cpu.dir/__/aten/src/ATen/DeviceAccelerator.cpp.o
[272/1263] Building CXX object caffe2/CMakeFiles/torch_cpu.dir/__/aten/src/ATen/ConjugateFallback.cpp.o
[273/1263] Building CXX object caffe2/CMakeFiles/torch_cpu.dir/__/aten/src/ATen/Dispatch.cpp.o
[274/1263] Building CXX object caffe2/CMakeFiles/torch_cpu.dir/__/aten/src/ATen/CachedTensorUtils.cpp.o
[275/1263] Building CXX object caffe2/CMakeFiles/torch_cpu.dir/__/aten/src/ATen/DynamicLibrary.cpp.o
[276/1263] Building CXX object caffe2/CMakeFiles/torch_cpu.dir/__/aten/src/ATen/EmptyTensor.cpp.o
[277/1263] Building CXX object caffe2/CMakeFiles/torch_cpu.dir/__/aten/src/ATen/FuncTorchTLS.cpp.o
[278/1263] Building CXX object caffe2/CMakeFiles/torch_cpu.dir/__/aten/src/ATen/DLConvertor.cpp.o
[279/1263] Building CXX object caffe2/CMakeFiles/torch_cpu.dir/__/aten/src/ATen/ExpandUtils.cpp.o
[280/1263] Building CXX object caffe2/CMakeFiles/torch_cpu.dir/__/aten/src/ATen/FunctionalStorageImpl.cpp.o
[281/1263] Building CXX object caffe2/CMakeFiles/torch_cpu.dir/__/aten/src/ATen/FunctionalInverses.cpp.o
[282/1263] Building CXX object caffe2/CMakeFiles/torch_cpu.dir/__/aten/src/ATen/FunctionalTensorWrapper.cpp.o
[283/1263] Building CXX object caffe2/CMakeFiles/torch_cpu.dir/__/aten/src/ATen/FunctionalizeFallbackKernel.cpp.o
[284/1263] Building CXX object caffe2/CMakeFiles/torch_cpu.dir/__/aten/src/ATen/LegacyVmapMode.cpp.o
[285/1263] Building CXX object caffe2/CMakeFiles/torch_cpu.dir/__/aten/src/ATen/LegacyBatchedTensorImpl.cpp.o
[286/1263] Building CXX object caffe2/CMakeFiles/torch_cpu.dir/__/aten/src/ATen/LegacyBatchedFallback.cpp.o
[287/1263] Building CXX object caffe2/CMakeFiles/torch_cpu.dir/__/aten/src/ATen/MapAllocator.cpp.o
[288/1263] Building CXX object caffe2/CMakeFiles/torch_cpu.dir/__/aten/src/ATen/MemoryOverlap.cpp.o
[289/1263] Building CXX object caffe2/CMakeFiles/torch_cpu.dir/__/aten/src/ATen/LegacyVmapTransforms.cpp.o
[290/1263] Building CXX object caffe2/CMakeFiles/torch_cpu.dir/__/aten/src/ATen/NamedTensorUtils.cpp.o
[291/1263] Building CXX object caffe2/CMakeFiles/torch_cpu.dir/__/aten/src/ATen/ParallelCommon.cpp.o
[292/1263] Building CXX object caffe2/CMakeFiles/torch_cpu.dir/__/aten/src/ATen/LegacyBatchingRegistrations.cpp.o
[293/1263] Building CXX object caffe2/CMakeFiles/torch_cpu.dir/__/aten/src/ATen/ParallelOpenMP.cpp.o
[294/1263] Building CXX object caffe2/CMakeFiles/torch_cpu.dir/__/aten/src/ATen/NestedTensorImpl.cpp.o
[295/1263] Building CXX object caffe2/CMakeFiles/torch_cpu.dir/__/aten/src/ATen/ParallelNative.cpp.o
[296/1263] Building CXX object caffe2/CMakeFiles/torch_cpu.dir/__/aten/src/ATen/PythonTorchFunctionTLS.cpp.o
[297/1263] Building CXX object caffe2/CMakeFiles/torch_cpu.dir/__/aten/src/ATen/SequenceNumber.cpp.o
[298/1263] Building CXX object caffe2/CMakeFiles/torch_cpu.dir/__/aten/src/ATen/SavedTensorHooks.cpp.o
[299/1263] Building CXX object caffe2/CMakeFiles/torch_cpu.dir/__/aten/src/ATen/ParallelThreadPoolNative.cpp.o
[300/1263] Building CXX object caffe2/CMakeFiles/torch_cpu.dir/__/aten/src/ATen/ScalarOps.cpp.o
[301/1263] Building CXX object caffe2/CMakeFiles/torch_cpu.dir/__/aten/src/ATen/TensorGeometry.cpp.o
[302/1263] Building CXX object caffe2/CMakeFiles/torch_cpu.dir/__/aten/src/ATen/StorageUtils.cpp.o
[303/1263] Building CXX object caffe2/CMakeFiles/torch_cpu.dir/__/aten/src/ATen/SparseCsrTensorImpl.cpp.o
[304/1263] Building CXX object caffe2/CMakeFiles/torch_cpu.dir/__/aten/src/ATen/SparseTensorImpl.cpp.o
[305/1263] Building CXX object caffe2/CMakeFiles/torch_cpu.dir/__/aten/src/ATen/TensorIndexing.cpp.o
[306/1263] Building CXX object caffe2/CMakeFiles/torch_cpu.dir/__/aten/src/ATen/TensorMeta.cpp.o
[307/1263] Building CXX object caffe2/CMakeFiles/torch_cpu.dir/__/aten/src/ATen/ThreadLocalPythonObjects.cpp.o
[308/1263] Building CXX object caffe2/CMakeFiles/torch_cpu.dir/__/aten/src/ATen/TensorNames.cpp.o
[309/1263] Building CXX object caffe2/CMakeFiles/torch_cpu.dir/__/aten/src/ATen/TensorIterator.cpp.o
[310/1263] Building CXX object caffe2/CMakeFiles/torch_cpu.dir/__/aten/src/ATen/Version.cpp.o
[311/1263] Building CXX object caffe2/CMakeFiles/torch_cpu.dir/__/aten/src/ATen/TensorUtils.cpp.o
[312/1263] Building CXX object caffe2/CMakeFiles/torch_cpu.dir/__/aten/src/ATen/ThreadLocalState.cpp.o
[313/1263] Building CXX object caffe2/CMakeFiles/torch_cpu.dir/__/aten/src/ATen/Utils.cpp.o
[314/1263] Building CXX object caffe2/CMakeFiles/torch_cpu.dir/__/aten/src/ATen/cpu/FlushDenormal.cpp.o
[315/1263] Building CXX object caffe2/CMakeFiles/torch_cpu.dir/__/aten/src/ATen/cpu/Utils.cpp.o
[316/1263] Building CXX object caffe2/CMakeFiles/torch_cpu.dir/__/aten/src/ATen/detail/CPUGuardImpl.cpp.o
[317/1263] Building CXX object caffe2/CMakeFiles/torch_cpu.dir/__/aten/src/ATen/VmapModeRegistrations.cpp.o
[318/1263] Building CXX object caffe2/CMakeFiles/torch_cpu.dir/__/aten/src/ATen/detail/CUDAHooksInterface.cpp.o
[319/1263] Building CXX object caffe2/CMakeFiles/torch_cpu.dir/__/aten/src/ATen/detail/HIPHooksInterface.cpp.o
[320/1263] Building CXX object caffe2/CMakeFiles/torch_cpu.dir/__/aten/src/ATen/detail/HPUHooksInterface.cpp.o
[321/1263] Building CXX object caffe2/CMakeFiles/torch_cpu.dir/__/aten/src/ATen/detail/IPUHooksInterface.cpp.o
[322/1263] Building CXX object caffe2/CMakeFiles/torch_cpu.dir/__/aten/src/ATen/ZeroTensorFallback.cpp.o
[323/1263] Building CXX object caffe2/CMakeFiles/torch_cpu.dir/__/aten/src/ATen/detail/MPSHooksInterface.cpp.o
[324/1263] Building CXX object caffe2/CMakeFiles/torch_cpu.dir/__/aten/src/ATen/detail/MAIAHooksInterface.cpp.o
[325/1263] Building CXX object caffe2/CMakeFiles/torch_cpu.dir/__/aten/src/ATen/detail/MTIAHooksInterface.cpp.o
[326/1263] Building CXX object caffe2/CMakeFiles/torch_cpu.dir/__/aten/src/ATen/detail/MetaGuardImpl.cpp.o
[327/1263] Building CXX object caffe2/CMakeFiles/torch_cpu.dir/__/aten/src/ATen/detail/PrivateUse1HooksInterface.cpp.o
[328/1263] Building CXX object caffe2/CMakeFiles/torch_cpu.dir/__/aten/src/ATen/detail/XPUHooksInterface.cpp.o
[329/1263] Building CXX object caffe2/CMakeFiles/torch_cpu.dir/__/aten/src/ATen/functorch/ADInterpreters.cpp.o
[330/1263] Building CXX object caffe2/CMakeFiles/torch_cpu.dir/__/aten/src/ATen/autocast_mode.cpp.o
[331/1263] Building CXX object caffe2/CMakeFiles/torch_cpu.dir/__/aten/src/ATen/functorch/BatchRulesActivation.cpp.o
[332/1263] Building CXX object caffe2/CMakeFiles/torch_cpu.dir/__/aten/src/ATen/functorch/BatchRulesBinaryOps.cpp.o
[333/1263] Building CXX object caffe2/CMakeFiles/torch_cpu.dir/__/aten/src/ATen/functorch/BatchRulesConvolution.cpp.o
[334/1263] Building CXX object caffe2/CMakeFiles/torch_cpu.dir/__/aten/src/ATen/functorch/BatchRulesDynamic.cpp.o
[335/1263] Building CXX object caffe2/CMakeFiles/torch_cpu.dir/__/aten/src/ATen/functorch/BatchRulesDecompositions.cpp.o
[336/1263] Building CXX object caffe2/CMakeFiles/torch_cpu.dir/__/aten/src/ATen/functorch/BatchRulesFactory.cpp.o
[337/1263] Building CXX object caffe2/CMakeFiles/torch_cpu.dir/__/aten/src/ATen/functorch/BatchRulesHelper.cpp.o
[338/1263] Building CXX object caffe2/CMakeFiles/torch_cpu.dir/__/aten/src/ATen/functorch/BatchRulesIndexing.cpp.o
[339/1263] Building CXX object caffe2/CMakeFiles/torch_cpu.dir/__/aten/src/ATen/functorch/BatchRulesLinearAlgebra.cpp.o
[340/1263] Building CXX object caffe2/CMakeFiles/torch_cpu.dir/__/aten/src/ATen/functorch/BatchRulesLoss.cpp.o
[341/1263] Building CXX object caffe2/CMakeFiles/torch_cpu.dir/__/aten/src/ATen/functorch/BatchRulesModules.cpp.o
[342/1263] Building CXX object caffe2/CMakeFiles/torch_cpu.dir/__/aten/src/ATen/functorch/BatchRulesNorm.cpp.o
[343/1263] Building CXX object caffe2/CMakeFiles/torch_cpu.dir/__/aten/src/ATen/functorch/BatchRulesPooling.cpp.o
[344/1263] Building CXX object caffe2/CMakeFiles/torch_cpu.dir/__/aten/src/ATen/functorch/BatchRulesRandomness.cpp.o
[345/1263] Building CXX object caffe2/CMakeFiles/torch_cpu.dir/__/aten/src/ATen/functorch/BatchRulesReduceOps.cpp.o
[346/1263] Building CXX object caffe2/CMakeFiles/torch_cpu.dir/__/aten/src/ATen/functorch/BatchRulesUnaryOps.cpp.o
[347/1263] Building CXX object caffe2/CMakeFiles/torch_cpu.dir/__/aten/src/ATen/functorch/BatchRulesScatterOps.cpp.o
[348/1263] Building CXX object caffe2/CMakeFiles/torch_cpu.dir/__/aten/src/ATen/functorch/BatchedFallback.cpp.o
[349/1263] Building CXX object caffe2/CMakeFiles/torch_cpu.dir/__/aten/src/ATen/functorch/BatchedTensorImpl.cpp.o
[350/1263] Building CXX object caffe2/CMakeFiles/torch_cpu.dir/__/aten/src/ATen/functorch/BatchRulesViews.cpp.o
[351/1263] Building CXX object caffe2/CMakeFiles/torch_cpu.dir/__/aten/src/ATen/functorch/FunctionalizeInterpreter.cpp.o
[352/1263] Building CXX object caffe2/CMakeFiles/torch_cpu.dir/__/aten/src/ATen/functorch/Interpreter.cpp.o
[353/1263] Building CXX object caffe2/CMakeFiles/torch_cpu.dir/__/aten/src/ATen/functorch/PlumbingHelper.cpp.o
[354/1263] Building CXX object caffe2/CMakeFiles/torch_cpu.dir/__/aten/src/ATen/functorch/DynamicLayer.cpp.o
[355/1263] Building CXX object caffe2/CMakeFiles/torch_cpu.dir/__/aten/src/ATen/functorch/LegacyVmapTransforms.cpp.o
[356/1263] Building CXX object caffe2/CMakeFiles/torch_cpu.dir/__/aten/src/ATen/functorch/LegacyBatchingRegistrations.cpp.o
[357/1263] Building CXX object caffe2/CMakeFiles/torch_cpu.dir/__/aten/src/ATen/functorch/VmapInterpreter.cpp.o
[358/1263] Building CXX object caffe2/CMakeFiles/torch_cpu.dir/__/aten/src/ATen/functorch/TensorWrapper.cpp.o
[359/1263] Building CXX object caffe2/CMakeFiles/torch_cpu.dir/__/aten/src/ATen/core/ATenGeneral.cpp.o
[360/1263] Building CXX object caffe2/CMakeFiles/torch_cpu.dir/__/aten/src/ATen/core/BackendSelectFallbackKernel.cpp.o
[361/1263] Building CXX object caffe2/CMakeFiles/torch_cpu.dir/__/aten/src/ATen/functorch/PyTorchOperatorHacks.cpp.o
[362/1263] Building CXX object caffe2/CMakeFiles/torch_cpu.dir/__/aten/src/ATen/record_function.cpp.o
[363/1263] Building CXX object caffe2/CMakeFiles/torch_cpu.dir/__/aten/src/ATen/core/CachingHostAllocator.cpp.o
[364/1263] Building CXX object caffe2/CMakeFiles/torch_cpu.dir/__/aten/src/ATen/core/DeprecatedTypePropertiesRegistry.cpp.o
[365/1263] Building CXX object caffe2/CMakeFiles/torch_cpu.dir/__/aten/src/ATen/core/DeprecatedTypeProperties.cpp.o
[366/1263] Building CXX object caffe2/CMakeFiles/torch_cpu.dir/__/aten/src/ATen/functorch/VmapModeRegistrations.cpp.o
[367/1263] Building CXX object caffe2/CMakeFiles/torch_cpu.dir/__/aten/src/ATen/core/Dimname.cpp.o
[368/1263] Building CXX object caffe2/CMakeFiles/torch_cpu.dir/__/aten/src/ATen/core/GeneratorForPrivateuseone.cpp.o
[369/1263] Building CXX object caffe2/CMakeFiles/torch_cpu.dir/__/aten/src/ATen/core/Dict.cpp.o
[370/1263] Building CXX object caffe2/CMakeFiles/torch_cpu.dir/__/aten/src/ATen/core/Generator.cpp.o
[371/1263] Building CXX object caffe2/CMakeFiles/torch_cpu.dir/__/aten/src/ATen/core/Formatting.cpp.o
[372/1263] Building CXX object caffe2/CMakeFiles/torch_cpu.dir/__/aten/src/ATen/core/List.cpp.o
[373/1263] Building CXX object caffe2/CMakeFiles/torch_cpu.dir/__/aten/src/ATen/core/MetaFallbackKernel.cpp.o
[374/1263] Building CXX object caffe2/CMakeFiles/torch_cpu.dir/__/aten/src/ATen/core/NestedIntSymNodeImpl.cpp.o
[375/1263] Building CXX object caffe2/CMakeFiles/torch_cpu.dir/__/aten/src/ATen/core/NamedTensor.cpp.o
[376/1263] Building CXX object caffe2/CMakeFiles/torch_cpu.dir/__/aten/src/ATen/core/Range.cpp.o
[377/1263] Building CXX object caffe2/CMakeFiles/torch_cpu.dir/__/aten/src/ATen/core/NamedRegistrations.cpp.o
[378/1263] Building CXX object caffe2/CMakeFiles/torch_cpu.dir/__/aten/src/ATen/core/PythonOpRegistrationTrampoline.cpp.o
[379/1263] Building CXX object caffe2/CMakeFiles/torch_cpu.dir/__/aten/src/ATen/core/PythonFallbackKernel.cpp.o
[380/1263] Building CXX object caffe2/CMakeFiles/torch_cpu.dir/__/aten/src/ATen/core/Tensor.cpp.o
[381/1263] Building CXX object caffe2/CMakeFiles/torch_cpu.dir/__/aten/src/ATen/core/TorchDispatchUtils.cpp.o
[382/1263] Building CXX object caffe2/CMakeFiles/torch_cpu.dir/__/aten/src/ATen/core/VariableHooksInterface.cpp.o
[383/1263] Building CXX object caffe2/CMakeFiles/torch_cpu.dir/__/aten/src/ATen/core/Vitals.cpp.o
[384/1263] Building CXX object caffe2/CMakeFiles/torch_cpu.dir/__/aten/src/ATen/core/blob.cpp.o
[385/1263] Building CXX object caffe2/CMakeFiles/torch_cpu.dir/__/aten/src/ATen/core/VariableFallbackKernel.cpp.o
[386/1263] Building CXX object caffe2/CMakeFiles/torch_cpu.dir/__/aten/src/ATen/core/adaption.cpp.o
[387/1263] Building CXX object caffe2/CMakeFiles/torch_cpu.dir/__/aten/src/ATen/core/boxing/KernelFunction.cpp.o
[388/1263] Building CXX object caffe2/CMakeFiles/torch_cpu.dir/__/aten/src/ATen/core/class_type.cpp.o
[389/1263] Building CXX object caffe2/CMakeFiles/torch_cpu.dir/__/aten/src/ATen/core/dispatch/DispatchKeyExtractor.cpp.o
[390/1263] Building CXX object caffe2/CMakeFiles/torch_cpu.dir/__/aten/src/ATen/core/custom_class.cpp.o
[391/1263] Building CXX object caffe2/CMakeFiles/torch_cpu.dir/__/aten/src/ATen/core/dispatch/ObservedOperators.cpp.o
[392/1263] Building CXX object caffe2/CMakeFiles/torch_cpu.dir/__/aten/src/ATen/core/dispatch/Dispatcher.cpp.o
[393/1263] Building CXX object caffe2/CMakeFiles/torch_cpu.dir/__/aten/src/ATen/core/dispatch/OperatorEntry.cpp.o
[394/1263] Building CXX object caffe2/CMakeFiles/torch_cpu.dir/__/aten/src/ATen/core/dynamic_type.cpp.o
[395/1263] Building CXX object caffe2/CMakeFiles/torch_cpu.dir/__/aten/src/ATen/core/function_schema.cpp.o
[396/1263] Building CXX object caffe2/CMakeFiles/torch_cpu.dir/__/aten/src/ATen/core/interned_strings.cpp.o
[397/1263] Building CXX object caffe2/CMakeFiles/torch_cpu.dir/__/aten/src/ATen/core/op_registration/op_registration.cpp.o
[398/1263] Building CXX object caffe2/CMakeFiles/torch_cpu.dir/__/aten/src/ATen/core/op_registration/infer_schema.cpp.o
[399/1263] Building CXX object caffe2/CMakeFiles/torch_cpu.dir/__/aten/src/ATen/core/library.cpp.o
[400/1263] Building CXX object caffe2/CMakeFiles/torch_cpu.dir/__/aten/src/ATen/core/operator_name.cpp.o
[401/1263] Building CXX object caffe2/CMakeFiles/torch_cpu.dir/__/aten/src/ATen/core/ivalue.cpp.o
[402/1263] Building CXX object caffe2/CMakeFiles/torch_cpu.dir/__/aten/src/ATen/core/register_symbols.cpp.o
[403/1263] Building CXX object caffe2/CMakeFiles/torch_cpu.dir/__/aten/src/ATen/core/tensor_type.cpp.o
[404/1263] Building CXX object caffe2/CMakeFiles/torch_cpu.dir/__/aten/src/ATen/core/type_factory.cpp.o
[405/1263] Building CXX object caffe2/CMakeFiles/torch_cpu.dir/__/torch/csrc/jit/frontend/error_report.cpp.o
[406/1263] Building CXX object caffe2/CMakeFiles/torch_cpu.dir/__/aten/src/ATen/core/union_type.cpp.o
[407/1263] Building CXX object caffe2/CMakeFiles/torch_cpu.dir/__/aten/src/ATen/core/type.cpp.o
[408/1263] Building CXX object caffe2/CMakeFiles/torch_cpu.dir/__/torch/csrc/jit/frontend/strtod.cpp.o
[409/1263] Building CXX object caffe2/CMakeFiles/torch_cpu.dir/__/torch/csrc/jit/frontend/lexer.cpp.o
[410/1263] Building CXX object caffe2/CMakeFiles/torch_cpu.dir/__/torch/csrc/jit/frontend/function_schema_parser.cpp.o
[411/1263] Building CXX object caffe2/CMakeFiles/torch_cpu.dir/__/aten/src/ATen/native/Activation.cpp.o
[412/1263] Building CXX object caffe2/CMakeFiles/torch_cpu.dir/__/torch/csrc/jit/frontend/schema_type_parser.cpp.o
[413/1263] Building CXX object caffe2/CMakeFiles/torch_cpu.dir/__/torch/csrc/jit/frontend/source_range.cpp.o
[414/1263] Building CXX object caffe2/CMakeFiles/torch_cpu.dir/__/aten/src/ATen/native/AdaptiveMaxPooling2d.cpp.o
[415/1263] Building CXX object caffe2/CMakeFiles/torch_cpu.dir/__/aten/src/ATen/native/AdaptiveAveragePooling.cpp.o
[416/1263] Building CXX object caffe2/CMakeFiles/torch_cpu.dir/__/aten/src/ATen/native/AdaptiveMaxPooling3d.cpp.o
[417/1263] Building CXX object caffe2/CMakeFiles/torch_cpu.dir/__/aten/src/ATen/native/AdaptiveAveragePooling3d.cpp.o
[418/1263] Building CXX object caffe2/CMakeFiles/torch_cpu.dir/__/aten/src/ATen/native/AffineGridGenerator.cpp.o
[419/1263] Building CXX object caffe2/CMakeFiles/torch_cpu.dir/__/aten/src/ATen/native/AmpKernels.cpp.o
[420/1263] Building CXX object caffe2/CMakeFiles/torch_cpu.dir/__/aten/src/ATen/native/AutogradComposite.cpp.o
[421/1263] Building CXX object caffe2/CMakeFiles/torch_cpu.dir/__/aten/src/ATen/native/AveragePool2d.cpp.o
[422/1263] Building CXX object caffe2/CMakeFiles/torch_cpu.dir/__/aten/src/ATen/native/AveragePool3d.cpp.o
[423/1263] Building CXX object caffe2/CMakeFiles/torch_cpu.dir/__/aten/src/ATen/native/BatchLinearAlgebraKernel.cpp.o
[424/1263] Building CXX object caffe2/CMakeFiles/torch_cpu.dir/__/aten/src/ATen/native/BinaryOps.cpp.o
[425/1263] Building CXX object caffe2/CMakeFiles/torch_cpu.dir/__/aten/src/ATen/native/BatchLinearAlgebra.cpp.o
[426/1263] Building CXX object caffe2/CMakeFiles/torch_cpu.dir/__/aten/src/ATen/native/BlasKernel.cpp.o
[427/1263] Building CXX object caffe2/CMakeFiles/torch_cpu.dir/__/aten/src/ATen/native/Blas.cpp.o
[428/1263] Building CXX object caffe2/CMakeFiles/torch_cpu.dir/__/aten/src/ATen/native/CPUBlas.cpp.o
[429/1263] Building CXX object caffe2/CMakeFiles/torch_cpu.dir/__/aten/src/ATen/native/ChanelShuffle.cpp.o
[430/1263] Building CXX object caffe2/CMakeFiles/torch_cpu.dir/__/aten/src/ATen/native/Bucketization.cpp.o
