make: cmake --build /workspace/.torch-build --target torch_python -j 4
[1/154] Linking CXX static library lib/libshm.a
[2/154] Regenerating version file...
[3/154] Building CXX object caffe2/torch/CMakeFiles/torch_python.dir/csrc/autograd/generated/python_functions_1.cpp.o
[4/154] Building CXX object caffe2/torch/CMakeFiles/torch_python.dir/csrc/autograd/generated/python_functions_2.cpp.o
[5/154] Building CXX object caffe2/torch/CMakeFiles/torch_python.dir/csrc/autograd/generated/python_functions_3.cpp.o
[6/154] Building CXX object caffe2/torch/CMakeFiles/torch_python.dir/csrc/autograd/generated/python_functions_0.cpp.o
[7/154] Building CXX object caffe2/torch/CMakeFiles/torch_python.dir/csrc/autograd/generated/python_functions_4.cpp.o
[8/154] Building CXX object caffe2/torch/CMakeFiles/torch_python.dir/csrc/autograd/generated/python_torch_functions_1.cpp.o
[9/154] Building CXX object caffe2/torch/CMakeFiles/torch_python.dir/csrc/autograd/generated/python_torch_functions_0.cpp.o
[10/154] Building CXX object caffe2/torch/CMakeFiles/torch_python.dir/csrc/autograd/generated/python_variable_methods.cpp.o
[11/154] Building CXX object caffe2/torch/CMakeFiles/torch_python.dir/csrc/autograd/generated/python_fft_functions.cpp.o
[12/154] Building CXX object caffe2/torch/CMakeFiles/torch_python.dir/csrc/autograd/generated/python_linalg_functions.cpp.o
[13/154] Building CXX object caffe2/torch/CMakeFiles/torch_python.dir/csrc/autograd/generated/python_nn_functions.cpp.o
[14/154] Building CXX object caffe2/torch/CMakeFiles/torch_python.dir/csrc/autograd/generated/python_torch_functions_2.cpp.o
[15/154] Building CXX object caffe2/torch/CMakeFiles/torch_python.dir/csrc/autograd/generated/python_nested_functions.cpp.o
[16/154] Building CXX object caffe2/torch/CMakeFiles/torch_python.dir/csrc/autograd/generated/python_sparse_functions.cpp.o
[17/154] Building CXX object caffe2/torch/CMakeFiles/torch_python.dir/csrc/autograd/generated/python_return_types.cpp.o
[18/154] Building CXX object caffe2/torch/CMakeFiles/torch_python.dir/csrc/autograd/generated/python_special_functions.cpp.o
[19/154] Building CXX object caffe2/torch/CMakeFiles/torch_python.dir/csrc/autograd/generated/python_enum_tag.cpp.o
[20/154] Building CXX object caffe2/torch/CMakeFiles/torch_python.dir/csrc/DeviceAccelerator.cpp.o
[21/154] Building CXX object caffe2/torch/CMakeFiles/torch_python.dir/csrc/DataLoader.cpp.o
[22/154] Building CXX object caffe2/torch/CMakeFiles/torch_python.dir/csrc/Device.cpp.o
[23/154] Building CXX object caffe2/torch/CMakeFiles/torch_python.dir/csrc/Dtype.cpp.o
[24/154] Building CXX object caffe2/torch/CMakeFiles/torch_python.dir/csrc/DynamicTypes.cpp.o
[25/154] Building CXX object caffe2/torch/CMakeFiles/torch_python.dir/csrc/Layout.cpp.o
[26/154] Building CXX object caffe2/torch/CMakeFiles/torch_python.dir/csrc/Exceptions.cpp.o
[27/154] Building CXX object caffe2/torch/CMakeFiles/torch_python.dir/csrc/MemoryFormat.cpp.o
[28/154] Building CXX object caffe2/torch/CMakeFiles/torch_python.dir/csrc/Generator.cpp.o
[29/154] Building CXX object caffe2/torch/CMakeFiles/torch_python.dir/csrc/QScheme.cpp.o
[30/154] Building CXX object caffe2/torch/CMakeFiles/torch_python.dir/csrc/python_dimname.cpp.o
[31/154] Building CXX object caffe2/torch/CMakeFiles/torch_python.dir/csrc/Size.cpp.o
[32/154] Building CXX object caffe2/torch/CMakeFiles/torch_python.dir/csrc/PyInterpreter.cpp.o
[33/154] Building CXX object caffe2/torch/CMakeFiles/torch_python.dir/csrc/Storage.cpp.o
[34/154] Building CXX object caffe2/torch/CMakeFiles/torch_python.dir/csrc/Module.cpp.o
[35/154] Building CXX object caffe2/torch/CMakeFiles/torch_python.dir/csrc/StorageMethods.cpp.o
[36/154] Building CXX object caffe2/torch/CMakeFiles/torch_python.dir/csrc/StorageSharing.cpp.o
[37/154] Building CXX object caffe2/torch/CMakeFiles/torch_python.dir/csrc/Stream.cpp.o
[38/154] Building CXX object caffe2/torch/CMakeFiles/torch_python.dir/csrc/Event.cpp.o
[39/154] Building CXX object caffe2/torch/CMakeFiles/torch_python.dir/csrc/TypeInfo.cpp.o
[40/154] Building CXX object caffe2/torch/CMakeFiles/torch_python.dir/csrc/api/src/python/init.cpp.o
[41/154] Building CXX object caffe2/torch/CMakeFiles/torch_python.dir/csrc/autograd/functions/init.cpp.o
[42/154] Building CXX object caffe2/torch/CMakeFiles/torch_python.dir/csrc/autograd/profiler_python.cpp.o
[43/154] Building CXX object caffe2/torch/CMakeFiles/torch_python.dir/csrc/autograd/python_anomaly_mode.cpp.o
[44/154] Building CXX object caffe2/torch/CMakeFiles/torch_python.dir/csrc/autograd/python_cpp_function.cpp.o
/workspace/.src/pytorch/torch/csrc/autograd/python_cpp_function.cpp:37:18: warning: comparison of integers of different signs: 'Py_ssize_t' (aka 'long') and 'uint32_t' (aka 'unsigned int') [-Wsign-compare]
   37 |   if (num_inputs != num_inputs_required) {
      |       ~~~~~~~~~~ ^  ~~~~~~~~~~~~~~~~~~~
1 warning generated.
[45/154] Building CXX object caffe2/torch/CMakeFiles/torch_python.dir/csrc/autograd/python_saved_variable_hooks.cpp.o
[46/154] Building CXX object caffe2/torch/CMakeFiles/torch_python.dir/csrc/autograd/init.cpp.o
[47/154] Building CXX object caffe2/torch/CMakeFiles/torch_python.dir/csrc/autograd/python_engine.cpp.o
[48/154] Building CXX object caffe2/torch/CMakeFiles/torch_python.dir/csrc/autograd/python_hook.cpp.o
[49/154] Building CXX object caffe2/torch/CMakeFiles/torch_python.dir/csrc/autograd/python_legacy_variable.cpp.o
[50/154] Building CXX object caffe2/torch/CMakeFiles/torch_python.dir/csrc/autograd/python_nested_functions_manual.cpp.o
[51/154] Building CXX object caffe2/torch/CMakeFiles/torch_python.dir/csrc/autograd/python_function.cpp.o
[52/154] Building CXX object caffe2/torch/CMakeFiles/torch_python.dir/csrc/autograd/python_torch_functions_manual.cpp.o
[53/154] Building CXX object caffe2/torch/CMakeFiles/torch_python.dir/csrc/autograd/python_variable.cpp.o
In file included from /workspace/.src/pytorch/torch/csrc/autograd/python_variable.cpp:21:
/workspace/.src/pytorch/torch/csrc/autograd/python_variable_indexing.h:25:13: warning: result of comparison of constant -4611686018427387904 with expression of type 'Py_ssize_t' (aka 'long') is always false [-Wtautological-constant-out-of-range-compare]
   25 |     if (val < c10::SymInt::min_representable_int()) {
      |         ~~~ ^ ~~~~~~~~~~~~~~~~~~~~~~~~~~~~~~~~~~~~
1 warning generated.
[54/154] Building CXX object caffe2/torch/CMakeFiles/torch_python.dir/csrc/autograd/python_variable_indexing.cpp.o
In file included from /workspace/.src/pytorch/torch/csrc/autograd/python_variable_indexing.cpp:1:
/workspace/.src/pytorch/torch/csrc/autograd/python_variable_indexing.h:25:13: warning: result of comparison of constant -4611686018427387904 with expression of type 'Py_ssize_t' (aka 'long') is always false [-Wtautological-constant-out-of-range-compare]
   25 |     if (val < c10::SymInt::min_representable_int()) {
      |         ~~~ ^ ~~~~~~~~~~~~~~~~~~~~~~~~~~~~~~~~~~~~
1 warning generated.
[55/154] Building CXX object caffe2/torch/CMakeFiles/torch_python.dir/csrc/dynamo/cache_entry.cpp.o
[56/154] Building C object caffe2/torch/CMakeFiles/torch_python.dir/csrc/dynamo/cpython_defs.c.o
[57/154] Building C object caffe2/torch/CMakeFiles/torch_python.dir/csrc/dynamo/eval_frame.c.o
[58/154] Building CXX object caffe2/torch/CMakeFiles/torch_python.dir/csrc/dynamo/cpp_shim.cpp.o
[59/154] Building CXX object caffe2/torch/CMakeFiles/torch_python.dir/csrc/dynamo/eval_frame_cpp.cpp.o
[60/154] Building CXX object caffe2/torch/CMakeFiles/torch_python.dir/csrc/dynamo/extra_state.cpp.o
[61/154] Building CXX object caffe2/torch/CMakeFiles/torch_python.dir/csrc/dynamo/python_compiled_autograd.cpp.o
[62/154] Building CXX object caffe2/torch/CMakeFiles/torch_python.dir/csrc/dynamo/framelocals_mapping.cpp.o
[63/154] Building CXX object caffe2/torch/CMakeFiles/torch_python.dir/csrc/dynamo/utils.cpp.o
[64/154] Building CXX object caffe2/torch/CMakeFiles/torch_python.dir/csrc/fx/node.cpp.o
[65/154] Building CXX object caffe2/torch/CMakeFiles/torch_python.dir/csrc/dynamo/init.cpp.o
[66/154] Building CXX object caffe2/torch/CMakeFiles/torch_python.dir/csrc/mps/Module.cpp.o
[67/154] Building CXX object caffe2/torch/CMakeFiles/torch_python.dir/csrc/mtia/Module.cpp.o
[68/154] Building CXX object caffe2/torch/CMakeFiles/torch_python.dir/csrc/functorch/init.cpp.o
[69/154] Building CXX object caffe2/torch/CMakeFiles/torch_python.dir/csrc/inductor/aoti_package/pybind.cpp.o
[70/154] Building CXX object caffe2/torch/CMakeFiles/torch_python.dir/csrc/inductor/aoti_runner/pybind.cpp.o
[71/154] Building CXX object caffe2/torch/CMakeFiles/torch_python.dir/csrc/dynamo/guards.cpp.o
[72/154] Building CXX object caffe2/torch/CMakeFiles/torch_python.dir/csrc/export/pybind.cpp.o
[73/154] Building CXX object caffe2/torch/CMakeFiles/torch_python.dir/csrc/inductor/static_cuda_launcher.cpp.o
[74/154] Building CXX object caffe2/torch/CMakeFiles/torch_python.dir/csrc/inductor/aoti_eager/kernel_meta_info.cpp.o
[75/154] Building CXX object caffe2/torch/CMakeFiles/torch_python.dir/csrc/inductor/resize_storage_bytes.cpp.o
[76/154] Building CXX object caffe2/torch/CMakeFiles/torch_python.dir/csrc/inductor/aoti_eager/kernel_holder.cpp.o
[77/154] Building CXX object caffe2/torch/CMakeFiles/torch_python.dir/csrc/jit/passes/onnx/cast_all_constant_to_floating.cpp.o
[78/154] Building CXX object caffe2/torch/CMakeFiles/torch_python.dir/csrc/jit/passes/onnx/deduplicate_initializers.cpp.o
[79/154] Building CXX object caffe2/torch/CMakeFiles/torch_python.dir/csrc/jit/backends/backend_init.cpp.o
[80/154] Building CXX object caffe2/torch/CMakeFiles/torch_python.dir/csrc/jit/passes/onnx.cpp.o
[81/154] Building CXX object caffe2/torch/CMakeFiles/torch_python.dir/csrc/jit/passes/onnx/constant_fold.cpp.o
[82/154] Building CXX object caffe2/torch/CMakeFiles/torch_python.dir/csrc/jit/passes/onnx/constant_map.cpp.o
[83/154] Building CXX object caffe2/torch/CMakeFiles/torch_python.dir/csrc/jit/passes/onnx/eval_peephole.cpp.o
[84/154] Building CXX object caffe2/torch/CMakeFiles/torch_python.dir/csrc/jit/passes/onnx/eliminate_unused_items.cpp.o
[85/154] Building CXX object caffe2/torch/CMakeFiles/torch_python.dir/csrc/jit/passes/onnx/list_model_parameters.cpp.o
[86/154] Building CXX object caffe2/torch/CMakeFiles/torch_python.dir/csrc/jit/passes/onnx/function_substitution.cpp.o
[87/154] Building CXX object caffe2/torch/CMakeFiles/torch_python.dir/csrc/jit/passes/onnx/helper.cpp.o
[88/154] Building CXX object caffe2/torch/CMakeFiles/torch_python.dir/csrc/jit/passes/onnx/fixup_onnx_controlflow.cpp.o
[89/154] Building CXX object caffe2/torch/CMakeFiles/torch_python.dir/csrc/jit/passes/onnx/peephole.cpp.o
[90/154] Building CXX object caffe2/torch/CMakeFiles/torch_python.dir/csrc/jit/python/init.cpp.o
[91/154] Building CXX object caffe2/torch/CMakeFiles/torch_python.dir/csrc/jit/passes/onnx/prepare_division_for_onnx.cpp.o
[92/154] Building CXX object caffe2/torch/CMakeFiles/torch_python.dir/csrc/jit/passes/onnx/preprocess_for_onnx.cpp.o
[93/154] Building CXX object caffe2/torch/CMakeFiles/torch_python.dir/csrc/jit/passes/onnx/scalar_type_analysis.cpp.o
[94/154] Building CXX object caffe2/torch/CMakeFiles/torch_python.dir/csrc/jit/passes/onnx/remove_inplace_ops_for_onnx.cpp.o
[95/154] Building CXX object caffe2/torch/CMakeFiles/torch_python.dir/csrc/jit/passes/onnx/onnx_log.cpp.o
[96/154] Building CXX object caffe2/torch/CMakeFiles/torch_python.dir/csrc/jit/passes/onnx/unpack_quantized_weights.cpp.o
[97/154] Building CXX object caffe2/torch/CMakeFiles/torch_python.dir/csrc/jit/passes/onnx/function_extraction.cpp.o
[98/154] Building CXX object caffe2/torch/CMakeFiles/torch_python.dir/csrc/jit/passes/onnx/naming.cpp.o
[99/154] Building CXX object caffe2/torch/CMakeFiles/torch_python.dir/csrc/jit/passes/onnx/pattern_conversion/autograd_function_process.cpp.o
[100/154] Building CXX object caffe2/torch/CMakeFiles/torch_python.dir/csrc/jit/passes/onnx/pattern_conversion/common.cpp.o
[101/154] Building CXX object caffe2/torch/CMakeFiles/torch_python.dir/csrc/jit/passes/onnx/shape_type_inference.cpp.o
[102/154] Building CXX object caffe2/torch/CMakeFiles/torch_python.dir/csrc/jit/python/pybind_utils.cpp.o
[103/154] Building CXX object caffe2/torch/CMakeFiles/torch_python.dir/csrc/jit/passes/onnx/pattern_conversion/pattern_encapsulation.cpp.o
[104/154] Building CXX object caffe2/torch/CMakeFiles/torch_python.dir/csrc/jit/passes/onnx/pattern_conversion/pattern_conversion.cpp.o
[105/154] Building CXX object caffe2/torch/CMakeFiles/torch_python.dir/csrc/jit/python/python_arg_flatten.cpp.o
[106/154] Building CXX object caffe2/torch/CMakeFiles/torch_python.dir/csrc/jit/python/python_dict.cpp.o
[107/154] Building CXX object caffe2/torch/CMakeFiles/torch_python.dir/csrc/jit/python/python_custom_class.cpp.o
[108/154] Building CXX object caffe2/torch/CMakeFiles/torch_python.dir/csrc/jit/python/python_interpreter.cpp.o
[109/154] Building CXX object caffe2/torch/CMakeFiles/torch_python.dir/csrc/jit/python/python_list.cpp.o
[110/154] Building CXX object caffe2/torch/CMakeFiles/torch_python.dir/csrc/jit/python/python_tracer.cpp.o
[111/154] Building CXX object caffe2/torch/CMakeFiles/torch_python.dir/csrc/jit/frontend/tree_views.cpp.o
[112/154] Building CXX object caffe2/torch/CMakeFiles/torch_python.dir/csrc/jit/frontend/concrete_module_type.cpp.o
[113/154] Building CXX object caffe2/torch/CMakeFiles/torch_python.dir/csrc/jit/python/python_ir.cpp.o
[114/154] Building CXX object caffe2/torch/CMakeFiles/torch_python.dir/csrc/jit/python/python_sugared_value.cpp.o
[115/154] Building CXX object caffe2/torch/CMakeFiles/torch_python.dir/csrc/jit/python/python_tree_views.cpp.o
[116/154] Building CXX object caffe2/torch/CMakeFiles/torch_python.dir/csrc/jit/runtime/static/init.cpp.o
[117/154] Building CXX object caffe2/torch/CMakeFiles/torch_python.dir/csrc/jit/python/script_init.cpp.o
[118/154] Building CXX object caffe2/torch/CMakeFiles/torch_python.dir/csrc/multiprocessing/init.cpp.o
[119/154] Building CXX object caffe2/torch/CMakeFiles/torch_python.dir/csrc/monitor/python_init.cpp.o
[120/154] Building CXX object caffe2/torch/CMakeFiles/torch_python.dir/csrc/profiler/python/combined_traceback.cpp.o
[121/154] Building CXX object caffe2/torch/CMakeFiles/torch_python.dir/csrc/profiler/python/init.cpp.o
[122/154] Building CXX object caffe2/torch/CMakeFiles/torch_python.dir/csrc/onnx/init.cpp.o
[123/154] Building CXX object caffe2/torch/CMakeFiles/torch_python.dir/csrc/jit/tensorexpr/tensorexpr_init.cpp.o
[124/154] Building CXX object caffe2/torch/CMakeFiles/torch_python.dir/csrc/serialization.cpp.o
[125/154] Building CXX object caffe2/torch/CMakeFiles/torch_python.dir/csrc/tensor/python_tensor.cpp.o
[126/154] Building CXX object caffe2/torch/CMakeFiles/torch_python.dir/csrc/utils/device_lazy_init.cpp.o
[127/154] Building CXX object caffe2/torch/CMakeFiles/torch_python.dir/csrc/utils/init.cpp.o
[128/154] Building CXX object caffe2/torch/CMakeFiles/torch_python.dir/csrc/utils/throughput_benchmark.cpp.o
[129/154] Building CXX object caffe2/torch/CMakeFiles/torch_python.dir/csrc/utils.cpp.o
[130/154] Building CXX object caffe2/torch/CMakeFiles/torch_python.dir/csrc/utils/object_ptr.cpp.o
[131/154] Building CXX object caffe2/torch/CMakeFiles/torch_python.dir/csrc/utils/invalid_arguments.cpp.o
[132/154] Building CXX object caffe2/torch/CMakeFiles/torch_python.dir/csrc/utils/python_symnode.cpp.o
[133/154] Building CXX object caffe2/torch/CMakeFiles/torch_python.dir/csrc/utils/python_arg_parser.cpp.o
[134/154] Building CXX object caffe2/torch/CMakeFiles/torch_python.dir/csrc/utils/pyobject_preservation.cpp.o
[135/154] Building CXX object caffe2/torch/CMakeFiles/torch_python.dir/csrc/utils/nested.cpp.o
[136/154] Building CXX object caffe2/torch/CMakeFiles/torch_python.dir/csrc/utils/pybind.cpp.o
[137/154] Building CXX object caffe2/torch/CMakeFiles/torch_python.dir/csrc/utils/structseq.cpp.o
[138/154] Building CXX object caffe2/torch/CMakeFiles/torch_python.dir/csrc/utils/tensor_dtypes.cpp.o
[139/154] Building CXX object caffe2/torch/CMakeFiles/torch_python.dir/csrc/utils/python_dispatch.cpp.o
[140/154] Building CXX object caffe2/torch/CMakeFiles/torch_python.dir/csrc/utils/tensor_layouts.cpp.o
[141/154] Building CXX object caffe2/torch/CMakeFiles/torch_python.dir/csrc/utils/tensor_apply.cpp.o
[142/154] Building CXX object caffe2/torch/CMakeFiles/torch_python.dir/csrc/utils/tensor_memoryformats.cpp.o
[143/154] Building CXX object caffe2/torch/CMakeFiles/torch_python.dir/csrc/utils/tensor_qschemes.cpp.o
[144/154] Building CXX object caffe2/torch/CMakeFiles/torch_python.dir/csrc/utils/tensor_list.cpp.o
[145/154] Building CXX object caffe2/torch/CMakeFiles/torch_python.dir/csrc/utils/tensor_types.cpp.o
[146/154] Building CXX object caffe2/torch/CMakeFiles/torch_python.dir/csrc/utils/tensor_numpy.cpp.o
[147/154] Building CXX object caffe2/torch/CMakeFiles/torch_python.dir/csrc/utils/verbose.cpp.o
[148/154] Building CXX object caffe2/torch/CMakeFiles/torch_python.dir/csrc/utils/tensor_new.cpp.o
[149/154] Building CXX object caffe2/torch/CMakeFiles/torch_python.dir/csrc/utils/disable_torch_function.cpp.o
[150/154] Building CXX object caffe2/torch/CMakeFiles/torch_python.dir/csrc/cpu/Module.cpp.o
[151/154] Building CXX object caffe2/torch/CMakeFiles/torch_python.dir/csrc/instruction_counter/Module.cpp.o
[152/154] Building CXX object caffe2/torch/CMakeFiles/torch_python.dir/csrc/lazy/python/python_util.cpp.o
[153/154] Building CXX object caffe2/torch/CMakeFiles/torch_python.dir/csrc/lazy/python/init.cpp.o
[154/154] Linking CXX static library lib/libtorch_python.a
BUILD_TORCH_PYTHON_RC=0
