Fetch Shard Index for conda-forge/linux-64                                                      ⧖ Starting
Fetch Shard Index for conda-forge/linux-64                                                ✔ Done (0.1 sec)
Fetch Shard Index for conda-forge/noarch                                                        ⧖ Starting
Fetch Shard Index for conda-forge/noarch                                                  ✔ Done (0.1 sec)
Fetching and Parsing Packages' Shards                                                           ⧖ Starting
Fetching and Parsing Packages' Shards                                                     ✔ Done (3.8 sec)

Resolving Environment                                                                           ⧖ Starting
Resolving Environment                                                                     ✔ Done (0.1 sec)

Transaction

  Prefix: /workspace/.mmroot/envs/ef

  Updating specs:

   - python
   - ruamel.yaml
   - typer
   - rattler-build[version=">=0.67.0,<0.68.0"]
   - pixi
   - jinja2
   - curl
   - requests
   - pyyaml
   - pydantic
   - pip


  Package                    Version  Build                 Channel          Size
───────────────────────────────────────────────────────────────────────────────────
  Install:
───────────────────────────────────────────────────────────────────────────────────

  + _openmp_mutex                4.5  20_gnu                conda-forge      29kB
  + annotated-doc              0.0.5  pyhcf101f3_0          conda-forge      17kB
  + annotated-types            0.8.0  pyhd8ed1ab_0          conda-forge      19kB
  + backports.zstd             1.7.0  py314h680f03e_1       conda-forge       8kB
  + brotli-python              1.2.0  py314hcd2bdb6_4       conda-forge     368kB
  + bzip2                      1.0.8  hda65f42_10           conda-forge     258kB
  + c-ares                    1.34.8  hebe6cf0_2            conda-forge     229kB
  + ca-certificates        2026.7.22  hbd8a1cb_0            conda-forge     132kB
  + certifi                2026.7.22  pyhd8ed1ab_0          conda-forge     137kB
  + charset-normalizer         3.5.1  pyhd8ed1ab_0          conda-forge      64kB
  + colorama                   0.4.6  pyhd8ed1ab_1          conda-forge      27kB
  + curl                      8.22.0  ha042cf0_0            conda-forge     197kB
  + h2                         4.4.1  pyhcf101f3_0          conda-forge     101kB
  + hpack                      4.2.0  pyhd8ed1ab_0          conda-forge      33kB
  + hyperframe                 6.1.0  pyhd8ed1ab_0          conda-forge      17kB
  + icu                         78.3  py310h44b86e0_2       conda-forge      14MB
  + idna                        3.20  pyh5ded981_0          conda-forge     179kB
  + jinja2                     3.1.6  pyhcf101f3_1          conda-forge     121kB
  + keyutils                   1.6.3  h7cc23a3_1            conda-forge     135kB
  + krb5                      1.22.2  hbc21106_2            conda-forge       1MB
  + ld_impl_linux-64          2.46.1  default_hbd61a6d_102  conda-forge     745kB
  + libcurl                   8.22.0  ha042cf0_0            conda-forge     500kB
  + libedit             3.1.20250104  pl5321h373387f_1      conda-forge     135kB
  + libev                       4.33  h280c20c_3            conda-forge      43kB
  + libexpat                   2.8.4  hd2095e1_0            conda-forge      78kB
  + libffi                     3.7.0  h81df57d_1            conda-forge      68kB
  + libgcc                    16.2.0  ha9f2e26_5            conda-forge       1MB
  + libgomp                   16.2.0  he0feb66_5            conda-forge     642kB
  + liblzma                    5.8.3  hb03c661_1            conda-forge     113kB
  + libmpdec                   4.0.0  hb03c661_2            conda-forge      93kB
  + libnghttp2                1.68.1  h74cf4be_1            conda-forge     650kB
  + libpsl                    0.23.1  hd9e3e90_1            conda-forge      73kB
  + libpython                 3.14.7  hdc7f604_106_cp314    conda-forge      11MB
  + libsqlite                 3.53.4  h13e7031_1            conda-forge     974kB
  + libssh2                   1.11.1  h6154650_1            conda-forge     306kB
  + libstdcxx                 16.2.0  h934c35e_5            conda-forge       7MB
  + libuuid                   2.42.3  hcfc3c73_0            conda-forge      40kB
  + libzlib                    1.3.2  h25fd6f3_3            conda-forge      64kB
  + markdown-it-py             4.2.0  pyhd8ed1ab_0          conda-forge      69kB
  + markupsafe                 3.0.3  py314h67df5f8_1       conda-forge      27kB
  + mdurl                      0.1.2  pyhd8ed1ab_1          conda-forge      14kB
  + ncurses                      6.6  hdb14827_1            conda-forge     911kB
  + openssl                    3.6.4  h781a0a9_0            conda-forge       3MB
  + patchelf                  0.19.1  hee9eb32_1            conda-forge     152kB
  + pip                       26.2.1  pyh145f28c_0          conda-forge       1MB
  + pixi                      0.81.0  hf01adef_0            conda-forge      34MB
  + pydantic                  2.13.5  pyhcf101f3_0          conda-forge     347kB
  + pydantic-core             2.46.5  py314h7e8cd81_2       conda-forge       2MB
  + pygments                  2.21.0  pyhcf101f3_0          conda-forge     959kB
  + pysocks                    1.7.1  pyha55dd90_7          conda-forge      21kB
  + python                    3.14.7  hcd007b5_106_cp314    conda-forge      26MB
  + python_abi                  3.14  9_cp314               conda-forge       7kB
  + pyyaml                     6.0.3  py314h67df5f8_1       conda-forge     202kB
  + rattler-build             0.67.0  ha759004_0            conda-forge      19MB
  + readline                     8.3  hd6e31c0_1            conda-forge     349kB
  + requests                  2.34.2  pyhcf101f3_0          conda-forge      69kB
  + rich                      15.0.0  pyhcf101f3_0          conda-forge     209kB
  + ruamel.yaml               0.19.1  pyhcf101f3_0          conda-forge      98kB
  + ruamel.yaml.clib          0.2.15  py314hfe1a184_5       conda-forge     160kB
  + shellingham                1.5.4  pyhd8ed1ab_2          conda-forge      15kB
  + tk                        8.6.13  noxft_h1df4ec4_4      conda-forge       4MB
  + typer                     0.27.2  pyhcf101f3_0          conda-forge     188kB
  + typing-extensions         4.16.0  h69aa097_0            conda-forge      94kB
  + typing-inspection          0.4.4  pyhcf101f3_0          conda-forge      21kB
  + typing_extensions         4.16.0  pyhcf101f3_0          conda-forge      53kB
  + tzdata                     2026c  h151e31d_0            conda-forge     119kB
  + urllib3                    2.8.0  pyhd8ed1ab_0          conda-forge     107kB
  + yaml                       0.2.5  hebe6cf0_3            conda-forge      85kB
  + zstd                       1.5.7  hb78ec9c_7            conda-forge     601kB

  Summary:

  Install: 69 packages

  Total download: 135MB

───────────────────────────────────────────────────────────────────────────────────


warning  libmamba Security Warning: This transaction includes executing package scripts (pre/post-link/unlink) if present. These scripts can contain arbitrary code. Please ensure you trust the package sources.

Transaction starting
Linking python_abi-3.14-9_cp314
Linking ca-certificates-2026.7.22-hbd8a1cb_0
Linking tzdata-2026c-h151e31d_0
Linking libzlib-1.3.2-h25fd6f3_3
Linking libgomp-16.2.0-he0feb66_5
Linking zstd-1.5.7-hb78ec9c_7
Linking _openmp_mutex-4.5-20_gnu
Linking ld_impl_linux-64-2.46.1-default_hbd61a6d_102
Linking libgcc-16.2.0-ha9f2e26_5
Linking yaml-0.2.5-hebe6cf0_3
Linking c-ares-1.34.8-hebe6cf0_2
Linking libev-4.33-h280c20c_3
Linking keyutils-1.6.3-h7cc23a3_1
Linking bzip2-1.0.8-hda65f42_10
Linking libexpat-2.8.4-hd2095e1_0
Linking libffi-3.7.0-h81df57d_1
Linking libmpdec-4.0.0-hb03c661_2
Linking liblzma-5.8.3-hb03c661_1
Linking ncurses-6.6-hdb14827_1
Linking tk-8.6.13-noxft_h1df4ec4_4
Linking openssl-3.6.4-h781a0a9_0
Linking libstdcxx-16.2.0-h934c35e_5
Linking libuuid-2.42.3-hcfc3c73_0
Linking libedit-3.1.20250104-pl5321h373387f_1
Linking readline-8.3-hd6e31c0_1
Linking libssh2-1.11.1-h6154650_1
Linking icu-78.3-py310h44b86e0_2
Linking libnghttp2-1.68.1-h74cf4be_1
Linking patchelf-0.19.1-hee9eb32_1
Linking libpython-3.14.7-hdc7f604_106_cp314
Linking pixi-0.81.0-hf01adef_0
Linking krb5-1.22.2-hbc21106_2
Linking libsqlite-3.53.4-h13e7031_1
Linking libpsl-0.23.1-hd9e3e90_1
Linking rattler-build-0.67.0-ha759004_0
Linking python-3.14.7-hcd007b5_106_cp314
Linking libcurl-8.22.0-ha042cf0_0
Linking brotli-python-1.2.0-py314hcd2bdb6_4
Linking markupsafe-3.0.3-py314h67df5f8_1
Linking ruamel.yaml.clib-0.2.15-py314hfe1a184_5
Linking pyyaml-6.0.3-py314h67df5f8_1
Linking curl-8.22.0-ha042cf0_0
Linking mdurl-0.1.2-pyhd8ed1ab_1
Linking pysocks-1.7.1-pyha55dd90_7
Linking hpack-4.2.0-pyhd8ed1ab_0
Linking hyperframe-6.1.0-pyhd8ed1ab_0
Linking backports.zstd-1.7.0-py314h680f03e_1
Linking pygments-2.21.0-pyhcf101f3_0
Linking charset-normalizer-3.5.1-pyhd8ed1ab_0
Linking idna-3.20-pyh5ded981_0
Linking certifi-2026.7.22-pyhd8ed1ab_0
Linking typing_extensions-4.16.0-pyhcf101f3_0
Linking annotated-doc-0.0.5-pyhcf101f3_0
Linking colorama-0.4.6-pyhd8ed1ab_1
Linking shellingham-1.5.4-pyhd8ed1ab_2
Linking pip-26.2.1-pyh145f28c_0
Linking jinja2-3.1.6-pyhcf101f3_1
Linking ruamel.yaml-0.19.1-pyhcf101f3_0
Linking markdown-it-py-4.2.0-pyhd8ed1ab_0
Linking h2-4.4.1-pyhcf101f3_0
Linking typing-inspection-0.4.4-pyhcf101f3_0
Linking typing-extensions-4.16.0-h69aa097_0
Linking rich-15.0.0-pyhcf101f3_0
Linking urllib3-2.8.0-pyhd8ed1ab_0
Linking annotated-types-0.8.0-pyhd8ed1ab_0
Linking typer-0.27.2-pyhcf101f3_0
Linking requests-2.34.2-pyhcf101f3_0
Linking pydantic-core-2.46.5-py314h7e8cd81_2
Linking pydantic-2.13.5-pyhcf101f3_0

Transaction finished


To activate this environment, use:

    micromamba activate ef

Or to execute a single command in this environment, use:

    micromamba run -n ef mycommand

