Collecting jupyterlite-core==0.6.*
  Downloading jupyterlite_core-0.6.4-py3-none-any.whl.metadata (5.5 kB)
Collecting jupyterlite-xeus==4.*
  Downloading jupyterlite_xeus-4.5.4-py3-none-any.whl.metadata (5.8 kB)
Collecting jupyter_server
  Downloading jupyter_server-2.21.1-py3-none-any.whl.metadata (8.5 kB)
Collecting doit<1,>=0.34 (from jupyterlite-core==0.6.*)
  Downloading doit-0.37.0-py3-none-any.whl.metadata (3.7 kB)
Collecting jupyter-core>=4.7 (from jupyterlite-core==0.6.*)
  Downloading jupyter_core-5.9.1-py3-none-any.whl.metadata (1.5 kB)
Collecting empack<7,>=5.1.1 (from jupyterlite-xeus==4.*)
  Downloading empack-6.0.1-py2.py3-none-any.whl.metadata (2.9 kB)
INFO: pip is looking at multiple versions of jupyterlite-xeus to determine which version is compatible with other requirements. This could take a while.
Collecting jupyterlite-xeus==4.*
  Downloading jupyterlite_xeus-4.5.3-py3-none-any.whl.metadata (5.8 kB)
  Downloading jupyterlite_xeus-4.5.2-py3-none-any.whl.metadata (5.8 kB)
  Downloading jupyterlite_xeus-4.5.1-py3-none-any.whl.metadata (5.8 kB)
  Downloading jupyterlite_xeus-4.5.0-py3-none-any.whl.metadata (5.8 kB)
  Downloading jupyterlite_xeus-4.4.2-py3-none-any.whl.metadata (5.7 kB)
  Downloading jupyterlite_xeus-4.4.1-py3-none-any.whl.metadata (5.7 kB)
  Downloading jupyterlite_xeus-4.4.0-py3-none-any.whl.metadata (5.7 kB)
INFO: pip is still looking at multiple versions of jupyterlite-xeus to determine which version is compatible with other requirements. This could take a while.
  Downloading jupyterlite_xeus-4.3.7-py3-none-any.whl.metadata (5.7 kB)
  Downloading jupyterlite_xeus-4.3.6-py3-none-any.whl.metadata (5.7 kB)
  Downloading jupyterlite_xeus-4.3.5-py3-none-any.whl.metadata (5.7 kB)
  Downloading jupyterlite_xeus-4.3.4-py3-none-any.whl.metadata (5.7 kB)
  Downloading jupyterlite_xeus-4.3.3-py3-none-any.whl.metadata (5.7 kB)
INFO: This is taking longer than usual. You might need to provide the dependency resolver with stricter constraints to reduce runtime. See https://pip.pypa.io/warnings/backtracking for guidance. If you want to abort this run, press Ctrl + C.
  Downloading jupyterlite_xeus-4.3.2-py3-none-any.whl.metadata (5.7 kB)
  Downloading jupyterlite_xeus-4.3.1-py3-none-any.whl.metadata (5.7 kB)
  Downloading jupyterlite_xeus-4.3.0-py3-none-any.whl.metadata (5.7 kB)
  Downloading jupyterlite_xeus-4.2.2-py3-none-any.whl.metadata (5.4 kB)
Collecting pyyaml (from jupyterlite-xeus==4.*)
  Downloading pyyaml-6.0.3-cp312-cp312-manylinux2014_x86_64.manylinux_2_17_x86_64.manylinux_2_28_x86_64.whl.metadata (2.4 kB)
Collecting requests (from jupyterlite-xeus==4.*)
  Downloading requests-2.34.2-py3-none-any.whl.metadata (4.8 kB)
Collecting traitlets (from jupyterlite-xeus==4.*)
  Downloading traitlets-5.16.1-py3-none-any.whl.metadata (10 kB)
Collecting click<8.2 (from empack<7,>=5.1.1->jupyterlite-xeus==4.*)
  Downloading click-8.1.8-py3-none-any.whl.metadata (2.3 kB)
Collecting networkx (from empack<7,>=5.1.1->jupyterlite-xeus==4.*)
  Downloading networkx-3.7-py3-none-any.whl.metadata (6.7 kB)
Collecting platformdirs (from empack<7,>=5.1.1->jupyterlite-xeus==4.*)
  Downloading platformdirs-4.11.12-py3-none-any.whl.metadata (5.5 kB)
Collecting typer (from empack<7,>=5.1.1->jupyterlite-xeus==4.*)
  Downloading typer-0.27.2-py3-none-any.whl.metadata (16 kB)
Collecting anyio>=3.1.0 (from jupyter_server)
  Downloading anyio-4.15.1-py3-none-any.whl.metadata (4.7 kB)
Collecting argon2-cffi>=21.1 (from jupyter_server)
  Downloading argon2_cffi-25.1.0-py3-none-any.whl.metadata (4.1 kB)
Collecting jinja2>=3.0.3 (from jupyter_server)
  Downloading jinja2-3.1.6-py3-none-any.whl.metadata (2.9 kB)
Collecting jupyter-client>=7.4.4 (from jupyter_server)
  Downloading jupyter_client-8.10.0-py3-none-any.whl.metadata (8.5 kB)
Collecting jupyter-events>=0.11.0 (from jupyter_server)
  Downloading jupyter_events-0.12.1-py3-none-any.whl.metadata (5.8 kB)
Collecting jupyter-server-terminals>=0.4.4 (from jupyter_server)
  Downloading jupyter_server_terminals-0.5.4-py3-none-any.whl.metadata (5.9 kB)
Collecting nbconvert>=6.4.4 (from jupyter_server)
  Downloading nbconvert-7.17.1-py3-none-any.whl.metadata (8.4 kB)
Collecting nbformat>=5.3.0 (from jupyter_server)
  Downloading nbformat-5.11.1-py3-none-any.whl.metadata (3.7 kB)
Collecting packaging>=22.0 (from jupyter_server)
  Downloading packaging-26.3-py3-none-any.whl.metadata (3.5 kB)
Collecting prometheus-client>=0.9 (from jupyter_server)
  Downloading prometheus_client-0.26.0-py3-none-any.whl.metadata (2.1 kB)
Collecting pyzmq>=24 (from jupyter_server)
  Downloading pyzmq-27.2.0-cp312-abi3-manylinux_2_26_x86_64.manylinux_2_28_x86_64.whl.metadata (3.8 kB)
Collecting send2trash>=1.8.2 (from jupyter_server)
  Downloading send2trash-2.1.0-py3-none-any.whl.metadata (4.1 kB)
Collecting terminado>=0.8.3 (from jupyter_server)
  Downloading terminado-0.18.1-py3-none-any.whl.metadata (5.8 kB)
Collecting tornado>=6.2.0 (from jupyter_server)
  Downloading tornado-6.5.10-cp39-abi3-manylinux1_x86_64.manylinux_2_28_x86_64.manylinux_2_5_x86_64.whl.metadata (2.8 kB)
Collecting websocket-client>=1.7 (from jupyter_server)
  Downloading websocket_client-1.9.2-py3-none-any.whl.metadata (8.3 kB)
Collecting idna>=2.8 (from anyio>=3.1.0->jupyter_server)
  Downloading idna-3.20-py3-none-any.whl.metadata (7.2 kB)
Collecting typing_extensions>=4.16.0 (from anyio>=3.1.0->jupyter_server)
  Downloading typing_extensions-4.16.0-py3-none-any.whl.metadata (3.3 kB)
Collecting argon2-cffi-bindings (from argon2-cffi>=21.1->jupyter_server)
  Downloading argon2_cffi_bindings-26.1.0-cp310-abi3-manylinux_2_26_x86_64.manylinux_2_28_x86_64.whl.metadata (7.5 kB)
Collecting MarkupSafe>=2.0 (from jinja2>=3.0.3->jupyter_server)
  Downloading markupsafe-3.0.3-cp312-cp312-manylinux2014_x86_64.manylinux_2_17_x86_64.manylinux_2_28_x86_64.whl.metadata (2.7 kB)
Collecting python-dateutil>=2.8.2 (from jupyter-client>=7.4.4->jupyter_server)
  Downloading python_dateutil-2.9.0.post0-py2.py3-none-any.whl.metadata (8.4 kB)
Collecting jsonschema>=4.18.0 (from jsonschema[format-nongpl]>=4.18.0->jupyter-events>=0.11.0->jupyter_server)
  Downloading jsonschema-4.26.0-py3-none-any.whl.metadata (7.6 kB)
Collecting python-json-logger>=2.0.4 (from jupyter-events>=0.11.0->jupyter_server)
  Downloading python_json_logger-4.2.0-py3-none-any.whl.metadata (2.9 kB)
Collecting referencing (from jupyter-events>=0.11.0->jupyter_server)
  Downloading referencing-0.37.0-py3-none-any.whl.metadata (2.8 kB)
Collecting rfc3339-validator (from jupyter-events>=0.11.0->jupyter_server)
  Downloading rfc3339_validator-0.1.4-py2.py3-none-any.whl.metadata (1.5 kB)
Collecting rfc3986-validator>=0.1.1 (from jupyter-events>=0.11.0->jupyter_server)
  Downloading rfc3986_validator-0.1.1-py2.py3-none-any.whl.metadata (1.7 kB)
Collecting attrs>=22.2.0 (from jsonschema>=4.18.0->jsonschema[format-nongpl]>=4.18.0->jupyter-events>=0.11.0->jupyter_server)
  Downloading attrs-26.1.0-py3-none-any.whl.metadata (8.8 kB)
Collecting jsonschema-specifications>=2023.03.6 (from jsonschema>=4.18.0->jsonschema[format-nongpl]>=4.18.0->jupyter-events>=0.11.0->jupyter_server)
  Downloading jsonschema_specifications-2025.9.1-py3-none-any.whl.metadata (2.9 kB)
Collecting rpds-py>=0.25.0 (from jsonschema>=4.18.0->jsonschema[format-nongpl]>=4.18.0->jupyter-events>=0.11.0->jupyter_server)
  Downloading rpds_py-2026.6.3-cp312-cp312-manylinux_2_17_x86_64.manylinux2014_x86_64.whl.metadata (4.1 kB)
Collecting fqdn (from jsonschema[format-nongpl]>=4.18.0->jupyter-events>=0.11.0->jupyter_server)
  Downloading fqdn-1.5.1-py3-none-any.whl.metadata (1.4 kB)
Collecting isoduration (from jsonschema[format-nongpl]>=4.18.0->jupyter-events>=0.11.0->jupyter_server)
  Downloading isoduration-20.11.0-py3-none-any.whl.metadata (5.7 kB)
Collecting jsonpointer>1.13 (from jsonschema[format-nongpl]>=4.18.0->jupyter-events>=0.11.0->jupyter_server)
  Downloading jsonpointer-3.1.1-py3-none-any.whl.metadata (2.4 kB)
Collecting rfc3987-syntax>=1.1.0 (from jsonschema[format-nongpl]>=4.18.0->jupyter-events>=0.11.0->jupyter_server)
  Downloading rfc3987_syntax-1.1.0-py3-none-any.whl.metadata (7.7 kB)
Collecting uri-template (from jsonschema[format-nongpl]>=4.18.0->jupyter-events>=0.11.0->jupyter_server)
  Downloading uri_template-1.3.0-py3-none-any.whl.metadata (8.8 kB)
Collecting webcolors>=24.6.0 (from jsonschema[format-nongpl]>=4.18.0->jupyter-events>=0.11.0->jupyter_server)
  Downloading webcolors-25.10.0-py3-none-any.whl.metadata (2.2 kB)
Collecting beautifulsoup4 (from nbconvert>=6.4.4->jupyter_server)
  Downloading beautifulsoup4-4.15.0-py3-none-any.whl.metadata (3.8 kB)
Collecting bleach!=5.0.0 (from bleach[css]!=5.0.0->nbconvert>=6.4.4->jupyter_server)
  Downloading bleach-6.4.0-py3-none-any.whl.metadata (32 kB)
Collecting defusedxml (from nbconvert>=6.4.4->jupyter_server)
  Downloading defusedxml-0.7.1-py2.py3-none-any.whl.metadata (32 kB)
Collecting jupyterlab-pygments (from nbconvert>=6.4.4->jupyter_server)
  Downloading jupyterlab_pygments-0.3.0-py3-none-any.whl.metadata (4.4 kB)
Collecting mistune<4,>=2.0.3 (from nbconvert>=6.4.4->jupyter_server)
  Downloading mistune-3.3.4-py3-none-any.whl.metadata (1.9 kB)
Collecting nbclient>=0.5.0 (from nbconvert>=6.4.4->jupyter_server)
  Downloading nbclient-0.11.0-py3-none-any.whl.metadata (7.3 kB)
Collecting pandocfilters>=1.4.1 (from nbconvert>=6.4.4->jupyter_server)
  Downloading pandocfilters-1.5.1-py2.py3-none-any.whl.metadata (9.0 kB)
Collecting pygments>=2.4.1 (from nbconvert>=6.4.4->jupyter_server)
  Downloading pygments-2.21.0-py3-none-any.whl.metadata (2.5 kB)
Collecting webencodings (from bleach!=5.0.0->bleach[css]!=5.0.0->nbconvert>=6.4.4->jupyter_server)
  Downloading webencodings-0.6.1-py3-none-any.whl.metadata (3.4 kB)
Collecting tinycss2>=1.1.0 (from bleach[css]!=5.0.0->nbconvert>=6.4.4->jupyter_server)
  Downloading tinycss2-1.5.1-py3-none-any.whl.metadata (3.0 kB)
Collecting fastjsonschema>=2.15 (from nbformat>=5.3.0->jupyter_server)
  Downloading fastjsonschema-2.22.2-py3-none-any.whl.metadata (2.1 kB)
Collecting six>=1.5 (from python-dateutil>=2.8.2->jupyter-client>=7.4.4->jupyter_server)
  Downloading six-1.17.0-py2.py3-none-any.whl.metadata (1.7 kB)
Collecting lark>=1.2.2 (from rfc3987-syntax>=1.1.0->jsonschema[format-nongpl]>=4.18.0->jupyter-events>=0.11.0->jupyter_server)
  Downloading lark-1.3.1-py3-none-any.whl.metadata (1.8 kB)
Collecting ptyprocess (from terminado>=0.8.3->jupyter_server)
  Downloading ptyprocess-0.7.0-py2.py3-none-any.whl.metadata (1.3 kB)
Collecting cffi>=1.0.1 (from argon2-cffi-bindings->argon2-cffi>=21.1->jupyter_server)
  Downloading cffi-2.1.1-cp312-cp312-manylinux2014_x86_64.manylinux_2_17_x86_64.whl.metadata (2.5 kB)
Collecting pycparser (from cffi>=1.0.1->argon2-cffi-bindings->argon2-cffi>=21.1->jupyter_server)
  Downloading pycparser-3.0-py3-none-any.whl.metadata (8.2 kB)
Collecting soupsieve>=1.6.1 (from beautifulsoup4->nbconvert>=6.4.4->jupyter_server)
  Downloading soupsieve-2.9.2-py3-none-any.whl.metadata (4.6 kB)
Collecting arrow>=0.15.0 (from isoduration->jsonschema[format-nongpl]>=4.18.0->jupyter-events>=0.11.0->jupyter_server)
  Downloading arrow-1.4.0-py3-none-any.whl.metadata (7.7 kB)
Collecting tzdata (from arrow>=0.15.0->isoduration->jsonschema[format-nongpl]>=4.18.0->jupyter-events>=0.11.0->jupyter_server)
  Downloading tzdata-2026.4-py2.py3-none-any.whl.metadata (1.4 kB)
Collecting charset_normalizer<4,>=2 (from requests->jupyterlite-xeus==4.*)
  Downloading charset_normalizer-3.5.1-cp312-cp312-manylinux2014_x86_64.manylinux_2_17_x86_64.manylinux_2_28_x86_64.whl.metadata (45 kB)
Collecting urllib3<3,>=1.26 (from requests->jupyterlite-xeus==4.*)
  Downloading urllib3-2.8.0-py3-none-any.whl.metadata (7.4 kB)
Collecting certifi>=2023.5.7 (from requests->jupyterlite-xeus==4.*)
  Downloading certifi-2026.7.22-py3-none-any.whl.metadata (2.5 kB)
Collecting shellingham>=1.3.0 (from typer->empack<7,>=5.1.1->jupyterlite-xeus==4.*)
  Downloading shellingham-1.5.4-py2.py3-none-any.whl.metadata (3.5 kB)
Collecting rich>=13.8.0 (from typer->empack<7,>=5.1.1->jupyterlite-xeus==4.*)
  Downloading rich-15.0.0-py3-none-any.whl.metadata (18 kB)
Collecting annotated-doc>=0.0.2 (from typer->empack<7,>=5.1.1->jupyterlite-xeus==4.*)
  Downloading annotated_doc-0.0.5-py3-none-any.whl.metadata (6.5 kB)
Collecting markdown-it-py>=2.2.0 (from rich>=13.8.0->typer->empack<7,>=5.1.1->jupyterlite-xeus==4.*)
  Downloading markdown_it_py-4.2.0-py3-none-any.whl.metadata (7.4 kB)
Collecting mdurl~=0.1 (from markdown-it-py>=2.2.0->rich>=13.8.0->typer->empack<7,>=5.1.1->jupyterlite-xeus==4.*)
  Downloading mdurl-0.1.2-py3-none-any.whl.metadata (1.6 kB)
Downloading jupyterlite_core-0.6.4-py3-none-any.whl (16.0 MB)
   ━━━━━━━━━━━━━━━━━━━━━━━━━━━━━━━━━━━━━━━━ 16.0/16.0 MB 81.2 MB/s  0:00:00

Downloading jupyterlite_xeus-4.2.2-py3-none-any.whl (9.4 MB)
   ━━━━━━━━━━━━━━━━━━━━━━━━━━━━━━━━━━━━━━━━ 9.4/9.4 MB 27.3 MB/s  0:00:00

Downloading doit-0.37.0-py3-none-any.whl (85 kB)
Downloading empack-6.0.1-py2.py3-none-any.whl (15 kB)
Downloading click-8.1.8-py3-none-any.whl (98 kB)
Downloading jupyter_server-2.21.1-py3-none-any.whl (394 kB)
Downloading anyio-4.15.1-py3-none-any.whl (132 kB)
Downloading argon2_cffi-25.1.0-py3-none-any.whl (14 kB)
Downloading idna-3.20-py3-none-any.whl (69 kB)
Downloading jinja2-3.1.6-py3-none-any.whl (134 kB)
Downloading jupyter_client-8.10.0-py3-none-any.whl (110 kB)
Downloading jupyter_core-5.9.1-py3-none-any.whl (29 kB)
Downloading jupyter_events-0.12.1-py3-none-any.whl (19 kB)
Downloading jsonschema-4.26.0-py3-none-any.whl (90 kB)
Downloading attrs-26.1.0-py3-none-any.whl (67 kB)
Downloading jsonschema_specifications-2025.9.1-py3-none-any.whl (18 kB)
Downloading jsonpointer-3.1.1-py3-none-any.whl (7.7 kB)
Downloading jupyter_server_terminals-0.5.4-py3-none-any.whl (13 kB)
Downloading markupsafe-3.0.3-cp312-cp312-manylinux2014_x86_64.manylinux_2_17_x86_64.manylinux_2_28_x86_64.whl (22 kB)
Downloading nbconvert-7.17.1-py3-none-any.whl (261 kB)
Downloading mistune-3.3.4-py3-none-any.whl (66 kB)
Downloading bleach-6.4.0-py3-none-any.whl (165 kB)
Downloading nbclient-0.11.0-py3-none-any.whl (25 kB)
Downloading nbformat-5.11.1-py3-none-any.whl (79 kB)
Downloading fastjsonschema-2.22.2-py3-none-any.whl (27 kB)
Downloading packaging-26.3-py3-none-any.whl (129 kB)
Downloading pandocfilters-1.5.1-py2.py3-none-any.whl (8.7 kB)
Downloading platformdirs-4.11.12-py3-none-any.whl (24 kB)
Downloading prometheus_client-0.26.0-py3-none-any.whl (64 kB)
Downloading pygments-2.21.0-py3-none-any.whl (1.3 MB)
   ━━━━━━━━━━━━━━━━━━━━━━━━━━━━━━━━━━━━━━━━ 1.3/1.3 MB 106.0 MB/s  0:00:00

Downloading python_dateutil-2.9.0.post0-py2.py3-none-any.whl (229 kB)
Downloading python_json_logger-4.2.0-py3-none-any.whl (14 kB)
Downloading pyyaml-6.0.3-cp312-cp312-manylinux2014_x86_64.manylinux_2_17_x86_64.manylinux_2_28_x86_64.whl (807 kB)
   ━━━━━━━━━━━━━━━━━━━━━━━━━━━━━━━━━━━━━━━━ 807.9/807.9 kB 67.2 MB/s  0:00:00

Downloading pyzmq-27.2.0-cp312-abi3-manylinux_2_26_x86_64.manylinux_2_28_x86_64.whl (872 kB)
   ━━━━━━━━━━━━━━━━━━━━━━━━━━━━━━━━━━━━━━━━ 872.3/872.3 kB 76.8 MB/s  0:00:00

Downloading referencing-0.37.0-py3-none-any.whl (26 kB)
Downloading rfc3986_validator-0.1.1-py2.py3-none-any.whl (4.2 kB)
Downloading rfc3987_syntax-1.1.0-py3-none-any.whl (8.0 kB)
Downloading lark-1.3.1-py3-none-any.whl (113 kB)
Downloading rpds_py-2026.6.3-cp312-cp312-manylinux_2_17_x86_64.manylinux2014_x86_64.whl (366 kB)
Downloading send2trash-2.1.0-py3-none-any.whl (17 kB)
Downloading six-1.17.0-py2.py3-none-any.whl (11 kB)
Downloading terminado-0.18.1-py3-none-any.whl (14 kB)
Downloading tinycss2-1.5.1-py3-none-any.whl (28 kB)
Downloading tornado-6.5.10-cp39-abi3-manylinux1_x86_64.manylinux_2_28_x86_64.manylinux_2_5_x86_64.whl (467 kB)
Downloading traitlets-5.16.1-py3-none-any.whl (86 kB)
Downloading typing_extensions-4.16.0-py3-none-any.whl (45 kB)
Downloading webcolors-25.10.0-py3-none-any.whl (14 kB)
Downloading webencodings-0.6.1-py3-none-any.whl (8.7 kB)
Downloading websocket_client-1.9.2-py3-none-any.whl (95 kB)
Downloading argon2_cffi_bindings-26.1.0-cp310-abi3-manylinux_2_26_x86_64.manylinux_2_28_x86_64.whl (26 kB)
Downloading cffi-2.1.1-cp312-cp312-manylinux2014_x86_64.manylinux_2_17_x86_64.whl (221 kB)
Downloading beautifulsoup4-4.15.0-py3-none-any.whl (109 kB)
Downloading soupsieve-2.9.2-py3-none-any.whl (37 kB)
Downloading defusedxml-0.7.1-py2.py3-none-any.whl (25 kB)
Downloading fqdn-1.5.1-py3-none-any.whl (9.1 kB)
Downloading isoduration-20.11.0-py3-none-any.whl (11 kB)
Downloading arrow-1.4.0-py3-none-any.whl (68 kB)
Downloading jupyterlab_pygments-0.3.0-py3-none-any.whl (15 kB)
Downloading networkx-3.7-py3-none-any.whl (2.1 MB)
   ━━━━━━━━━━━━━━━━━━━━━━━━━━━━━━━━━━━━━━━━ 2.1/2.1 MB 132.1 MB/s  0:00:00

Downloading ptyprocess-0.7.0-py2.py3-none-any.whl (13 kB)
Downloading pycparser-3.0-py3-none-any.whl (48 kB)
Downloading requests-2.34.2-py3-none-any.whl (73 kB)
Downloading charset_normalizer-3.5.1-cp312-cp312-manylinux2014_x86_64.manylinux_2_17_x86_64.manylinux_2_28_x86_64.whl (248 kB)
Downloading urllib3-2.8.0-py3-none-any.whl (135 kB)
Downloading certifi-2026.7.22-py3-none-any.whl (136 kB)
Downloading rfc3339_validator-0.1.4-py2.py3-none-any.whl (3.5 kB)
Downloading typer-0.27.2-py3-none-any.whl (123 kB)
Downloading annotated_doc-0.0.5-py3-none-any.whl (5.3 kB)
Downloading rich-15.0.0-py3-none-any.whl (310 kB)
Downloading markdown_it_py-4.2.0-py3-none-any.whl (91 kB)
Downloading mdurl-0.1.2-py3-none-any.whl (10.0 kB)
Downloading shellingham-1.5.4-py2.py3-none-any.whl (9.8 kB)
Downloading tzdata-2026.4-py2.py3-none-any.whl (347 kB)
Downloading uri_template-1.3.0-py3-none-any.whl (11 kB)
Installing collected packages: ptyprocess, websocket-client, webencodings, webcolors, urllib3, uri-template, tzdata, typing_extensions, traitlets, tornado, soupsieve, six, shellingham, send2trash, rpds-py, rfc3986-validator, pyzmq, pyyaml, python-json-logger, pygments, pycparser, prometheus-client, platformdirs, pandocfilters, packaging, networkx, mistune, mdurl, MarkupSafe, lark, jupyterlab-pygments, jsonpointer, idna, fqdn, fastjsonschema, doit, defusedxml, click, charset_normalizer, certifi, attrs, annotated-doc, tinycss2, terminado, rfc3987-syntax, rfc3339-validator, requests, referencing, python-dateutil, markdown-it-py, jupyter-core, jinja2, cffi, bleach, beautifulsoup4, anyio, rich, jupyterlite-core, jupyter-server-terminals, jupyter-client, jsonschema-specifications, arrow, argon2-cffi-bindings, typer, jsonschema, isoduration, argon2-cffi, nbformat, empack, nbclient, jupyterlite-xeus, jupyter-events, nbconvert, jupyter_server


Successfully installed MarkupSafe-3.0.3 annotated-doc-0.0.5 anyio-4.15.1 argon2-cffi-25.1.0 argon2-cffi-bindings-26.1.0 arrow-1.4.0 attrs-26.1.0 beautifulsoup4-4.15.0 bleach-6.4.0 certifi-2026.7.22 cffi-2.1.1 charset_normalizer-3.5.1 click-8.1.8 defusedxml-0.7.1 doit-0.37.0 empack-6.0.1 fastjsonschema-2.22.2 fqdn-1.5.1 idna-3.20 isoduration-20.11.0 jinja2-3.1.6 jsonpointer-3.1.1 jsonschema-4.26.0 jsonschema-specifications-2025.9.1 jupyter-client-8.10.0 jupyter-core-5.9.1 jupyter-events-0.12.1 jupyter-server-terminals-0.5.4 jupyter_server-2.21.1 jupyterlab-pygments-0.3.0 jupyterlite-core-0.6.4 jupyterlite-xeus-4.2.2 lark-1.3.1 markdown-it-py-4.2.0 mdurl-0.1.2 mistune-3.3.4 nbclient-0.11.0 nbconvert-7.17.1 nbformat-5.11.1 networkx-3.7 packaging-26.3 pandocfilters-1.5.1 platformdirs-4.11.12 prometheus-client-0.26.0 ptyprocess-0.7.0 pycparser-3.0 pygments-2.21.0 python-dateutil-2.9.0.post0 python-json-logger-4.2.0 pyyaml-6.0.3 pyzmq-27.2.0 referencing-0.37.0 requests-2.34.2 rfc3339-validator-0.1.4 rfc3986-validator-0.1.1 rfc3987-syntax-1.1.0 rich-15.0.0 rpds-py-2026.6.3 send2trash-2.1.0 shellingham-1.5.4 six-1.17.0 soupsieve-2.9.2 terminado-0.18.1 tinycss2-1.5.1 tornado-6.5.10 traitlets-5.16.1 typer-0.27.2 typing_extensions-4.16.0 tzdata-2026.4 uri-template-1.3.0 urllib3-2.8.0 webcolors-25.10.0 webencodings-0.6.1 websocket-client-1.9.2
