Traceback (most recent call last):
  File "/home/ubuntu/.local/bin/pyodide", line 8, in <module>
    sys.exit(main())
             ^^^^^^
  File "/home/ubuntu/.local/lib/python3.12/site-packages/pyodide_cli/app.py", line 183, in main
    register_plugins()
  File "/home/ubuntu/.local/lib/python3.12/site-packages/pyodide_cli/app.py", line 160, in register_plugins
    plugins = {ep.name: (ep.load(), ep) for ep in eps}
                         ^^^^^^^^^
  File "/usr/lib/python3.12/importlib/metadata/__init__.py", line 205, in load
    module = import_module(match.group('module'))
             ^^^^^^^^^^^^^^^^^^^^^^^^^^^^^^^^^^^^
  File "/usr/lib/python3.12/importlib/__init__.py", line 90, in import_module
    return _bootstrap._gcd_import(name[level:], package, level)
           ^^^^^^^^^^^^^^^^^^^^^^^^^^^^^^^^^^^^^^^^^^^^^^^^^^^^
  File "<frozen importlib._bootstrap>", line 1387, in _gcd_import
  File "<frozen importlib._bootstrap>", line 1360, in _find_and_load
  File "<frozen importlib._bootstrap>", line 1331, in _find_and_load_unlocked
  File "<frozen importlib._bootstrap>", line 935, in _load_unlocked
  File "<frozen importlib._bootstrap_external>", line 995, in exec_module
  File "<frozen importlib._bootstrap>", line 488, in _call_with_frames_removed
  File "/home/ubuntu/.local/lib/python3.12/site-packages/pyodide_build/cli/build.py", line 22, in <module>
    from pyodide_build.out_of_tree.pypi import (
  File "/home/ubuntu/.local/lib/python3.12/site-packages/pyodide_build/out_of_tree/pypi.py", line 280, in <module>
    class PyPIProvider(_AbstractProvider[Any, Any, Any]):
                       ~~~~~~~~~~~~~~~~~^^^^^^^^^^^^^^^
TypeError: type 'AbstractProvider' is not subscriptable
pyodide CLI version: 0.5.0
pyodide-build version: 0.39.0
auditwheel_emscripten version: 0.2.5
pyodide-lock version: 0.2.1
