=== emscripten_version ===
3.1.58
=== all config ===
emscripten_version="3.1.58"
python_version="3.12.7"
rustflags="-C link-arg=-sSIDE_MODULE=2 -C link-arg=-sWASM_BIGINT"
cmake_toolchain_file="/home/ubuntu/.local/lib/python3.12/site-packages/pyodide_build/tools/cmake/Modules/Platform/Emscripten.cmake"
rust_toolchain="nightly-2025-02-01"
rust_emscripten_target_url=""
cflags="-O2 -g0 -fPIC -I/home/ubuntu/.cache/pyodide-build/.pyodide-xbuildenv-2167202047f0/0.27.8/xbuildenv/pyodide-root/cpython/installs/python-3.12.7/include/python3.12 -Oz"
cxxflags="-O2 -g0 -fPIC -Oz"
ldflags="-O2 -g0  -L/home/ubuntu/.cache/pyodide-build/.pyodide-xbuildenv-2167202047f0/0.27.8/xbuildenv/pyodide-root/cpython/installs/python-3.12.7/lib/ -s WASM_BIGINT -s SIDE_MODULE=1 -Oz"
meson_cross_file="/home/ubuntu/.local/lib/python3.12/site-packages/pyodide_build/tools/emscripten.meson.cross"
xbuildenv_path=""
emsdk_dir="/home/ubuntu/.cache/pyodide-build/.pyodide-xbuildenv-2167202047f0/0.27.8/emsdk"
emscripten_dir="/home/ubuntu/.cache/pyodide-build/.pyodide-xbuildenv-2167202047f0/0.27.8/emsdk/upstream/emscripten"
pyodide_abi_version="2024_0"
pyemscripten_platform_version="2024_0"
pyodide_root="/home/ubuntu/.cache/pyodide-build/.pyodide-xbuildenv-2167202047f0/0.27.8/xbuildenv/pyodide-root"
dist_dir="/home/ubuntu/.cache/pyodide-build/.pyodide-xbuildenv-2167202047f0/0.27.8/xbuildenv/pyodide-root/dist"
python_include_dir="/home/ubuntu/.cache/pyodide-build/.pyodide-xbuildenv-2167202047f0/0.27.8/xbuildenv/pyodide-root/cpython/installs/python-3.12.7/include/python3.12"
ignored_build_requirements="patchelf"
interpreter="/home/ubuntu/.cache/pyodide-build/.pyodide-xbuildenv-2167202047f0/0.27.8/xbuildenv/pyodide-root/dist/python"
package_index="/home/ubuntu/.cache/pyodide-build/.pyodide-xbuildenv-2167202047f0/0.27.8/xbuildenv/pyodide-root/package_index"
