[2026-09-22 13:18:32] Building package torch...                                 
Running build script in                                                         
/home/ubuntu/pyodide-recipes/packages/torch/build/torch-2.8.0                   
Creating isolated environment: venv+pip...
Installing cross-build packages numpy for 0.27.8                                
Installing packages in isolated environment:
- astunparse
- cmake
- ninja
- numpy==2.0.2
- pyyaml
- requests
- setuptools>=62.3.0,<80.0
- typing-extensions>=4.10.0
- wheel
Getting build dependencies for wheel...
configure: cmake -DCMAKE_C_COMPILER=/home/ubuntu/pyodide-recipes/packages/torch/build/pywasmcross_symlinks/cc -DCMAKE_CXX_COMPILER=/home/ubuntu/pyodide-recipes/packages/torch/build/pywasmcross_symlinks/c++ -DCMAKE_AR=/home/ubuntu/pyodide-recipes/packages/torch/build/pywasmcross_symlinks/ar -DCMAKE_C_COMPILER_AR=/home/ubuntu/pyodide-recipes/packages/torch/build/pywasmcross_symlinks/ar -DCMAKE_CXX_COMPILER_AR=/home/ubuntu/pyodide-recipes/packages/torch/build/pywasmcross_symlinks/ar --version -DCMAKE_TOOLCHAIN_FILE=/home/ubuntu/.cache/pyodide-build/.pyodide-xbuildenv-2167202047f0/0.27.8/emsdk/upstream/emscripten/cmake/Modules/Platform/Emscripten.cmake -DCMAKE_CROSSCOMPILING_EMULATOR=/home/ubuntu/.cache/pyodide-build/.pyodide-xbuildenv-2167202047f0/0.27.8/emsdk/node/24.19.0_64bit/bin/node
Building wheel torch-2.8.0a0+gitUnknown
running egg_info
creating torch.egg-info
writing torch.egg-info/PKG-INFO
writing dependency_links to torch.egg-info/dependency_links.txt
writing entry points to torch.egg-info/entry_points.txt
writing requirements to torch.egg-info/requires.txt
writing top-level names to torch.egg-info/top_level.txt
writing manifest file 'torch.egg-info/SOURCES.txt'
reading manifest file 'torch.egg-info/SOURCES.txt'
reading manifest template 'MANIFEST.in'
warning: no files found matching '.gitmodules'
warning: no files found matching '*.*' under directory 'ios'
warning: no files found matching '*.*' under directory 'modules'
warning: no previously-included files matching '*.o' found anywhere in distribution
warning: no previously-included files matching '*.so' found anywhere in distribution
warning: no previously-included files matching '*.dylib' found anywhere in distribution
warning: no previously-included files matching '*.a' found anywhere in distribution
warning: no previously-included files matching '.git' found anywhere in distribution
warning: no previously-included files matching '*.swp' found anywhere in distribution
adding license file 'LICENSE'
adding license file 'NOTICE'
writing manifest file 'torch.egg-info/SOURCES.txt'
/tmp/build-env-h27ave0p/lib/python3.12/site-packages/setuptools/dist.py:334: BuildBackendWarning: Normalizing '2.8.0a0+gitUnknown' to '2.8.0a0+gitunknown'
  self.metadata.version = self._normalize_version(self.metadata.version)
/tmp/build-env-h27ave0p/lib/python3.12/site-packages/setuptools/config/_apply_pyprojecttoml.py:82: BuildBackendWarning: `project.license` as a TOML table is deprecated
!!

        ********************************************************************************
        Please use a simple string containing a SPDX expression for `project.license`. You can also use `project.license-files`. (Both options available on setuptools>=77.0.0).

        This deprecation is overdue, please update your project and remove deprecated
        calls to avoid build errors in the future.

        See https://packaging.python.org/en/latest/guides/writing-pyproject-toml/#license for details.
        ********************************************************************************

!!
  corresp(dist, value, root_dir)
/tmp/build-env-h27ave0p/lib/python3.12/site-packages/setuptools/config/_apply_pyprojecttoml.py:61: BuildBackendWarning: License classifiers are deprecated.
!!

        ********************************************************************************
        Please consider removing the following classifiers in favor of a SPDX license expression:

        License :: OSI Approved :: BSD License

        See https://packaging.python.org/en/latest/guides/writing-pyproject-toml/#license for details.
        ********************************************************************************

!!
  dist._finalize_license_expression()
/tmp/build-env-h27ave0p/lib/python3.12/site-packages/setuptools/dist.py:759: BuildBackendWarning: License classifiers are deprecated.
!!

        ********************************************************************************
        Please consider removing the following classifiers in favor of a SPDX license expression:

        License :: OSI Approved :: BSD License

        See https://packaging.python.org/en/latest/guides/writing-pyproject-toml/#license for details.
        ********************************************************************************

!!
  self._finalize_license_expression()
Building wheel...
configure: cmake -DCMAKE_C_COMPILER=/home/ubuntu/pyodide-recipes/packages/torch/build/pywasmcross_symlinks/cc -DCMAKE_CXX_COMPILER=/home/ubuntu/pyodide-recipes/packages/torch/build/pywasmcross_symlinks/c++ -DCMAKE_AR=/home/ubuntu/pyodide-recipes/packages/torch/build/pywasmcross_symlinks/ar -DCMAKE_C_COMPILER_AR=/home/ubuntu/pyodide-recipes/packages/torch/build/pywasmcross_symlinks/ar -DCMAKE_CXX_COMPILER_AR=/home/ubuntu/pyodide-recipes/packages/torch/build/pywasmcross_symlinks/ar --version -DCMAKE_CROSSCOMPILING_EMULATOR=/home/ubuntu/.cache/pyodide-build/.pyodide-xbuildenv-2167202047f0/0.27.8/emsdk/node/24.19.0_64bit/bin/node
configure: cmake -DCMAKE_C_COMPILER=/home/ubuntu/pyodide-recipes/packages/torch/build/pywasmcross_symlinks/cc -DCMAKE_CXX_COMPILER=/home/ubuntu/pyodide-recipes/packages/torch/build/pywasmcross_symlinks/c++ -DCMAKE_AR=/home/ubuntu/pyodide-recipes/packages/torch/build/pywasmcross_symlinks/ar -DCMAKE_C_COMPILER_AR=/home/ubuntu/pyodide-recipes/packages/torch/build/pywasmcross_symlinks/ar -DCMAKE_CXX_COMPILER_AR=/home/ubuntu/pyodide-recipes/packages/torch/build/pywasmcross_symlinks/ar -GNinja -DATEN_THREADING=NATIVE -DBUILD_CAFFE2=0 -DBUILD_DEPENDENCY_INDEX_URL=https://pypi.anaconda.org/pyodide/simple -DBUILD_ENV_SCRIPTS_DIR=/tmp/build-env-h27ave0p/bin -DBUILD_PYTHON=True -DBUILD_TEST=False -DCMAKE_BUILD_TYPE=Release -DCMAKE_EXECUTABLE=/home/ubuntu/pyodide-recipes/packages/torch/build/pywasmcross_symlinks/cmake -DCMAKE_INSTALL_PREFIX=/home/ubuntu/pyodide-recipes/packages/torch/build/torch-2.8.0/torch -DCMAKE_PREFIX_PATH=/tmp/build-env-h27ave0p/lib/python3.12/site-packages -DCMAKE_TOOLCHAIN_FILE=/home/ubuntu/.local/lib/python3.12/site-packages/pyodide_build/tools/cmake/Modules/Platform/Emscripten.cmake -DPython_EXECUTABLE=/tmp/build-env-h27ave0p/bin/python -DTORCH_BUILD_VERSION=2.8.0a0+gitUnknown -DUSE_CUDA=0 -DUSE_DISTRIBUTED=0 -DUSE_FBGEMM=0 -DUSE_GLOO=0 -DUSE_KINETO=0 -DUSE_LEGACY_PLATFORM=0 -DUSE_MKLDNN=0 -DUSE_MPI=0 -DUSE_NNPACK=0 -DUSE_NUMA=0 -DUSE_NUMPY=True -DUSE_OPENMP=0 -DUSE_PYTORCH_QNNPACK=0 -DUSE_QNNPACK=0 -DUSE_ROCM=0 -DUSE_TENSORPIPE=0 -DUSE_XNNPACK=0 -DUSE_XPU=0 /home/ubuntu/pyodide-recipes/packages/torch/build/torch-2.8.0 -DCMAKE_CROSSCOMPILING_EMULATOR=/home/ubuntu/.cache/pyodide-build/.pyodide-xbuildenv-2167202047f0/0.27.8/emsdk/node/24.19.0_64bit/bin/node
CMake Deprecation Warning at CMakeLists.txt:9 (cmake_policy):
  The OLD behavior for policy CMP0126 will be removed from a future version
  of CMake.

  The cmake-policies(7) manual explains that the OLD behaviors of all
  policies are deprecated and that a policy should be set to OLD only under
  specific short-term circumstances.  Projects should be ported to the NEW
  behavior and not rely on setting a policy to OLD.


-- Not forcing any particular BLAS to be found
-- Could not find ccache. Consider installing ccache to speed up compilation.
-- Performing Test C_HAS_AVX_1
-- Performing Test C_HAS_AVX_1 - Failed
-- Performing Test C_HAS_AVX_2
-- Performing Test C_HAS_AVX_2 - Failed
-- Performing Test C_HAS_AVX_3
-- Performing Test C_HAS_AVX_3 - Failed
-- Performing Test C_HAS_AVX2_1
-- Performing Test C_HAS_AVX2_1 - Failed
-- Performing Test C_HAS_AVX2_2
-- Performing Test C_HAS_AVX2_2 - Failed
-- Performing Test C_HAS_AVX2_3
-- Performing Test C_HAS_AVX2_3 - Failed
-- Performing Test C_HAS_AVX512_1
-- Performing Test C_HAS_AVX512_1 - Failed
-- Performing Test C_HAS_AVX512_2
-- Performing Test C_HAS_AVX512_2 - Failed
-- Performing Test C_HAS_AVX512_3
-- Performing Test C_HAS_AVX512_3 - Failed
-- Performing Test CXX_HAS_AVX_1
-- Performing Test CXX_HAS_AVX_1 - Failed
-- Performing Test CXX_HAS_AVX_2
-- Performing Test CXX_HAS_AVX_2 - Failed
-- Performing Test CXX_HAS_AVX_3
-- Performing Test CXX_HAS_AVX_3 - Failed
-- Performing Test CXX_HAS_AVX2_1
-- Performing Test CXX_HAS_AVX2_1 - Failed
-- Performing Test CXX_HAS_AVX2_2
-- Performing Test CXX_HAS_AVX2_2 - Failed
-- Performing Test CXX_HAS_AVX2_3
-- Performing Test CXX_HAS_AVX2_3 - Failed
-- Performing Test CXX_HAS_AVX512_1
-- Performing Test CXX_HAS_AVX512_1 - Failed
-- Performing Test CXX_HAS_AVX512_2
-- Performing Test CXX_HAS_AVX512_2 - Failed
-- Performing Test CXX_HAS_AVX512_3
-- Performing Test CXX_HAS_AVX512_3 - Failed
-- Performing Test CAFFE2_COMPILER_SUPPORTS_AVX512_EXTENSIONS
-- Performing Test CAFFE2_COMPILER_SUPPORTS_AVX512_EXTENSIONS - Failed
-- Performing Test COMPILER_SUPPORTS_HIDDEN_VISIBILITY
-- Performing Test COMPILER_SUPPORTS_HIDDEN_VISIBILITY - Success
-- Performing Test COMPILER_SUPPORTS_HIDDEN_INLINE_VISIBILITY
-- Performing Test COMPILER_SUPPORTS_HIDDEN_INLINE_VISIBILITY - Success
-- Performing Test COMPILER_SUPPORTS_RDYNAMIC
-- Performing Test COMPILER_SUPPORTS_RDYNAMIC - Success
-- Could not find hardware support for NEON on this machine.
-- No OMAP3 processor on this machine.
-- No OMAP4 processor on this machine.
-- Compiler does not support SVE extension. Will not build perfkernels.
-- Building using own protobuf under third_party per request.
-- Use custom protobuf build.
CMake Deprecation Warning at third_party/protobuf/cmake/CMakeLists.txt:2 (cmake_minimum_required):
  Compatibility with CMake < 3.10 will be removed from a future version of
  CMake.

  Update the VERSION argument <min> value.  Or, use the <min>...<max> syntax
  to tell CMake that the project requires at least <min> but has been updated
  to work with policies introduced by <max> or earlier.


-- 
-- 3.13.0.0
-- Performing Test CMAKE_HAVE_LIBC_PTHREAD
-- Performing Test CMAKE_HAVE_LIBC_PTHREAD - Success
-- Found Threads: TRUE
-- Performing Test protobuf_HAVE_BUILTIN_ATOMICS
-- Performing Test protobuf_HAVE_BUILTIN_ATOMICS - Success
-- Caffe2 protobuf include directory: $<BUILD_INTERFACE:/home/ubuntu/pyodide-recipes/packages/torch/build/torch-2.8.0/third_party/protobuf/src>$<INSTALL_INTERFACE:include>
-- Trying to find preferred BLAS backend of choice: MKL
-- MKL_THREADING = OMP
-- Looking for sys/types.h
-- Looking for sys/types.h - found
-- Looking for stdint.h
-- Looking for stdint.h - found
-- Looking for stddef.h
-- Looking for stddef.h - found
-- Check size of void*
-- Check size of void* - done
-- MKL_THREADING = OMP
CMake Warning at cmake/Dependencies.cmake:208 (message):
  MKL could not be found.  Defaulting to Eigen
Call Stack (most recent call first):
  CMakeLists.txt:863 (include)


CMake Warning at cmake/Dependencies.cmake:256 (message):
  Preferred BLAS (MKL) cannot be found, now searching for a general BLAS
  library
Call Stack (most recent call first):
  CMakeLists.txt:863 (include)


-- MKL_THREADING = OMP
-- Checking for [mkl_intel - mkl_intel_thread - mkl_core - iomp5 - pthread - m]
--   Library mkl_intel: not found
-- Checking for [mkl_intel - mkl_intel_thread - mkl_core - guide - pthread - m]
--   Library mkl_intel: not found
-- Checking for [mkl_intel - mkl_intel_thread - mkl_core - pthread - m]
--   Library mkl_intel: not found
-- Checking for [mkl_intel - mkl_sequential - mkl_core - m]
--   Library mkl_intel: not found
-- Checking for [mkl_intel - mkl_core - iomp5 - pthread - m]
--   Library mkl_intel: not found
-- Checking for [mkl_intel - mkl_core - guide - pthread - m]
--   Library mkl_intel: not found
-- Checking for [mkl_intel - mkl_core - pthread - m]
--   Library mkl_intel: not found
-- Checking for [mkl - guide - pthread - m]
--   Library mkl: not found
-- MKL library not found
-- Checking for [blis]
--   Library blis: BLAS_blis_LIBRARY-NOTFOUND
-- Checking for [Accelerate]
--   Library Accelerate: BLAS_Accelerate_LIBRARY-NOTFOUND
-- Checking for [vecLib]
--   Library vecLib: BLAS_vecLib_LIBRARY-NOTFOUND
-- Checking for [flexiblas]
--   Library flexiblas: BLAS_flexiblas_LIBRARY-NOTFOUND
-- Checking for [openblas]
--   Library openblas: BLAS_openblas_LIBRARY-NOTFOUND
-- Checking for [openblas - pthread - m]
--   Library openblas: BLAS_openblas_LIBRARY-NOTFOUND
-- Checking for [openblas - pthread - m - gomp]
--   Library openblas: BLAS_openblas_LIBRARY-NOTFOUND
-- Checking for [goto2 - gfortran]
--   Library goto2: BLAS_goto2_LIBRARY-NOTFOUND
-- Checking for [goto2 - gfortran - pthread]
--   Library goto2: BLAS_goto2_LIBRARY-NOTFOUND
-- Checking for [acml - gfortran]
--   Library acml: BLAS_acml_LIBRARY-NOTFOUND
-- Checking for [blis]
--   Library blis: BLAS_blis_LIBRARY-NOTFOUND
-- Could NOT find Atlas (missing: Atlas_CBLAS_INCLUDE_DIR Atlas_CLAPACK_INCLUDE_DIR Atlas_CBLAS_LIBRARY Atlas_BLAS_LIBRARY Atlas_LAPACK_LIBRARY) 
-- Checking for [ptf77blas - atlas - gfortran]
--   Library ptf77blas: BLAS_ptf77blas_LIBRARY-NOTFOUND
-- Checking for []
-- Looking for sgemm_
-- Looking for sgemm_ - not found
-- Cannot find a library with BLAS API. Not using BLAS.
-- Using pocketfft in directory: /home/ubuntu/pyodide-recipes/packages/torch/build/torch-2.8.0/third_party/pocketfft/
CMake Deprecation Warning at third_party/cpuinfo/CMakeLists.txt:1 (CMAKE_MINIMUM_REQUIRED):
  Compatibility with CMake < 3.10 will be removed from a future version of
  CMake.

  Update the VERSION argument <min> value.  Or, use the <min>...<max> syntax
  to tell CMake that the project requires at least <min> but has been updated
  to work with policies introduced by <max> or earlier.


CMake Warning at third_party/cpuinfo/CMakeLists.txt:113 (MESSAGE):
  Target operating system "Emscripten" is not supported in cpuinfo.  cpuinfo
  will compile, but cpuinfo_initialize() will always fail.


CMake Warning at cmake/Dependencies.cmake:711 (message):
  Turning USE_FAKELOWP off as it depends on USE_FBGEMM.
Call Stack (most recent call first):
  CMakeLists.txt:863 (include)


CMake Deprecation Warning at third_party/FP16/CMakeLists.txt:1 (CMAKE_MINIMUM_REQUIRED):
  Compatibility with CMake < 3.10 will be removed from a future version of
  CMake.

  Update the VERSION argument <min> value.  Or, use the <min>...<max> syntax
  to tell CMake that the project requires at least <min> but has been updated
  to work with policies introduced by <max> or earlier.


CMake Deprecation Warning at third_party/psimd/CMakeLists.txt:1 (CMAKE_MINIMUM_REQUIRED):
  Compatibility with CMake < 3.10 will be removed from a future version of
  CMake.

  Update the VERSION argument <min> value.  Or, use the <min>...<max> syntax
  to tell CMake that the project requires at least <min> but has been updated
  to work with policies introduced by <max> or earlier.


-- Using third party subdirectory Eigen.
-- Found Python: /tmp/build-env-h27ave0p/bin/python (found version "3.12.3") found components: Interpreter missing components: Development.Module NumPy
CMake Warning at cmake/Dependencies.cmake:850 (message):
  Python dependencies not met.  Not compiling with python.  Suppress this
  warning with -DBUILD_PYTHON=OFF
Call Stack (most recent call first):
  CMakeLists.txt:863 (include)


-- Using third_party/pybind11.
-- pybind11 include dirs: /home/ubuntu/pyodide-recipes/packages/torch/build/torch-2.8.0/cmake/../third_party/pybind11/include
-- Could NOT find OpenTelemetryApi (missing: OpenTelemetryApi_INCLUDE_DIRS) 
-- Using third_party/opentelemetry-cpp.
-- opentelemetry api include dirs: /home/ubuntu/pyodide-recipes/packages/torch/build/torch-2.8.0/cmake/../third_party/opentelemetry-cpp/api/include
-- Found Python3: /tmp/build-env-h27ave0p/bin/python (found version "3.12.3") found components: Interpreter
-- ONNX_PROTOC_EXECUTABLE: $<TARGET_FILE:protobuf::protoc>
-- Protobuf_VERSION: Protobuf_VERSION_NOTFOUND
Generated: /home/ubuntu/pyodide-recipes/packages/torch/build/torch-2.8.0/build/third_party/onnx/onnx/onnx_onnx_torch-ml.proto
Generated: /home/ubuntu/pyodide-recipes/packages/torch/build/torch-2.8.0/build/third_party/onnx/onnx/onnx-operators_onnx_torch-ml.proto
Generated: /home/ubuntu/pyodide-recipes/packages/torch/build/torch-2.8.0/build/third_party/onnx/onnx/onnx-data_onnx_torch.proto
-- 
-- ******** Summary ********
--   CMake version                     : 3.31.10
--   CMake command                     : /tmp/build-env-h27ave0p/lib/python3.12/site-packages/cmake/data/bin/cmake
--   System                            : Emscripten
--   C++ compiler                      : /home/ubuntu/pyodide-recipes/packages/torch/build/pywasmcross_symlinks/c++
--   C++ compiler version              : 19.0.0
--   CXX flags                         :  -O2 -g0 -fPIC -Oz -O2 -g0 -fPIC -Oz -O2 -g0 -fPIC -Oz -O2 -g0 -fPIC -Oz -O2 -g0 -fPIC -Oz -fvisibility-inlines-hidden -Wnon-virtual-dtor
--   Build type                        : Release
--   Compile definitions               : ONNX_ML=1;ONNXIFI_ENABLE_EXT=1
--   CMAKE_PREFIX_PATH                 : /tmp/build-env-h27ave0p/lib/python3.12/site-packages
--   CMAKE_INSTALL_PREFIX              : /home/ubuntu/pyodide-recipes/packages/torch/build/torch-2.8.0/torch
--   CMAKE_MODULE_PATH                 : /home/ubuntu/.local/lib/python3.12/site-packages/pyodide_build/tools/cmake/Modules/Platform/..;/home/ubuntu/.local/lib/python3.12/site-packages/pyodide_build/tools/cmake/Modules/Platform/..;/home/ubuntu/.local/lib/python3.12/site-packages/pyodide_build/tools/cmake/Modules/Platform/..;/home/ubuntu/.local/lib/python3.12/site-packages/pyodide_build/tools/cmake/Modules/Platform/..;/home/ubuntu/.local/lib/python3.12/site-packages/pyodide_build/tools/cmake/Modules/Platform/..;/home/ubuntu/.cache/pyodide-build/.pyodide-xbuildenv-2167202047f0/0.27.8/emsdk/upstream/emscripten/cmake/Modules;/home/ubuntu/.cache/pyodide-build/.pyodide-xbuildenv-2167202047f0/0.27.8/emsdk/upstream/emscripten/cmake/Modules;/home/ubuntu/.cache/pyodide-build/.pyodide-xbuildenv-2167202047f0/0.27.8/emsdk/upstream/emscripten/cmake/Modules;/home/ubuntu/.cache/pyodide-build/.pyodide-xbuildenv-2167202047f0/0.27.8/emsdk/upstream/emscripten/cmake/Modules;/home/ubuntu/.cache/pyodide-build/.pyodide-xbuildenv-2167202047f0/0.27.8/emsdk/upstream/emscripten/cmake/Modules;/home/ubuntu/pyodide-recipes/packages/torch/build/torch-2.8.0/cmake/Modules
-- 
--   ONNX version                      : 1.18.0
--   ONNX NAMESPACE                    : onnx_torch
--   ONNX_USE_LITE_PROTO               : OFF
--   USE_PROTOBUF_SHARED_LIBS          : OFF
--   ONNX_DISABLE_EXCEPTIONS           : OFF
--   ONNX_DISABLE_STATIC_REGISTRATION  : OFF
--   ONNX_WERROR                       : OFF
--   ONNX_BUILD_TESTS                  : OFF
--   BUILD_SHARED_LIBS                 : OFF
-- 
--   Protobuf compiler                 : $<TARGET_FILE:protobuf::protoc>
--   Protobuf includes                 : 
--   Protobuf libraries                : 
--   ONNX_BUILD_PYTHON                 : OFF
-- Found CUDA with FP16 support, compiling with torch.cuda.HalfTensor
-- Adding -DNDEBUG to compile flags
CMake Warning at cmake/Dependencies.cmake:1429 (message):
  Not compiling with MAGMA.  Suppress this warning with -DUSE_MAGMA=OFF.
Call Stack (most recent call first):
  CMakeLists.txt:863 (include)


-- Could not find hardware support for NEON on this machine.
-- No OMAP3 processor on this machine.
-- No OMAP4 processor on this machine.
-- MKL_THREADING = OMP
-- Checking for [mkl_intel - mkl_intel_thread - mkl_core - iomp5 - pthread - m]
--   Library mkl_intel: not found
-- Checking for [mkl_intel - mkl_intel_thread - mkl_core - guide - pthread - m]
--   Library mkl_intel: not found
-- Checking for [mkl_intel - mkl_intel_thread - mkl_core - pthread - m]
--   Library mkl_intel: not found
-- Checking for [mkl_intel - mkl_sequential - mkl_core - m]
--   Library mkl_intel: not found
-- Checking for [mkl_intel - mkl_core - iomp5 - pthread - m]
--   Library mkl_intel: not found
-- Checking for [mkl_intel - mkl_core - guide - pthread - m]
--   Library mkl_intel: not found
-- Checking for [mkl_intel - mkl_core - pthread - m]
--   Library mkl_intel: not found
-- Checking for [mkl - guide - pthread - m]
--   Library mkl: not found
-- MKL library not found
-- Checking for [blis]
--   Library blis: BLAS_blis_LIBRARY-NOTFOUND
-- Checking for [Accelerate]
--   Library Accelerate: BLAS_Accelerate_LIBRARY-NOTFOUND
-- Checking for [vecLib]
--   Library vecLib: BLAS_vecLib_LIBRARY-NOTFOUND
-- Checking for [flexiblas]
--   Library flexiblas: BLAS_flexiblas_LIBRARY-NOTFOUND
-- Checking for [openblas]
--   Library openblas: BLAS_openblas_LIBRARY-NOTFOUND
-- Checking for [openblas - pthread - m]
--   Library openblas: BLAS_openblas_LIBRARY-NOTFOUND
-- Checking for [openblas - pthread - m - gomp]
--   Library openblas: BLAS_openblas_LIBRARY-NOTFOUND
-- Checking for [goto2 - gfortran]
--   Library goto2: BLAS_goto2_LIBRARY-NOTFOUND
-- Checking for [goto2 - gfortran - pthread]
--   Library goto2: BLAS_goto2_LIBRARY-NOTFOUND
-- Checking for [acml - gfortran]
--   Library acml: BLAS_acml_LIBRARY-NOTFOUND
-- Checking for [blis]
--   Library blis: BLAS_blis_LIBRARY-NOTFOUND
-- Could NOT find Atlas (missing: Atlas_CBLAS_INCLUDE_DIR Atlas_CLAPACK_INCLUDE_DIR Atlas_CBLAS_LIBRARY Atlas_BLAS_LIBRARY Atlas_LAPACK_LIBRARY) 
-- Checking for [ptf77blas - atlas - gfortran]
--   Library ptf77blas: BLAS_ptf77blas_LIBRARY-NOTFOUND
-- Checking for []
-- Cannot find a library with BLAS API. Not using BLAS.
-- LAPACK requires BLAS
-- Cannot find a library with LAPACK API. Not using LAPACK.
disabling CUDA because NOT USE_CUDA is set
disabling ROCM because NOT USE_ROCM is set
-- MIOpen not found. Compiling without MIOpen support
disabling MKLDNN because USE_MKLDNN is not set
-- Looking for clock_gettime in rt
-- Looking for clock_gettime in rt - found
-- Looking for mmap
-- Looking for mmap - found
-- Looking for shm_open
-- Looking for shm_open - found
-- Looking for shm_unlink
-- Looking for shm_unlink - found
-- Looking for malloc_usable_size
-- Looking for malloc_usable_size - found
-- {fmt} version: 11.2.0
-- Build type: Release
-- Performing Test HAS_NULLPTR_WARNING
-- Performing Test HAS_NULLPTR_WARNING - Success
-- Performing Test HAS_WERROR_RETURN_TYPE
-- Performing Test HAS_WERROR_RETURN_TYPE - Success
-- Performing Test HAS_WERROR_NON_VIRTUAL_DTOR
-- Performing Test HAS_WERROR_NON_VIRTUAL_DTOR - Success
-- Performing Test HAS_WERROR_BRACED_SCALAR_INIT
-- Performing Test HAS_WERROR_BRACED_SCALAR_INIT - Success
-- Performing Test HAS_WERROR_RANGE_LOOP_CONSTRUCT
-- Performing Test HAS_WERROR_RANGE_LOOP_CONSTRUCT - Success
-- Performing Test HAS_WERROR_BOOL_OPERATION
-- Performing Test HAS_WERROR_BOOL_OPERATION - Success
-- Performing Test HAS_WNARROWING
-- Performing Test HAS_WNARROWING - Success
-- Performing Test HAS_WNO_MISSING_FIELD_INITIALIZERS
-- Performing Test HAS_WNO_MISSING_FIELD_INITIALIZERS - Success
-- Performing Test HAS_WNO_UNKNOWN_PRAGMAS
-- Performing Test HAS_WNO_UNKNOWN_PRAGMAS - Success
-- Performing Test HAS_WNO_UNUSED_PARAMETER
-- Performing Test HAS_WNO_UNUSED_PARAMETER - Success
-- Performing Test HAS_WNO_STRICT_OVERFLOW
-- Performing Test HAS_WNO_STRICT_OVERFLOW - Success
-- Performing Test HAS_WNO_STRICT_ALIASING
-- Performing Test HAS_WNO_STRICT_ALIASING - Success
-- Performing Test HAS_WNO_STRINGOP_OVERFLOW
-- Performing Test HAS_WNO_STRINGOP_OVERFLOW - Failed
-- Performing Test HAS_WVLA_EXTENSION
-- Performing Test HAS_WVLA_EXTENSION - Success
-- Performing Test HAS_WSUGGEST_OVERRIDE
-- Performing Test HAS_WSUGGEST_OVERRIDE - Success
-- Performing Test HAS_WNEWLINE_EOF
-- Performing Test HAS_WNEWLINE_EOF - Success
-- Performing Test HAS_WINCONSISTENT_MISSING_OVERRIDE
-- Performing Test HAS_WINCONSISTENT_MISSING_OVERRIDE - Success
-- Performing Test HAS_WINCONSISTENT_MISSING_DESTRUCTOR_OVERRIDE
-- Performing Test HAS_WINCONSISTENT_MISSING_DESTRUCTOR_OVERRIDE - Success
-- Performing Test HAS_WNO_ERROR_OLD_STYLE_CAST
-- Performing Test HAS_WNO_ERROR_OLD_STYLE_CAST - Success
-- Performing Test HAS_WCONSTANT_CONVERSION
-- Performing Test HAS_WCONSTANT_CONVERSION - Success
-- Performing Test HAS_WNO_ALIGNED_ALLOCATION_UNAVAILABLE
-- Performing Test HAS_WNO_ALIGNED_ALLOCATION_UNAVAILABLE - Failed
-- Performing Test HAS_QUNUSED_ARGUMENTS
-- Performing Test HAS_QUNUSED_ARGUMENTS - Success
-- Performing Test HAS_FALIGNED_NEW
-- Performing Test HAS_FALIGNED_NEW - Success
-- Performing Test HAS_WNO_MAYBE_UNINITIALIZED
-- Performing Test HAS_WNO_MAYBE_UNINITIALIZED - Failed
-- Performing Test HAS_FSTANDALONE_DEBUG
-- Performing Test HAS_FSTANDALONE_DEBUG - Success
-- Performing Test HAS_FNO_MATH_ERRNO
-- Performing Test HAS_FNO_MATH_ERRNO - Success
-- Performing Test HAS_FNO_TRAPPING_MATH
-- Performing Test HAS_FNO_TRAPPING_MATH - Success
-- Performing Test HAS_WERROR_FORMAT
-- Performing Test HAS_WERROR_FORMAT - Success
-- don't use NUMA
-- Looking for backtrace
-- Looking for backtrace - not found
-- Could NOT find Backtrace (missing: Backtrace_LIBRARY Backtrace_INCLUDE_DIR) 
-- headers outputs: 
-- sources outputs: 
-- declarations_yaml outputs: 
-- Using ATen parallel backend: NATIVE
disabling CUDA because USE_CUDA is set false
AT_INSTALL_INCLUDE_DIR include/ATen/core
core header install: /home/ubuntu/pyodide-recipes/packages/torch/build/torch-2.8.0/build/aten/src/ATen/core/TensorBody.h
core header install: /home/ubuntu/pyodide-recipes/packages/torch/build/torch-2.8.0/build/aten/src/ATen/core/aten_interned_strings.h
core header install: /home/ubuntu/pyodide-recipes/packages/torch/build/torch-2.8.0/build/aten/src/ATen/core/enum_tag.h
-- Performing Test HAS_WMISSING_PROTOTYPES
-- Performing Test HAS_WMISSING_PROTOTYPES - Success
-- Performing Test HAS_WERROR_MISSING_PROTOTYPES
-- Performing Test HAS_WERROR_MISSING_PROTOTYPES - Success
CMake Warning at CMakeLists.txt:1266 (message):
  Generated cmake files are only fully tested if one builds with system glog,
  gflags, and protobuf.  Other settings may generate files that are not well
  tested.


-- 
-- ******** Summary ********
-- General:
--   CMake version         : 3.31.10
--   CMake command         : /tmp/build-env-h27ave0p/lib/python3.12/site-packages/cmake/data/bin/cmake
--   System                : Emscripten
--   C++ compiler          : /home/ubuntu/pyodide-recipes/packages/torch/build/pywasmcross_symlinks/c++
--   C++ compiler id       : Clang
--   C++ compiler version  : 19.0.0
--   Using ccache if found : ON
--   Found ccache          : CCACHE_PROGRAM-NOTFOUND
--   CXX flags             :  -O2 -g0 -fPIC -Oz -O2 -g0 -fPIC -Oz -O2 -g0 -fPIC -Oz -O2 -g0 -fPIC -Oz -O2 -g0 -fPIC -Oz -fvisibility-inlines-hidden -DNDEBUG -DSYMBOLICATE_MOBILE_DEBUG_HANDLE -O2 -fPIC -DC10_NODEPRECATED -Wall -Wextra -Werror=return-type -Werror=non-virtual-dtor -Werror=braced-scalar-init -Werror=range-loop-construct -Werror=bool-operation -Wnarrowing -Wno-missing-field-initializers -Wno-unknown-pragmas -Wno-unused-parameter -Wno-strict-overflow -Wno-strict-aliasing -Wvla-extension -Wsuggest-override -Wnewline-eof -Winconsistent-missing-override -Winconsistent-missing-destructor-override -Wno-pass-failed -Wno-error=old-style-cast -Wconstant-conversion -Qunused-arguments -faligned-new -fno-math-errno -fno-trapping-math -Werror=format -Wno-implicit-function-declaration -DEMSCRIPTEN -s DISABLE_EXCEPTION_CATCHING=0
--   Shared LD flags       : -O2 -g0  -L/home/ubuntu/.cache/pyodide-build/.pyodide-xbuildenv-2167202047f0/0.27.8/xbuildenv/pyodide-root/cpython/installs/python-3.12.7/lib/ -s WASM_BIGINT -s SIDE_MODULE=1 -Oz -O2 -g0  -L/home/ubuntu/.cache/pyodide-build/.pyodide-xbuildenv-2167202047f0/0.27.8/xbuildenv/pyodide-root/cpython/installs/python-3.12.7/lib/ -s WASM_BIGINT -s SIDE_MODULE=1 -Oz -O2 -g0  -L/home/ubuntu/.cache/pyodide-build/.pyodide-xbuildenv-2167202047f0/0.27.8/xbuildenv/pyodide-root/cpython/installs/python-3.12.7/lib/ -s WASM_BIGINT -s SIDE_MODULE=1 -Oz -O2 -g0  -L/home/ubuntu/.cache/pyodide-build/.pyodide-xbuildenv-2167202047f0/0.27.8/xbuildenv/pyodide-root/cpython/installs/python-3.12.7/lib/ -s WASM_BIGINT -s SIDE_MODULE=1 -Oz -rdynamic
--   Static LD flags       : 
--   Module LD flags       : -O2 -g0  -L/home/ubuntu/.cache/pyodide-build/.pyodide-xbuildenv-2167202047f0/0.27.8/xbuildenv/pyodide-root/cpython/installs/python-3.12.7/lib/ -s WASM_BIGINT -s SIDE_MODULE=1 -Oz -O2 -g0  -L/home/ubuntu/.cache/pyodide-build/.pyodide-xbuildenv-2167202047f0/0.27.8/xbuildenv/pyodide-root/cpython/installs/python-3.12.7/lib/ -s WASM_BIGINT -s SIDE_MODULE=1 -Oz -O2 -g0  -L/home/ubuntu/.cache/pyodide-build/.pyodide-xbuildenv-2167202047f0/0.27.8/xbuildenv/pyodide-root/cpython/installs/python-3.12.7/lib/ -s WASM_BIGINT -s SIDE_MODULE=1 -Oz -O2 -g0  -L/home/ubuntu/.cache/pyodide-build/.pyodide-xbuildenv-2167202047f0/0.27.8/xbuildenv/pyodide-root/cpython/installs/python-3.12.7/lib/ -s WASM_BIGINT -s SIDE_MODULE=1 -Oz
--   Build type            : Release
--   Compile definitions   : ONNX_ML=1;ONNXIFI_ENABLE_EXT=1;ONNX_NAMESPACE=onnx_torch;HAVE_MMAP=1;_FILE_OFFSET_BITS=64;HAVE_SHM_OPEN=1;HAVE_SHM_UNLINK=1;HAVE_MALLOC_USABLE_SIZE=1;USE_EXTERNAL_MZCRC;MINIZ_DISABLE_ZIP_READER_CRC32_CHECKS
--   CMAKE_PREFIX_PATH     : /tmp/build-env-h27ave0p/lib/python3.12/site-packages
--   CMAKE_INSTALL_PREFIX  : /home/ubuntu/pyodide-recipes/packages/torch/build/torch-2.8.0/torch
--   USE_GOLD_LINKER       : OFF
-- 
--   TORCH_VERSION         : 2.8.0
--   BUILD_STATIC_RUNTIME_BENCHMARK: OFF
--   BUILD_BINARY          : OFF
--   BUILD_CUSTOM_PROTOBUF : ON
--     Link local protobuf : ON
--   BUILD_PYTHON          : OFF
--   BUILD_SHARED_LIBS     : ON
--   CAFFE2_USE_MSVC_STATIC_RUNTIME     : OFF
--   BUILD_TEST            : False
--   BUILD_JNI             : OFF
--   BUILD_MOBILE_AUTOGRAD : OFF
--   BUILD_LITE_INTERPRETER: OFF
--   INTERN_BUILD_MOBILE   : 
--   TRACING_BASED         : OFF
--   USE_BLAS              : 0
--   USE_LAPACK            : 0
--   USE_ASAN              : OFF
--   USE_TSAN              : OFF
--   USE_CPP_CODE_COVERAGE : OFF
--   USE_CUDA              : 0
--   USE_XPU               : 0
--   USE_ROCM              : OFF
--   BUILD_NVFUSER         : 
--   USE_EIGEN_FOR_BLAS    : ON
--   USE_FBGEMM            : OFF
--     USE_FAKELOWP          : OFF
--   USE_KINETO            : 0
--   USE_GFLAGS            : OFF
--   USE_GLOG              : OFF
--   USE_LITE_PROTO        : OFF
--   USE_PYTORCH_METAL     : OFF
--   USE_PYTORCH_METAL_EXPORT     : OFF
--   USE_MPS               : OFF
--   CAN_COMPILE_METAL     : 
--   USE_MKL               : OFF
--   USE_MKLDNN            : OFF
--   USE_UCC               : OFF
--   USE_ITT               : OFF
--   USE_XCCL              : OFF
--   USE_NCCL              : OFF
--   USE_NNPACK            : 0
--   USE_NUMPY             : True
--   USE_OBSERVERS         : OFF
--   USE_OPENCL            : OFF
--   USE_OPENMP            : 0
--   USE_MIMALLOC          : OFF
--   USE_VULKAN            : OFF
--   USE_PROF              : OFF
--   USE_PYTORCH_QNNPACK   : 0
--   USE_XNNPACK           : 0
--   USE_DISTRIBUTED       : 0
--   Public Dependencies  : 
--   Private Dependencies : Threads::Threads;cpuinfo;fp16;rt;fmt::fmt-header-only;dl
--   Public CUDA Deps.    : 
--   Private CUDA Deps.   : 
--   USE_COREML_DELEGATE     : OFF
--   BUILD_LAZY_TS_BACKEND   : ON
--   USE_ROCM_KERNEL_ASSERT : OFF
-- Configuring done (54.7s)
CMake Error at cmake/Dependencies.cmake:874 (target_link_libraries):
  The link interface of target "pybind::pybind11" contains:

    Python::Module

  but the target was not found.  Possible reasons include:

    * There is a typo in the target name.
    * A find_package call is missing for an IMPORTED target.
    * An ALIAS target is missing.

Call Stack (most recent call first):
  CMakeLists.txt:863 (include)


-- Generating done (0.4s)
CMake Warning:
  Manually-specified variables were not used by the project:

    BUILD_CAFFE2
    BUILD_DEPENDENCY_INDEX_URL
    BUILD_ENV_SCRIPTS_DIR
    CMAKE_EXECUTABLE
    USE_LEGACY_PLATFORM
    USE_QNNPACK


CMake Generate step failed.  Build files cannot be regenerated correctly.
emcmake: error: 'cmake -DCMAKE_C_COMPILER=/home/ubuntu/pyodide-recipes/packages/torch/build/pywasmcross_symlinks/cc -DCMAKE_CXX_COMPILER=/home/ubuntu/pyodide-recipes/packages/torch/build/pywasmcross_symlinks/c++ -DCMAKE_AR=/home/ubuntu/pyodide-recipes/packages/torch/build/pywasmcross_symlinks/ar -DCMAKE_C_COMPILER_AR=/home/ubuntu/pyodide-recipes/packages/torch/build/pywasmcross_symlinks/ar -DCMAKE_CXX_COMPILER_AR=/home/ubuntu/pyodide-recipes/packages/torch/build/pywasmcross_symlinks/ar -GNinja -DATEN_THREADING=NATIVE -DBUILD_CAFFE2=0 -DBUILD_DEPENDENCY_INDEX_URL=https://pypi.anaconda.org/pyodide/simple -DBUILD_ENV_SCRIPTS_DIR=/tmp/build-env-h27ave0p/bin -DBUILD_PYTHON=True -DBUILD_TEST=False -DCMAKE_BUILD_TYPE=Release -DCMAKE_EXECUTABLE=/home/ubuntu/pyodide-recipes/packages/torch/build/pywasmcross_symlinks/cmake -DCMAKE_INSTALL_PREFIX=/home/ubuntu/pyodide-recipes/packages/torch/build/torch-2.8.0/torch -DCMAKE_PREFIX_PATH=/tmp/build-env-h27ave0p/lib/python3.12/site-packages -DCMAKE_TOOLCHAIN_FILE=/home/ubuntu/.local/lib/python3.12/site-packages/pyodide_build/tools/cmake/Modules/Platform/Emscripten.cmake -DPython_EXECUTABLE=/tmp/build-env-h27ave0p/bin/python -DTORCH_BUILD_VERSION=2.8.0a0+gitUnknown -DUSE_CUDA=0 -DUSE_DISTRIBUTED=0 -DUSE_FBGEMM=0 -DUSE_GLOO=0 -DUSE_KINETO=0 -DUSE_LEGACY_PLATFORM=0 -DUSE_MKLDNN=0 -DUSE_MPI=0 -DUSE_NNPACK=0 -DUSE_NUMA=0 -DUSE_NUMPY=True -DUSE_OPENMP=0 -DUSE_PYTORCH_QNNPACK=0 -DUSE_QNNPACK=0 -DUSE_ROCM=0 -DUSE_TENSORPIPE=0 -DUSE_XNNPACK=0 -DUSE_XPU=0 /home/ubuntu/pyodide-recipes/packages/torch/build/torch-2.8.0 -DCMAKE_CROSSCOMPILING_EMULATOR=/home/ubuntu/.cache/pyodide-build/.pyodide-xbuildenv-2167202047f0/0.27.8/emsdk/node/24.19.0_64bit/bin/node' failed (returned 1)
Building wheel torch-2.8.0a0+gitUnknown
-- Building version 2.8.0a0+gitUnknown
cmake -GNinja -DATEN_THREADING=NATIVE -DBUILD_CAFFE2=0 -DBUILD_DEPENDENCY_INDEX_URL=https://pypi.anaconda.org/pyodide/simple -DBUILD_ENV_SCRIPTS_DIR=/tmp/build-env-h27ave0p/bin -DBUILD_PYTHON=True -DBUILD_TEST=False -DCMAKE_BUILD_TYPE=Release -DCMAKE_EXECUTABLE=/home/ubuntu/pyodide-recipes/packages/torch/build/pywasmcross_symlinks/cmake -DCMAKE_INSTALL_PREFIX=/home/ubuntu/pyodide-recipes/packages/torch/build/torch-2.8.0/torch -DCMAKE_PREFIX_PATH=/tmp/build-env-h27ave0p/lib/python3.12/site-packages -DCMAKE_TOOLCHAIN_FILE=/home/ubuntu/.local/lib/python3.12/site-packages/pyodide_build/tools/cmake/Modules/Platform/Emscripten.cmake -DPython_EXECUTABLE=/tmp/build-env-h27ave0p/bin/python -DTORCH_BUILD_VERSION=2.8.0a0+gitUnknown -DUSE_CUDA=0 -DUSE_DISTRIBUTED=0 -DUSE_FBGEMM=0 -DUSE_GLOO=0 -DUSE_KINETO=0 -DUSE_LEGACY_PLATFORM=0 -DUSE_MKLDNN=0 -DUSE_MPI=0 -DUSE_NNPACK=0 -DUSE_NUMA=0 -DUSE_NUMPY=True -DUSE_OPENMP=0 -DUSE_PYTORCH_QNNPACK=0 -DUSE_QNNPACK=0 -DUSE_ROCM=0 -DUSE_TENSORPIPE=0 -DUSE_XNNPACK=0 -DUSE_XPU=0 /home/ubuntu/pyodide-recipes/packages/torch/build/torch-2.8.0

[2mTraceback (most recent call last):
  File "/home/ubuntu/.local/lib/python3.12/site-packages/pyodide_build/vendor/_pypabuild.py", line 113, in _handle_build_error
    yield
  File "/home/ubuntu/.local/lib/python3.12/site-packages/pyodide_build/pypabuild.py", line 562, in build
    built = _build_in_isolated_env(
            ^^^^^^^^^^^^^^^^^^^^^^^
  File "/home/ubuntu/.local/lib/python3.12/site-packages/pyodide_build/pypabuild.py", line 349, in _build_in_isolated_env
    return builder.build(
           ^^^^^^^^^^^^^^
  File "/home/ubuntu/.local/lib/python3.12/site-packages/build/_builder.py", line 329, in build
    return self._call_backend(f'build_{distribution}', output_directory, config_settings, **kwargs)
           ^^^^^^^^^^^^^^^^^^^^^^^^^^^^^^^^^^^^^^^^^^^^^^^^^^^^^^^^^^^^^^^^^^^^^^^^^^^^^^^^^^^^^^^^
  File "/home/ubuntu/.local/lib/python3.12/site-packages/build/_builder.py", line 375, in _call_backend
    with self._handle_backend(hook_name):
  File "/usr/lib/python3.12/contextlib.py", line 158, in __exit__
    self.gen.throw(value)
  File "/home/ubuntu/.local/lib/python3.12/site-packages/build/_builder.py", line 391, in _handle_backend
    raise BuildBackendException(exception, f'Backend subprocess exited when trying to invoke {hook}') from None
build._exceptions.BuildBackendException: Backend subprocess exited when trying to invoke build_wheel[0m

[91mERROR[0m Backend subprocess exited when trying to invoke build_wheel
[2026-09-22 13:19:59] Failed building package torch in 87.2 seconds.            
