[2026-09-22 13:26:51] Building package torch...                                 
Running build script in                                                         
/home/ubuntu/pyodide-recipes/packages/torch/build/torch-2.8.0                   
875:  add_library(Python::Module INTERFACE IMPORTED)  # PYODIDE_PROBE_PYTHON_MODULE_STUB
377:#if defined(NDEBUG) && !defined(__EMSCRIPTEN__) // PYODIDE_PROBE_EMSCRIPTEN_ASSERT
Creating isolated environment: venv+pip...
Installing packages in isolated environment:
- astunparse
- cmake
- ninja
- numpy==2.0.2
- pyyaml
- requests
- setuptools>=62.3.0,<80.0
- typing-extensions>=4.10.0
- wheel
Getting build dependencies for wheel...
configure: cmake -DCMAKE_C_COMPILER=/home/ubuntu/pyodide-recipes/packages/torch/build/pywasmcross_symlinks/cc -DCMAKE_CXX_COMPILER=/home/ubuntu/pyodide-recipes/packages/torch/build/pywasmcross_symlinks/c++ -DCMAKE_AR=/home/ubuntu/pyodide-recipes/packages/torch/build/pywasmcross_symlinks/ar -DCMAKE_C_COMPILER_AR=/home/ubuntu/pyodide-recipes/packages/torch/build/pywasmcross_symlinks/ar -DCMAKE_CXX_COMPILER_AR=/home/ubuntu/pyodide-recipes/packages/torch/build/pywasmcross_symlinks/ar --version -DCMAKE_TOOLCHAIN_FILE=/home/ubuntu/.cache/pyodide-build/.pyodide-xbuildenv-2167202047f0/0.27.8/emsdk/upstream/emscripten/cmake/Modules/Platform/Emscripten.cmake -DCMAKE_CROSSCOMPILING_EMULATOR=/home/ubuntu/.cache/pyodide-build/.pyodide-xbuildenv-2167202047f0/0.27.8/emsdk/node/24.19.0_64bit/bin/node
Building wheel torch-2.8.0a0+gitUnknown
running egg_info
creating torch.egg-info
writing torch.egg-info/PKG-INFO
writing dependency_links to torch.egg-info/dependency_links.txt
writing entry points to torch.egg-info/entry_points.txt
writing requirements to torch.egg-info/requires.txt
writing top-level names to torch.egg-info/top_level.txt
writing manifest file 'torch.egg-info/SOURCES.txt'
reading manifest file 'torch.egg-info/SOURCES.txt'
reading manifest template 'MANIFEST.in'
warning: no files found matching '.gitmodules'
warning: no files found matching '*.*' under directory 'ios'
warning: no files found matching '*.*' under directory 'modules'
warning: no previously-included files matching '*.o' found anywhere in distribution
warning: no previously-included files matching '*.so' found anywhere in distribution
warning: no previously-included files matching '*.dylib' found anywhere in distribution
warning: no previously-included files matching '*.a' found anywhere in distribution
warning: no previously-included files matching '.git' found anywhere in distribution
warning: no previously-included files matching '*.swp' found anywhere in distribution
adding license file 'LICENSE'
adding license file 'NOTICE'
writing manifest file 'torch.egg-info/SOURCES.txt'
/tmp/build-env-wdhyqypj/lib/python3.12/site-packages/setuptools/dist.py:334: BuildBackendWarning: Normalizing '2.8.0a0+gitUnknown' to '2.8.0a0+gitunknown'
  self.metadata.version = self._normalize_version(self.metadata.version)
/tmp/build-env-wdhyqypj/lib/python3.12/site-packages/setuptools/config/_apply_pyprojecttoml.py:82: BuildBackendWarning: `project.license` as a TOML table is deprecated
!!

        ********************************************************************************
        Please use a simple string containing a SPDX expression for `project.license`. You can also use `project.license-files`. (Both options available on setuptools>=77.0.0).

        This deprecation is overdue, please update your project and remove deprecated
        calls to avoid build errors in the future.

        See https://packaging.python.org/en/latest/guides/writing-pyproject-toml/#license for details.
        ********************************************************************************

!!
  corresp(dist, value, root_dir)
/tmp/build-env-wdhyqypj/lib/python3.12/site-packages/setuptools/config/_apply_pyprojecttoml.py:61: BuildBackendWarning: License classifiers are deprecated.
!!

        ********************************************************************************
        Please consider removing the following classifiers in favor of a SPDX license expression:

        License :: OSI Approved :: BSD License

        See https://packaging.python.org/en/latest/guides/writing-pyproject-toml/#license for details.
        ********************************************************************************

!!
  dist._finalize_license_expression()
/tmp/build-env-wdhyqypj/lib/python3.12/site-packages/setuptools/dist.py:759: BuildBackendWarning: License classifiers are deprecated.
!!

        ********************************************************************************
        Please consider removing the following classifiers in favor of a SPDX license expression:

        License :: OSI Approved :: BSD License

        See https://packaging.python.org/en/latest/guides/writing-pyproject-toml/#license for details.
        ********************************************************************************

!!
  self._finalize_license_expression()
Building wheel...
configure: cmake -DCMAKE_C_COMPILER=/home/ubuntu/pyodide-recipes/packages/torch/build/pywasmcross_symlinks/cc -DCMAKE_CXX_COMPILER=/home/ubuntu/pyodide-recipes/packages/torch/build/pywasmcross_symlinks/c++ -DCMAKE_AR=/home/ubuntu/pyodide-recipes/packages/torch/build/pywasmcross_symlinks/ar -DCMAKE_C_COMPILER_AR=/home/ubuntu/pyodide-recipes/packages/torch/build/pywasmcross_symlinks/ar -DCMAKE_CXX_COMPILER_AR=/home/ubuntu/pyodide-recipes/packages/torch/build/pywasmcross_symlinks/ar --version -DCMAKE_CROSSCOMPILING_EMULATOR=/home/ubuntu/.cache/pyodide-build/.pyodide-xbuildenv-2167202047f0/0.27.8/emsdk/node/24.19.0_64bit/bin/node
configure: cmake -DCMAKE_C_COMPILER=/home/ubuntu/pyodide-recipes/packages/torch/build/pywasmcross_symlinks/cc -DCMAKE_CXX_COMPILER=/home/ubuntu/pyodide-recipes/packages/torch/build/pywasmcross_symlinks/c++ -DCMAKE_AR=/home/ubuntu/pyodide-recipes/packages/torch/build/pywasmcross_symlinks/ar -DCMAKE_C_COMPILER_AR=/home/ubuntu/pyodide-recipes/packages/torch/build/pywasmcross_symlinks/ar -DCMAKE_CXX_COMPILER_AR=/home/ubuntu/pyodide-recipes/packages/torch/build/pywasmcross_symlinks/ar -GNinja -DATEN_THREADING=NATIVE -DBUILD_CAFFE2=0 -DBUILD_DEPENDENCY_INDEX_URL=https://pypi.anaconda.org/pyodide/simple -DBUILD_ENV_SCRIPTS_DIR=/tmp/build-env-wdhyqypj/bin -DBUILD_PYTHON=True -DBUILD_TEST=False -DCMAKE_BUILD_TYPE=Release -DCMAKE_EXECUTABLE=/home/ubuntu/pyodide-recipes/packages/torch/build/pywasmcross_symlinks/cmake -DCMAKE_INSTALL_PREFIX=/home/ubuntu/pyodide-recipes/packages/torch/build/torch-2.8.0/torch -DCMAKE_PREFIX_PATH=/tmp/build-env-wdhyqypj/lib/python3.12/site-packages -DCMAKE_TOOLCHAIN_FILE=/home/ubuntu/.local/lib/python3.12/site-packages/pyodide_build/tools/cmake/Modules/Platform/Emscripten.cmake -DPython_EXECUTABLE=/tmp/build-env-wdhyqypj/bin/python -DTORCH_BUILD_VERSION=2.8.0a0+gitUnknown -DUSE_CUDA=0 -DUSE_DISTRIBUTED=0 -DUSE_FBGEMM=0 -DUSE_GLOO=0 -DUSE_KINETO=0 -DUSE_LEGACY_PLATFORM=0 -DUSE_MKLDNN=0 -DUSE_MPI=0 -DUSE_NNPACK=0 -DUSE_NUMA=0 -DUSE_NUMPY=False -DUSE_OPENMP=0 -DUSE_PYTORCH_QNNPACK=0 -DUSE_QNNPACK=0 -DUSE_ROCM=0 -DUSE_TENSORPIPE=0 -DUSE_XNNPACK=0 -DUSE_XPU=0 /home/ubuntu/pyodide-recipes/packages/torch/build/torch-2.8.0 -DCMAKE_CROSSCOMPILING_EMULATOR=/home/ubuntu/.cache/pyodide-build/.pyodide-xbuildenv-2167202047f0/0.27.8/emsdk/node/24.19.0_64bit/bin/node
CMake Deprecation Warning at CMakeLists.txt:9 (cmake_policy):
  The OLD behavior for policy CMP0126 will be removed from a future version
  of CMake.

  The cmake-policies(7) manual explains that the OLD behaviors of all
  policies are deprecated and that a policy should be set to OLD only under
  specific short-term circumstances.  Projects should be ported to the NEW
  behavior and not rely on setting a policy to OLD.


-- Not forcing any particular BLAS to be found
-- Could not find ccache. Consider installing ccache to speed up compilation.
-- Performing Test C_HAS_AVX_1
-- Performing Test C_HAS_AVX_1 - Failed
-- Performing Test C_HAS_AVX_2
-- Performing Test C_HAS_AVX_2 - Failed
-- Performing Test C_HAS_AVX_3
-- Performing Test C_HAS_AVX_3 - Failed
-- Performing Test C_HAS_AVX2_1
-- Performing Test C_HAS_AVX2_1 - Failed
-- Performing Test C_HAS_AVX2_2
-- Performing Test C_HAS_AVX2_2 - Failed
-- Performing Test C_HAS_AVX2_3
-- Performing Test C_HAS_AVX2_3 - Failed
-- Performing Test C_HAS_AVX512_1
-- Performing Test C_HAS_AVX512_1 - Failed
-- Performing Test C_HAS_AVX512_2
-- Performing Test C_HAS_AVX512_2 - Failed
-- Performing Test C_HAS_AVX512_3
-- Performing Test C_HAS_AVX512_3 - Failed
-- Performing Test CXX_HAS_AVX_1
-- Performing Test CXX_HAS_AVX_1 - Failed
-- Performing Test CXX_HAS_AVX_2
-- Performing Test CXX_HAS_AVX_2 - Failed
-- Performing Test CXX_HAS_AVX_3
-- Performing Test CXX_HAS_AVX_3 - Failed
-- Performing Test CXX_HAS_AVX2_1
-- Performing Test CXX_HAS_AVX2_1 - Failed
-- Performing Test CXX_HAS_AVX2_2
-- Performing Test CXX_HAS_AVX2_2 - Failed
-- Performing Test CXX_HAS_AVX2_3
-- Performing Test CXX_HAS_AVX2_3 - Failed
-- Performing Test CXX_HAS_AVX512_1
-- Performing Test CXX_HAS_AVX512_1 - Failed
-- Performing Test CXX_HAS_AVX512_2
-- Performing Test CXX_HAS_AVX512_2 - Failed
-- Performing Test CXX_HAS_AVX512_3
-- Performing Test CXX_HAS_AVX512_3 - Failed
-- Performing Test CAFFE2_COMPILER_SUPPORTS_AVX512_EXTENSIONS
-- Performing Test CAFFE2_COMPILER_SUPPORTS_AVX512_EXTENSIONS - Failed
-- Performing Test COMPILER_SUPPORTS_HIDDEN_VISIBILITY
-- Performing Test COMPILER_SUPPORTS_HIDDEN_VISIBILITY - Success
-- Performing Test COMPILER_SUPPORTS_HIDDEN_INLINE_VISIBILITY
-- Performing Test COMPILER_SUPPORTS_HIDDEN_INLINE_VISIBILITY - Success
-- Performing Test COMPILER_SUPPORTS_RDYNAMIC
-- Performing Test COMPILER_SUPPORTS_RDYNAMIC - Success
-- Could not find hardware support for NEON on this machine.
-- No OMAP3 processor on this machine.
-- No OMAP4 processor on this machine.
-- Compiler does not support SVE extension. Will not build perfkernels.
-- Building using own protobuf under third_party per request.
-- Use custom protobuf build.
CMake Deprecation Warning at third_party/protobuf/cmake/CMakeLists.txt:2 (cmake_minimum_required):
  Compatibility with CMake < 3.10 will be removed from a future version of
  CMake.

  Update the VERSION argument <min> value.  Or, use the <min>...<max> syntax
  to tell CMake that the project requires at least <min> but has been updated
  to work with policies introduced by <max> or earlier.


-- 
-- 3.13.0.0
-- Performing Test CMAKE_HAVE_LIBC_PTHREAD
-- Performing Test CMAKE_HAVE_LIBC_PTHREAD - Success
-- Found Threads: TRUE
-- Performing Test protobuf_HAVE_BUILTIN_ATOMICS
-- Performing Test protobuf_HAVE_BUILTIN_ATOMICS - Success
-- Caffe2 protobuf include directory: $<BUILD_INTERFACE:/home/ubuntu/pyodide-recipes/packages/torch/build/torch-2.8.0/third_party/protobuf/src>$<INSTALL_INTERFACE:include>
-- Trying to find preferred BLAS backend of choice: MKL
-- MKL_THREADING = OMP
-- Looking for sys/types.h
-- Looking for sys/types.h - found
-- Looking for stdint.h
-- Looking for stdint.h - found
-- Looking for stddef.h
-- Looking for stddef.h - found
-- Check size of void*
-- Check size of void* - done
-- MKL_THREADING = OMP
CMake Warning at cmake/Dependencies.cmake:208 (message):
  MKL could not be found.  Defaulting to Eigen
Call Stack (most recent call first):
  CMakeLists.txt:863 (include)


CMake Warning at cmake/Dependencies.cmake:256 (message):
  Preferred BLAS (MKL) cannot be found, now searching for a general BLAS
  library
Call Stack (most recent call first):
  CMakeLists.txt:863 (include)


-- MKL_THREADING = OMP
-- Checking for [mkl_intel - mkl_intel_thread - mkl_core - iomp5 - pthread - m]
--   Library mkl_intel: not found
-- Checking for [mkl_intel - mkl_intel_thread - mkl_core - guide - pthread - m]
--   Library mkl_intel: not found
-- Checking for [mkl_intel - mkl_intel_thread - mkl_core - pthread - m]
--   Library mkl_intel: not found
-- Checking for [mkl_intel - mkl_sequential - mkl_core - m]
--   Library mkl_intel: not found
-- Checking for [mkl_intel - mkl_core - iomp5 - pthread - m]
--   Library mkl_intel: not found
-- Checking for [mkl_intel - mkl_core - guide - pthread - m]
--   Library mkl_intel: not found
-- Checking for [mkl_intel - mkl_core - pthread - m]
--   Library mkl_intel: not found
-- Checking for [mkl - guide - pthread - m]
--   Library mkl: not found
-- MKL library not found
-- Checking for [blis]
--   Library blis: BLAS_blis_LIBRARY-NOTFOUND
-- Checking for [Accelerate]
--   Library Accelerate: BLAS_Accelerate_LIBRARY-NOTFOUND
-- Checking for [vecLib]
--   Library vecLib: BLAS_vecLib_LIBRARY-NOTFOUND
-- Checking for [flexiblas]
--   Library flexiblas: BLAS_flexiblas_LIBRARY-NOTFOUND
-- Checking for [openblas]
--   Library openblas: BLAS_openblas_LIBRARY-NOTFOUND
-- Checking for [openblas - pthread - m]
--   Library openblas: BLAS_openblas_LIBRARY-NOTFOUND
-- Checking for [openblas - pthread - m - gomp]
--   Library openblas: BLAS_openblas_LIBRARY-NOTFOUND
-- Checking for [goto2 - gfortran]
--   Library goto2: BLAS_goto2_LIBRARY-NOTFOUND
-- Checking for [goto2 - gfortran - pthread]
--   Library goto2: BLAS_goto2_LIBRARY-NOTFOUND
-- Checking for [acml - gfortran]
--   Library acml: BLAS_acml_LIBRARY-NOTFOUND
-- Checking for [blis]
--   Library blis: BLAS_blis_LIBRARY-NOTFOUND
-- Could NOT find Atlas (missing: Atlas_CBLAS_INCLUDE_DIR Atlas_CLAPACK_INCLUDE_DIR Atlas_CBLAS_LIBRARY Atlas_BLAS_LIBRARY Atlas_LAPACK_LIBRARY) 
-- Checking for [ptf77blas - atlas - gfortran]
--   Library ptf77blas: BLAS_ptf77blas_LIBRARY-NOTFOUND
-- Checking for []
-- Looking for sgemm_
-- Looking for sgemm_ - not found
-- Cannot find a library with BLAS API. Not using BLAS.
-- Using pocketfft in directory: /home/ubuntu/pyodide-recipes/packages/torch/build/torch-2.8.0/third_party/pocketfft/
CMake Deprecation Warning at third_party/cpuinfo/CMakeLists.txt:1 (CMAKE_MINIMUM_REQUIRED):
  Compatibility with CMake < 3.10 will be removed from a future version of
  CMake.

  Update the VERSION argument <min> value.  Or, use the <min>...<max> syntax
  to tell CMake that the project requires at least <min> but has been updated
  to work with policies introduced by <max> or earlier.


CMake Warning at third_party/cpuinfo/CMakeLists.txt:113 (MESSAGE):
  Target operating system "Emscripten" is not supported in cpuinfo.  cpuinfo
  will compile, but cpuinfo_initialize() will always fail.


CMake Warning at cmake/Dependencies.cmake:711 (message):
  Turning USE_FAKELOWP off as it depends on USE_FBGEMM.
Call Stack (most recent call first):
  CMakeLists.txt:863 (include)


CMake Deprecation Warning at third_party/FP16/CMakeLists.txt:1 (CMAKE_MINIMUM_REQUIRED):
  Compatibility with CMake < 3.10 will be removed from a future version of
  CMake.

  Update the VERSION argument <min> value.  Or, use the <min>...<max> syntax
  to tell CMake that the project requires at least <min> but has been updated
  to work with policies introduced by <max> or earlier.


CMake Deprecation Warning at third_party/psimd/CMakeLists.txt:1 (CMAKE_MINIMUM_REQUIRED):
  Compatibility with CMake < 3.10 will be removed from a future version of
  CMake.

  Update the VERSION argument <min> value.  Or, use the <min>...<max> syntax
  to tell CMake that the project requires at least <min> but has been updated
  to work with policies introduced by <max> or earlier.


-- Using third party subdirectory Eigen.
-- Found Python: /tmp/build-env-wdhyqypj/bin/python (found version "3.12.3") found components: Interpreter missing components: Development.Module
CMake Warning at cmake/Dependencies.cmake:850 (message):
  Python dependencies not met.  Not compiling with python.  Suppress this
  warning with -DBUILD_PYTHON=OFF
Call Stack (most recent call first):
  CMakeLists.txt:863 (include)


-- Using third_party/pybind11.
-- pybind11 include dirs: /home/ubuntu/pyodide-recipes/packages/torch/build/torch-2.8.0/cmake/../third_party/pybind11/include
-- Could NOT find OpenTelemetryApi (missing: OpenTelemetryApi_INCLUDE_DIRS) 
-- Using third_party/opentelemetry-cpp.
-- opentelemetry api include dirs: /home/ubuntu/pyodide-recipes/packages/torch/build/torch-2.8.0/cmake/../third_party/opentelemetry-cpp/api/include
-- Found Python3: /tmp/build-env-wdhyqypj/bin/python (found version "3.12.3") found components: Interpreter
-- ONNX_PROTOC_EXECUTABLE: $<TARGET_FILE:protobuf::protoc>
-- Protobuf_VERSION: Protobuf_VERSION_NOTFOUND
Generated: /home/ubuntu/pyodide-recipes/packages/torch/build/torch-2.8.0/build/third_party/onnx/onnx/onnx_onnx_torch-ml.proto
Generated: /home/ubuntu/pyodide-recipes/packages/torch/build/torch-2.8.0/build/third_party/onnx/onnx/onnx-operators_onnx_torch-ml.proto
Generated: /home/ubuntu/pyodide-recipes/packages/torch/build/torch-2.8.0/build/third_party/onnx/onnx/onnx-data_onnx_torch.proto
-- 
-- ******** Summary ********
--   CMake version                     : 3.31.10
--   CMake command                     : /tmp/build-env-wdhyqypj/lib/python3.12/site-packages/cmake/data/bin/cmake
--   System                            : Emscripten
--   C++ compiler                      : /home/ubuntu/pyodide-recipes/packages/torch/build/pywasmcross_symlinks/c++
--   C++ compiler version              : 19.0.0
--   CXX flags                         :  -O2 -g0 -fPIC -Oz -O2 -g0 -fPIC -Oz -O2 -g0 -fPIC -Oz -O2 -g0 -fPIC -Oz -O2 -g0 -fPIC -Oz -fvisibility-inlines-hidden -Wnon-virtual-dtor
--   Build type                        : Release
--   Compile definitions               : ONNX_ML=1;ONNXIFI_ENABLE_EXT=1
--   CMAKE_PREFIX_PATH                 : /tmp/build-env-wdhyqypj/lib/python3.12/site-packages
--   CMAKE_INSTALL_PREFIX              : /home/ubuntu/pyodide-recipes/packages/torch/build/torch-2.8.0/torch
--   CMAKE_MODULE_PATH                 : /home/ubuntu/.local/lib/python3.12/site-packages/pyodide_build/tools/cmake/Modules/Platform/..;/home/ubuntu/.local/lib/python3.12/site-packages/pyodide_build/tools/cmake/Modules/Platform/..;/home/ubuntu/.local/lib/python3.12/site-packages/pyodide_build/tools/cmake/Modules/Platform/..;/home/ubuntu/.local/lib/python3.12/site-packages/pyodide_build/tools/cmake/Modules/Platform/..;/home/ubuntu/.local/lib/python3.12/site-packages/pyodide_build/tools/cmake/Modules/Platform/..;/home/ubuntu/.cache/pyodide-build/.pyodide-xbuildenv-2167202047f0/0.27.8/emsdk/upstream/emscripten/cmake/Modules;/home/ubuntu/.cache/pyodide-build/.pyodide-xbuildenv-2167202047f0/0.27.8/emsdk/upstream/emscripten/cmake/Modules;/home/ubuntu/.cache/pyodide-build/.pyodide-xbuildenv-2167202047f0/0.27.8/emsdk/upstream/emscripten/cmake/Modules;/home/ubuntu/.cache/pyodide-build/.pyodide-xbuildenv-2167202047f0/0.27.8/emsdk/upstream/emscripten/cmake/Modules;/home/ubuntu/.cache/pyodide-build/.pyodide-xbuildenv-2167202047f0/0.27.8/emsdk/upstream/emscripten/cmake/Modules;/home/ubuntu/pyodide-recipes/packages/torch/build/torch-2.8.0/cmake/Modules
-- 
--   ONNX version                      : 1.18.0
--   ONNX NAMESPACE                    : onnx_torch
--   ONNX_USE_LITE_PROTO               : OFF
--   USE_PROTOBUF_SHARED_LIBS          : OFF
--   ONNX_DISABLE_EXCEPTIONS           : OFF
--   ONNX_DISABLE_STATIC_REGISTRATION  : OFF
--   ONNX_WERROR                       : OFF
--   ONNX_BUILD_TESTS                  : OFF
--   BUILD_SHARED_LIBS                 : OFF
-- 
--   Protobuf compiler                 : $<TARGET_FILE:protobuf::protoc>
--   Protobuf includes                 : 
--   Protobuf libraries                : 
--   ONNX_BUILD_PYTHON                 : OFF
-- Found CUDA with FP16 support, compiling with torch.cuda.HalfTensor
-- Adding -DNDEBUG to compile flags
CMake Warning at cmake/Dependencies.cmake:1432 (message):
  Not compiling with MAGMA.  Suppress this warning with -DUSE_MAGMA=OFF.
Call Stack (most recent call first):
  CMakeLists.txt:863 (include)


-- Could not find hardware support for NEON on this machine.
-- No OMAP3 processor on this machine.
-- No OMAP4 processor on this machine.
-- MKL_THREADING = OMP
-- Checking for [mkl_intel - mkl_intel_thread - mkl_core - iomp5 - pthread - m]
--   Library mkl_intel: not found
-- Checking for [mkl_intel - mkl_intel_thread - mkl_core - guide - pthread - m]
--   Library mkl_intel: not found
-- Checking for [mkl_intel - mkl_intel_thread - mkl_core - pthread - m]
--   Library mkl_intel: not found
-- Checking for [mkl_intel - mkl_sequential - mkl_core - m]
--   Library mkl_intel: not found
-- Checking for [mkl_intel - mkl_core - iomp5 - pthread - m]
--   Library mkl_intel: not found
-- Checking for [mkl_intel - mkl_core - guide - pthread - m]
--   Library mkl_intel: not found
-- Checking for [mkl_intel - mkl_core - pthread - m]
--   Library mkl_intel: not found
-- Checking for [mkl - guide - pthread - m]
--   Library mkl: not found
-- MKL library not found
-- Checking for [blis]
--   Library blis: BLAS_blis_LIBRARY-NOTFOUND
-- Checking for [Accelerate]
--   Library Accelerate: BLAS_Accelerate_LIBRARY-NOTFOUND
-- Checking for [vecLib]
--   Library vecLib: BLAS_vecLib_LIBRARY-NOTFOUND
-- Checking for [flexiblas]
--   Library flexiblas: BLAS_flexiblas_LIBRARY-NOTFOUND
-- Checking for [openblas]
--   Library openblas: BLAS_openblas_LIBRARY-NOTFOUND
-- Checking for [openblas - pthread - m]
--   Library openblas: BLAS_openblas_LIBRARY-NOTFOUND
-- Checking for [openblas - pthread - m - gomp]
--   Library openblas: BLAS_openblas_LIBRARY-NOTFOUND
-- Checking for [goto2 - gfortran]
--   Library goto2: BLAS_goto2_LIBRARY-NOTFOUND
-- Checking for [goto2 - gfortran - pthread]
--   Library goto2: BLAS_goto2_LIBRARY-NOTFOUND
-- Checking for [acml - gfortran]
--   Library acml: BLAS_acml_LIBRARY-NOTFOUND
-- Checking for [blis]
--   Library blis: BLAS_blis_LIBRARY-NOTFOUND
-- Could NOT find Atlas (missing: Atlas_CBLAS_INCLUDE_DIR Atlas_CLAPACK_INCLUDE_DIR Atlas_CBLAS_LIBRARY Atlas_BLAS_LIBRARY Atlas_LAPACK_LIBRARY) 
-- Checking for [ptf77blas - atlas - gfortran]
--   Library ptf77blas: BLAS_ptf77blas_LIBRARY-NOTFOUND
-- Checking for []
-- Cannot find a library with BLAS API. Not using BLAS.
-- LAPACK requires BLAS
-- Cannot find a library with LAPACK API. Not using LAPACK.
disabling CUDA because NOT USE_CUDA is set
disabling ROCM because NOT USE_ROCM is set
-- MIOpen not found. Compiling without MIOpen support
disabling MKLDNN because USE_MKLDNN is not set
-- Looking for clock_gettime in rt
-- Looking for clock_gettime in rt - found
-- Looking for mmap
-- Looking for mmap - found
-- Looking for shm_open
-- Looking for shm_open - found
-- Looking for shm_unlink
-- Looking for shm_unlink - found
-- Looking for malloc_usable_size
-- Looking for malloc_usable_size - found
-- {fmt} version: 11.2.0
-- Build type: Release
-- Performing Test HAS_NULLPTR_WARNING
-- Performing Test HAS_NULLPTR_WARNING - Success
-- Performing Test HAS_WERROR_RETURN_TYPE
-- Performing Test HAS_WERROR_RETURN_TYPE - Success
-- Performing Test HAS_WERROR_NON_VIRTUAL_DTOR
-- Performing Test HAS_WERROR_NON_VIRTUAL_DTOR - Success
-- Performing Test HAS_WERROR_BRACED_SCALAR_INIT
-- Performing Test HAS_WERROR_BRACED_SCALAR_INIT - Success
-- Performing Test HAS_WERROR_RANGE_LOOP_CONSTRUCT
-- Performing Test HAS_WERROR_RANGE_LOOP_CONSTRUCT - Success
-- Performing Test HAS_WERROR_BOOL_OPERATION
-- Performing Test HAS_WERROR_BOOL_OPERATION - Success
-- Performing Test HAS_WNARROWING
-- Performing Test HAS_WNARROWING - Success
-- Performing Test HAS_WNO_MISSING_FIELD_INITIALIZERS
-- Performing Test HAS_WNO_MISSING_FIELD_INITIALIZERS - Success
-- Performing Test HAS_WNO_UNKNOWN_PRAGMAS
-- Performing Test HAS_WNO_UNKNOWN_PRAGMAS - Success
-- Performing Test HAS_WNO_UNUSED_PARAMETER
-- Performing Test HAS_WNO_UNUSED_PARAMETER - Success
-- Performing Test HAS_WNO_STRICT_OVERFLOW
-- Performing Test HAS_WNO_STRICT_OVERFLOW - Success
-- Performing Test HAS_WNO_STRICT_ALIASING
-- Performing Test HAS_WNO_STRICT_ALIASING - Success
-- Performing Test HAS_WNO_STRINGOP_OVERFLOW
-- Performing Test HAS_WNO_STRINGOP_OVERFLOW - Failed
-- Performing Test HAS_WVLA_EXTENSION
-- Performing Test HAS_WVLA_EXTENSION - Success
-- Performing Test HAS_WSUGGEST_OVERRIDE
-- Performing Test HAS_WSUGGEST_OVERRIDE - Success
-- Performing Test HAS_WNEWLINE_EOF
-- Performing Test HAS_WNEWLINE_EOF - Success
-- Performing Test HAS_WINCONSISTENT_MISSING_OVERRIDE
-- Performing Test HAS_WINCONSISTENT_MISSING_OVERRIDE - Success
-- Performing Test HAS_WINCONSISTENT_MISSING_DESTRUCTOR_OVERRIDE
-- Performing Test HAS_WINCONSISTENT_MISSING_DESTRUCTOR_OVERRIDE - Success
-- Performing Test HAS_WNO_ERROR_OLD_STYLE_CAST
-- Performing Test HAS_WNO_ERROR_OLD_STYLE_CAST - Success
-- Performing Test HAS_WCONSTANT_CONVERSION
-- Performing Test HAS_WCONSTANT_CONVERSION - Success
-- Performing Test HAS_WNO_ALIGNED_ALLOCATION_UNAVAILABLE
-- Performing Test HAS_WNO_ALIGNED_ALLOCATION_UNAVAILABLE - Failed
-- Performing Test HAS_QUNUSED_ARGUMENTS
-- Performing Test HAS_QUNUSED_ARGUMENTS - Success
-- Performing Test HAS_FALIGNED_NEW
-- Performing Test HAS_FALIGNED_NEW - Success
-- Performing Test HAS_WNO_MAYBE_UNINITIALIZED
-- Performing Test HAS_WNO_MAYBE_UNINITIALIZED - Failed
-- Performing Test HAS_FSTANDALONE_DEBUG
-- Performing Test HAS_FSTANDALONE_DEBUG - Success
-- Performing Test HAS_FNO_MATH_ERRNO
-- Performing Test HAS_FNO_MATH_ERRNO - Success
-- Performing Test HAS_FNO_TRAPPING_MATH
-- Performing Test HAS_FNO_TRAPPING_MATH - Success
-- Performing Test HAS_WERROR_FORMAT
-- Performing Test HAS_WERROR_FORMAT - Success
-- don't use NUMA
-- Looking for backtrace
-- Looking for backtrace - not found
-- Could NOT find Backtrace (missing: Backtrace_LIBRARY Backtrace_INCLUDE_DIR) 
-- headers outputs: 
-- sources outputs: 
-- declarations_yaml outputs: 
-- Using ATen parallel backend: NATIVE
disabling CUDA because USE_CUDA is set false
AT_INSTALL_INCLUDE_DIR include/ATen/core
core header install: /home/ubuntu/pyodide-recipes/packages/torch/build/torch-2.8.0/build/aten/src/ATen/core/TensorBody.h
core header install: /home/ubuntu/pyodide-recipes/packages/torch/build/torch-2.8.0/build/aten/src/ATen/core/aten_interned_strings.h
core header install: /home/ubuntu/pyodide-recipes/packages/torch/build/torch-2.8.0/build/aten/src/ATen/core/enum_tag.h
-- Performing Test HAS_WMISSING_PROTOTYPES
-- Performing Test HAS_WMISSING_PROTOTYPES - Success
-- Performing Test HAS_WERROR_MISSING_PROTOTYPES
-- Performing Test HAS_WERROR_MISSING_PROTOTYPES - Success
CMake Warning at CMakeLists.txt:1266 (message):
  Generated cmake files are only fully tested if one builds with system glog,
  gflags, and protobuf.  Other settings may generate files that are not well
  tested.


-- 
-- ******** Summary ********
-- General:
--   CMake version         : 3.31.10
--   CMake command         : /tmp/build-env-wdhyqypj/lib/python3.12/site-packages/cmake/data/bin/cmake
--   System                : Emscripten
--   C++ compiler          : /home/ubuntu/pyodide-recipes/packages/torch/build/pywasmcross_symlinks/c++
--   C++ compiler id       : Clang
--   C++ compiler version  : 19.0.0
--   Using ccache if found : ON
--   Found ccache          : CCACHE_PROGRAM-NOTFOUND
--   CXX flags             :  -O2 -g0 -fPIC -Oz -O2 -g0 -fPIC -Oz -O2 -g0 -fPIC -Oz -O2 -g0 -fPIC -Oz -O2 -g0 -fPIC -Oz -fvisibility-inlines-hidden -DNDEBUG -DSYMBOLICATE_MOBILE_DEBUG_HANDLE -O2 -fPIC -DC10_NODEPRECATED -Wall -Wextra -Werror=return-type -Werror=non-virtual-dtor -Werror=braced-scalar-init -Werror=range-loop-construct -Werror=bool-operation -Wnarrowing -Wno-missing-field-initializers -Wno-unknown-pragmas -Wno-unused-parameter -Wno-strict-overflow -Wno-strict-aliasing -Wvla-extension -Wsuggest-override -Wnewline-eof -Winconsistent-missing-override -Winconsistent-missing-destructor-override -Wno-pass-failed -Wno-error=old-style-cast -Wconstant-conversion -Qunused-arguments -faligned-new -fno-math-errno -fno-trapping-math -Werror=format -Wno-implicit-function-declaration -DEMSCRIPTEN -s DISABLE_EXCEPTION_CATCHING=0
--   Shared LD flags       : -O2 -g0  -L/home/ubuntu/.cache/pyodide-build/.pyodide-xbuildenv-2167202047f0/0.27.8/xbuildenv/pyodide-root/cpython/installs/python-3.12.7/lib/ -s WASM_BIGINT -s SIDE_MODULE=1 -Oz -O2 -g0  -L/home/ubuntu/.cache/pyodide-build/.pyodide-xbuildenv-2167202047f0/0.27.8/xbuildenv/pyodide-root/cpython/installs/python-3.12.7/lib/ -s WASM_BIGINT -s SIDE_MODULE=1 -Oz -O2 -g0  -L/home/ubuntu/.cache/pyodide-build/.pyodide-xbuildenv-2167202047f0/0.27.8/xbuildenv/pyodide-root/cpython/installs/python-3.12.7/lib/ -s WASM_BIGINT -s SIDE_MODULE=1 -Oz -O2 -g0  -L/home/ubuntu/.cache/pyodide-build/.pyodide-xbuildenv-2167202047f0/0.27.8/xbuildenv/pyodide-root/cpython/installs/python-3.12.7/lib/ -s WASM_BIGINT -s SIDE_MODULE=1 -Oz -rdynamic
--   Static LD flags       : 
--   Module LD flags       : -O2 -g0  -L/home/ubuntu/.cache/pyodide-build/.pyodide-xbuildenv-2167202047f0/0.27.8/xbuildenv/pyodide-root/cpython/installs/python-3.12.7/lib/ -s WASM_BIGINT -s SIDE_MODULE=1 -Oz -O2 -g0  -L/home/ubuntu/.cache/pyodide-build/.pyodide-xbuildenv-2167202047f0/0.27.8/xbuildenv/pyodide-root/cpython/installs/python-3.12.7/lib/ -s WASM_BIGINT -s SIDE_MODULE=1 -Oz -O2 -g0  -L/home/ubuntu/.cache/pyodide-build/.pyodide-xbuildenv-2167202047f0/0.27.8/xbuildenv/pyodide-root/cpython/installs/python-3.12.7/lib/ -s WASM_BIGINT -s SIDE_MODULE=1 -Oz -O2 -g0  -L/home/ubuntu/.cache/pyodide-build/.pyodide-xbuildenv-2167202047f0/0.27.8/xbuildenv/pyodide-root/cpython/installs/python-3.12.7/lib/ -s WASM_BIGINT -s SIDE_MODULE=1 -Oz
--   Build type            : Release
--   Compile definitions   : ONNX_ML=1;ONNXIFI_ENABLE_EXT=1;ONNX_NAMESPACE=onnx_torch;HAVE_MMAP=1;_FILE_OFFSET_BITS=64;HAVE_SHM_OPEN=1;HAVE_SHM_UNLINK=1;HAVE_MALLOC_USABLE_SIZE=1;USE_EXTERNAL_MZCRC;MINIZ_DISABLE_ZIP_READER_CRC32_CHECKS
--   CMAKE_PREFIX_PATH     : /tmp/build-env-wdhyqypj/lib/python3.12/site-packages
--   CMAKE_INSTALL_PREFIX  : /home/ubuntu/pyodide-recipes/packages/torch/build/torch-2.8.0/torch
--   USE_GOLD_LINKER       : OFF
-- 
--   TORCH_VERSION         : 2.8.0
--   BUILD_STATIC_RUNTIME_BENCHMARK: OFF
--   BUILD_BINARY          : OFF
--   BUILD_CUSTOM_PROTOBUF : ON
--     Link local protobuf : ON
--   BUILD_PYTHON          : OFF
--   BUILD_SHARED_LIBS     : ON
--   CAFFE2_USE_MSVC_STATIC_RUNTIME     : OFF
--   BUILD_TEST            : False
--   BUILD_JNI             : OFF
--   BUILD_MOBILE_AUTOGRAD : OFF
--   BUILD_LITE_INTERPRETER: OFF
--   INTERN_BUILD_MOBILE   : 
--   TRACING_BASED         : OFF
--   USE_BLAS              : 0
--   USE_LAPACK            : 0
--   USE_ASAN              : OFF
--   USE_TSAN              : OFF
--   USE_CPP_CODE_COVERAGE : OFF
--   USE_CUDA              : 0
--   USE_XPU               : 0
--   USE_ROCM              : OFF
--   BUILD_NVFUSER         : 
--   USE_EIGEN_FOR_BLAS    : ON
--   USE_FBGEMM            : OFF
--     USE_FAKELOWP          : OFF
--   USE_KINETO            : 0
--   USE_GFLAGS            : OFF
--   USE_GLOG              : OFF
--   USE_LITE_PROTO        : OFF
--   USE_PYTORCH_METAL     : OFF
--   USE_PYTORCH_METAL_EXPORT     : OFF
--   USE_MPS               : OFF
--   CAN_COMPILE_METAL     : 
--   USE_MKL               : OFF
--   USE_MKLDNN            : OFF
--   USE_UCC               : OFF
--   USE_ITT               : OFF
--   USE_XCCL              : OFF
--   USE_NCCL              : OFF
--   USE_NNPACK            : 0
--   USE_NUMPY             : False
--   USE_OBSERVERS         : OFF
--   USE_OPENCL            : OFF
--   USE_OPENMP            : 0
--   USE_MIMALLOC          : OFF
--   USE_VULKAN            : OFF
--   USE_PROF              : OFF
--   USE_PYTORCH_QNNPACK   : 0
--   USE_XNNPACK           : 0
--   USE_DISTRIBUTED       : 0
--   Public Dependencies  : 
--   Private Dependencies : Threads::Threads;cpuinfo;fp16;rt;fmt::fmt-header-only;dl
--   Public CUDA Deps.    : 
--   Private CUDA Deps.   : 
--   USE_COREML_DELEGATE     : OFF
--   BUILD_LAZY_TS_BACKEND   : ON
--   USE_ROCM_KERNEL_ASSERT : OFF
-- Configuring done (58.2s)
-- Generating done (0.4s)
CMake Warning:
  Manually-specified variables were not used by the project:

    BUILD_CAFFE2
    BUILD_DEPENDENCY_INDEX_URL
    BUILD_ENV_SCRIPTS_DIR
    CMAKE_EXECUTABLE
    USE_LEGACY_PLATFORM
    USE_QNNPACK


-- Build files have been written to: /home/ubuntu/pyodide-recipes/packages/torch/build/torch-2.8.0/build
[1/4] Generating ATen declarations_yaml
[2/4] Generating ATen headers
[3/4] Generating ATen sources
[1/1374] Building CXX object third_party/protobuf/cmake/CMakeFiles/libprotobuf.dir/__/src/google/protobuf/arena.cc.o
[2/1374] Building CXX object third_party/protobuf/cmake/CMakeFiles/libprotobuf.dir/__/src/google/protobuf/any_lite.cc.o
[3/1374] Building CXX object third_party/protobuf/cmake/CMakeFiles/libprotobuf.dir/__/src/google/protobuf/generated_enum_util.cc.o
[4/1374] Building CXX object third_party/protobuf/cmake/CMakeFiles/libprotobuf.dir/__/src/google/protobuf/extension_set.cc.o
[5/1374] Building CXX object third_party/protobuf/cmake/CMakeFiles/libprotobuf.dir/__/src/google/protobuf/implicit_weak_message.cc.o
[6/1374] Building CXX object third_party/protobuf/cmake/CMakeFiles/libprotobuf.dir/__/src/google/protobuf/io/io_win32.cc.o
[7/1374] Building CXX object third_party/protobuf/cmake/CMakeFiles/libprotobuf.dir/__/src/google/protobuf/generated_message_util.cc.o
[8/1374] Building CXX object third_party/protobuf/cmake/CMakeFiles/libprotobuf.dir/__/src/google/protobuf/generated_message_table_driven_lite.cc.o
[9/1374] Building CXX object third_party/protobuf/cmake/CMakeFiles/libprotobuf.dir/__/src/google/protobuf/io/coded_stream.cc.o
[10/1374] Building CXX object third_party/protobuf/cmake/CMakeFiles/libprotobuf.dir/__/src/google/protobuf/io/strtod.cc.o
[11/1374] Building CXX object third_party/protobuf/cmake/CMakeFiles/libprotobuf.dir/__/src/google/protobuf/io/zero_copy_stream.cc.o
[12/1374] Building CXX object third_party/protobuf/cmake/CMakeFiles/libprotobuf.dir/__/src/google/protobuf/io/zero_copy_stream_impl.cc.o
[13/1374] Building CXX object third_party/protobuf/cmake/CMakeFiles/libprotobuf.dir/__/src/google/protobuf/io/zero_copy_stream_impl_lite.cc.o
[14/1374] Building CXX object third_party/protobuf/cmake/CMakeFiles/libprotobuf.dir/__/src/google/protobuf/message_lite.cc.o
[15/1374] Building CXX object third_party/protobuf/cmake/CMakeFiles/libprotobuf.dir/__/src/google/protobuf/parse_context.cc.o
[16/1374] Building CXX object third_party/protobuf/cmake/CMakeFiles/libprotobuf.dir/__/src/google/protobuf/stubs/bytestream.cc.o
[17/1374] Building CXX object third_party/protobuf/cmake/CMakeFiles/libprotobuf.dir/__/src/google/protobuf/repeated_field.cc.o
[18/1374] Building CXX object third_party/protobuf/cmake/CMakeFiles/libprotobuf.dir/__/src/google/protobuf/stubs/common.cc.o
[19/1374] Building CXX object third_party/protobuf/cmake/CMakeFiles/libprotobuf.dir/__/src/google/protobuf/stubs/int128.cc.o
[20/1374] Building CXX object third_party/protobuf/cmake/CMakeFiles/libprotobuf.dir/__/src/google/protobuf/stubs/status.cc.o
[21/1374] Building CXX object third_party/protobuf/cmake/CMakeFiles/libprotobuf.dir/__/src/google/protobuf/stubs/statusor.cc.o
[22/1374] Building CXX object third_party/protobuf/cmake/CMakeFiles/libprotobuf.dir/__/src/google/protobuf/stubs/stringpiece.cc.o
[23/1374] Building CXX object third_party/protobuf/cmake/CMakeFiles/libprotobuf.dir/__/src/google/protobuf/stubs/stringprintf.cc.o
[24/1374] Building CXX object third_party/protobuf/cmake/CMakeFiles/libprotobuf.dir/__/src/google/protobuf/stubs/structurally_valid.cc.o
[25/1374] Building CXX object third_party/protobuf/cmake/CMakeFiles/libprotobuf.dir/__/src/google/protobuf/stubs/strutil.cc.o
[26/1374] Building CXX object third_party/protobuf/cmake/CMakeFiles/libprotobuf.dir/__/src/google/protobuf/stubs/time.cc.o
[27/1374] Building CXX object third_party/protobuf/cmake/CMakeFiles/libprotobuf.dir/__/src/google/protobuf/wire_format_lite.cc.o
[28/1374] Building CXX object third_party/protobuf/cmake/CMakeFiles/libprotobuf.dir/__/src/google/protobuf/any.cc.o
[29/1374] Building CXX object third_party/protobuf/cmake/CMakeFiles/libprotobuf.dir/__/src/google/protobuf/any.pb.cc.o
[30/1374] Building CXX object third_party/protobuf/cmake/CMakeFiles/libprotobuf.dir/__/src/google/protobuf/api.pb.cc.o
[31/1374] Building CXX object third_party/protobuf/cmake/CMakeFiles/libprotobuf.dir/__/src/google/protobuf/compiler/importer.cc.o
[32/1374] Building CXX object third_party/protobuf/cmake/CMakeFiles/libprotobuf.dir/__/src/google/protobuf/compiler/parser.cc.o
[33/1374] Building CXX object third_party/protobuf/cmake/CMakeFiles/libprotobuf.dir/__/src/google/protobuf/duration.pb.cc.o
[34/1374] Building CXX object third_party/protobuf/cmake/CMakeFiles/libprotobuf.dir/__/src/google/protobuf/descriptor_database.cc.o
[35/1374] Building CXX object third_party/protobuf/cmake/CMakeFiles/libprotobuf.dir/__/src/google/protobuf/descriptor.pb.cc.o
[36/1374] Building CXX object third_party/protobuf/cmake/CMakeFiles/libprotobuf.dir/__/src/google/protobuf/empty.pb.cc.o
[37/1374] Building CXX object third_party/protobuf/cmake/CMakeFiles/libprotobuf.dir/__/src/google/protobuf/dynamic_message.cc.o
[38/1374] Building CXX object third_party/protobuf/cmake/CMakeFiles/libprotobuf.dir/__/src/google/protobuf/extension_set_heavy.cc.o
[39/1374] Building CXX object third_party/protobuf/cmake/CMakeFiles/libprotobuf.dir/__/src/google/protobuf/field_mask.pb.cc.o
[40/1374] Building CXX object third_party/protobuf/cmake/CMakeFiles/libprotobuf.dir/__/src/google/protobuf/io/gzip_stream.cc.o
[41/1374] Building CXX object third_party/protobuf/cmake/CMakeFiles/libprotobuf.dir/__/src/google/protobuf/descriptor.cc.o
[42/1374] Building CXX object third_party/protobuf/cmake/CMakeFiles/libprotobuf.dir/__/src/google/protobuf/generated_message_table_driven.cc.o
[43/1374] Building CXX object third_party/protobuf/cmake/CMakeFiles/libprotobuf.dir/__/src/google/protobuf/io/tokenizer.cc.o
[44/1374] Building CXX object third_party/protobuf/cmake/CMakeFiles/libprotobuf.dir/__/src/google/protobuf/io/printer.cc.o
[45/1374] Building CXX object third_party/protobuf/cmake/CMakeFiles/libprotobuf.dir/__/src/google/protobuf/generated_message_reflection.cc.o
[46/1374] Building CXX object third_party/protobuf/cmake/CMakeFiles/libprotobuf.dir/__/src/google/protobuf/service.cc.o
[47/1374] Building CXX object third_party/protobuf/cmake/CMakeFiles/libprotobuf.dir/__/src/google/protobuf/map_field.cc.o
[48/1374] Building CXX object third_party/protobuf/cmake/CMakeFiles/libprotobuf.dir/__/src/google/protobuf/reflection_ops.cc.o
[49/1374] Building CXX object third_party/protobuf/cmake/CMakeFiles/libprotobuf.dir/__/src/google/protobuf/message.cc.o
[50/1374] Building CXX object third_party/protobuf/cmake/CMakeFiles/libprotobuf.dir/__/src/google/protobuf/source_context.pb.cc.o
[51/1374] Building CXX object third_party/protobuf/cmake/CMakeFiles/libprotobuf.dir/__/src/google/protobuf/stubs/substitute.cc.o
[52/1374] Building CXX object third_party/protobuf/cmake/CMakeFiles/libprotobuf.dir/__/src/google/protobuf/struct.pb.cc.o
[53/1374] Building CXX object third_party/protobuf/cmake/CMakeFiles/libprotobuf.dir/__/src/google/protobuf/timestamp.pb.cc.o
[54/1374] Building CXX object third_party/protobuf/cmake/CMakeFiles/libprotobuf.dir/__/src/google/protobuf/type.pb.cc.o
[55/1374] Building CXX object third_party/protobuf/cmake/CMakeFiles/libprotobuf.dir/__/src/google/protobuf/text_format.cc.o
[56/1374] Building CXX object third_party/protobuf/cmake/CMakeFiles/libprotobuf.dir/__/src/google/protobuf/util/delimited_message_util.cc.o
[57/1374] Building CXX object third_party/protobuf/cmake/CMakeFiles/libprotobuf.dir/__/src/google/protobuf/unknown_field_set.cc.o
[58/1374] Building CXX object third_party/protobuf/cmake/CMakeFiles/libprotobuf.dir/__/src/google/protobuf/util/field_comparator.cc.o
[59/1374] Building CXX object third_party/protobuf/cmake/CMakeFiles/libprotobuf.dir/__/src/google/protobuf/util/field_mask_util.cc.o
[60/1374] Building CXX object third_party/protobuf/cmake/CMakeFiles/libprotobuf.dir/__/src/google/protobuf/util/internal/datapiece.cc.o
[61/1374] Building CXX object third_party/protobuf/cmake/CMakeFiles/libprotobuf.dir/__/src/google/protobuf/util/internal/error_listener.cc.o
[62/1374] Building CXX object third_party/protobuf/cmake/CMakeFiles/libprotobuf.dir/__/src/google/protobuf/util/internal/default_value_objectwriter.cc.o
[63/1374] Building CXX object third_party/protobuf/cmake/CMakeFiles/libprotobuf.dir/__/src/google/protobuf/util/internal/json_escaping.cc.o
[64/1374] Building CXX object third_party/protobuf/cmake/CMakeFiles/libprotobuf.dir/__/src/google/protobuf/util/internal/field_mask_utility.cc.o
[65/1374] Building CXX object third_party/protobuf/cmake/CMakeFiles/libprotobuf.dir/__/src/google/protobuf/util/internal/json_objectwriter.cc.o
[66/1374] Building CXX object third_party/protobuf/cmake/CMakeFiles/libprotobuf.dir/__/src/google/protobuf/util/internal/json_stream_parser.cc.o
[67/1374] Building CXX object third_party/protobuf/cmake/CMakeFiles/libprotobuf.dir/__/src/google/protobuf/util/internal/object_writer.cc.o
[68/1374] Building CXX object third_party/protobuf/cmake/CMakeFiles/libprotobuf.dir/__/src/google/protobuf/util/internal/proto_writer.cc.o
[69/1374] Building CXX object third_party/protobuf/cmake/CMakeFiles/libprotobuf.dir/__/src/google/protobuf/util/internal/protostream_objectsource.cc.o
[70/1374] Building CXX object third_party/protobuf/cmake/CMakeFiles/libprotobuf.dir/__/src/google/protobuf/util/internal/protostream_objectwriter.cc.o
[71/1374] Building CXX object third_party/protobuf/cmake/CMakeFiles/libprotobuf.dir/__/src/google/protobuf/util/internal/type_info.cc.o
[72/1374] Building CXX object third_party/protobuf/cmake/CMakeFiles/libprotobuf.dir/__/src/google/protobuf/util/internal/type_info_test_helper.cc.o
[73/1374] Building CXX object third_party/protobuf/cmake/CMakeFiles/libprotobuf.dir/__/src/google/protobuf/util/internal/utility.cc.o
[74/1374] Building CXX object third_party/protobuf/cmake/CMakeFiles/libprotobuf.dir/__/src/google/protobuf/util/json_util.cc.o
[75/1374] Building CXX object third_party/protobuf/cmake/CMakeFiles/libprotobuf.dir/__/src/google/protobuf/util/time_util.cc.o
[76/1374] Building CXX object third_party/protobuf/cmake/CMakeFiles/libprotobuf.dir/__/src/google/protobuf/util/type_resolver_util.cc.o
[77/1374] Building CXX object third_party/protobuf/cmake/CMakeFiles/libprotobuf.dir/__/src/google/protobuf/util/message_differencer.cc.o
[78/1374] Building CXX object third_party/protobuf/cmake/CMakeFiles/libprotobuf.dir/__/src/google/protobuf/wrappers.pb.cc.o
[79/1374] Building CXX object third_party/protobuf/cmake/CMakeFiles/libprotobuf.dir/__/src/google/protobuf/wire_format.cc.o
[80/1374] Linking CXX static library lib/libprotobuf.a
[81/1374] Building CXX object third_party/protobuf/cmake/CMakeFiles/libprotoc.dir/__/src/google/protobuf/compiler/code_generator.cc.o
[82/1374] Building CXX object third_party/protobuf/cmake/CMakeFiles/libprotoc.dir/__/src/google/protobuf/compiler/cpp/cpp_enum_field.cc.o
[83/1374] Building CXX object third_party/protobuf/cmake/CMakeFiles/libprotoc.dir/__/src/google/protobuf/compiler/cpp/cpp_enum.cc.o
[84/1374] Building CXX object third_party/protobuf/cmake/CMakeFiles/libprotoc.dir/__/src/google/protobuf/compiler/cpp/cpp_extension.cc.o
[85/1374] Building CXX object third_party/protobuf/cmake/CMakeFiles/libprotoc.dir/__/src/google/protobuf/compiler/command_line_interface.cc.o
[86/1374] Building CXX object third_party/protobuf/cmake/CMakeFiles/libprotoc.dir/__/src/google/protobuf/compiler/cpp/cpp_field.cc.o
[87/1374] Building CXX object third_party/protobuf/cmake/CMakeFiles/libprotoc.dir/__/src/google/protobuf/compiler/cpp/cpp_generator.cc.o
[88/1374] Building CXX object third_party/protobuf/cmake/CMakeFiles/libprotoc.dir/__/src/google/protobuf/compiler/cpp/cpp_map_field.cc.o
[89/1374] Building CXX object third_party/protobuf/cmake/CMakeFiles/libprotoc.dir/__/src/google/protobuf/compiler/cpp/cpp_file.cc.o
[90/1374] Building CXX object third_party/protobuf/cmake/CMakeFiles/libprotoc.dir/__/src/google/protobuf/compiler/cpp/cpp_helpers.cc.o
[91/1374] Building CXX object third_party/protobuf/cmake/CMakeFiles/libprotoc.dir/__/src/google/protobuf/compiler/cpp/cpp_message_field.cc.o
[92/1374] Building CXX object third_party/protobuf/cmake/CMakeFiles/libprotoc.dir/__/src/google/protobuf/compiler/cpp/cpp_primitive_field.cc.o
[93/1374] Building CXX object third_party/protobuf/cmake/CMakeFiles/libprotoc.dir/__/src/google/protobuf/compiler/cpp/cpp_padding_optimizer.cc.o
[94/1374] Building CXX object third_party/protobuf/cmake/CMakeFiles/libprotoc.dir/__/src/google/protobuf/compiler/cpp/cpp_message.cc.o
[95/1374] Building CXX object third_party/protobuf/cmake/CMakeFiles/libprotoc.dir/__/src/google/protobuf/compiler/csharp/csharp_doc_comment.cc.o
[96/1374] Building CXX object third_party/protobuf/cmake/CMakeFiles/libprotoc.dir/__/src/google/protobuf/compiler/cpp/cpp_service.cc.o
[97/1374] Building CXX object third_party/protobuf/cmake/CMakeFiles/libprotoc.dir/__/src/google/protobuf/compiler/csharp/csharp_enum.cc.o
[98/1374] Building CXX object third_party/protobuf/cmake/CMakeFiles/libprotoc.dir/__/src/google/protobuf/compiler/cpp/cpp_string_field.cc.o
[99/1374] Building CXX object third_party/protobuf/cmake/CMakeFiles/libprotoc.dir/__/src/google/protobuf/compiler/csharp/csharp_enum_field.cc.o
[100/1374] Building CXX object third_party/protobuf/cmake/CMakeFiles/libprotoc.dir/__/src/google/protobuf/compiler/csharp/csharp_field_base.cc.o
[101/1374] Building CXX object third_party/protobuf/cmake/CMakeFiles/libprotoc.dir/__/src/google/protobuf/compiler/csharp/csharp_generator.cc.o
[102/1374] Building CXX object third_party/protobuf/cmake/CMakeFiles/libprotoc.dir/__/src/google/protobuf/compiler/csharp/csharp_helpers.cc.o
[103/1374] Building CXX object third_party/protobuf/cmake/CMakeFiles/libprotoc.dir/__/src/google/protobuf/compiler/csharp/csharp_map_field.cc.o
[104/1374] Building CXX object third_party/protobuf/cmake/CMakeFiles/libprotoc.dir/__/src/google/protobuf/compiler/csharp/csharp_message.cc.o
[105/1374] Building CXX object third_party/protobuf/cmake/CMakeFiles/libprotoc.dir/__/src/google/protobuf/compiler/csharp/csharp_message_field.cc.o
[106/1374] Building CXX object third_party/protobuf/cmake/CMakeFiles/libprotoc.dir/__/src/google/protobuf/compiler/csharp/csharp_primitive_field.cc.o
[107/1374] Building CXX object third_party/protobuf/cmake/CMakeFiles/libprotoc.dir/__/src/google/protobuf/compiler/csharp/csharp_reflection_class.cc.o
[108/1374] Building CXX object third_party/protobuf/cmake/CMakeFiles/libprotoc.dir/__/src/google/protobuf/compiler/csharp/csharp_repeated_enum_field.cc.o
[109/1374] Building CXX object third_party/protobuf/cmake/CMakeFiles/libprotoc.dir/__/src/google/protobuf/compiler/csharp/csharp_repeated_message_field.cc.o
[110/1374] Building CXX object third_party/protobuf/cmake/CMakeFiles/libprotoc.dir/__/src/google/protobuf/compiler/csharp/csharp_repeated_primitive_field.cc.o
[111/1374] Building CXX object third_party/protobuf/cmake/CMakeFiles/libprotoc.dir/__/src/google/protobuf/compiler/csharp/csharp_source_generator_base.cc.o
[112/1374] Building CXX object third_party/protobuf/cmake/CMakeFiles/libprotoc.dir/__/src/google/protobuf/compiler/java/java_doc_comment.cc.o
[113/1374] Building CXX object third_party/protobuf/cmake/CMakeFiles/libprotoc.dir/__/src/google/protobuf/compiler/csharp/csharp_wrapper_field.cc.o
[114/1374] Building CXX object third_party/protobuf/cmake/CMakeFiles/libprotoc.dir/__/src/google/protobuf/compiler/java/java_context.cc.o
[115/1374] Building CXX object third_party/protobuf/cmake/CMakeFiles/libprotoc.dir/__/src/google/protobuf/compiler/java/java_enum.cc.o
[116/1374] Building CXX object third_party/protobuf/cmake/CMakeFiles/libprotoc.dir/__/src/google/protobuf/compiler/java/java_enum_field.cc.o
[117/1374] Building CXX object third_party/protobuf/cmake/CMakeFiles/libprotoc.dir/__/src/google/protobuf/compiler/java/java_enum_field_lite.cc.o
[118/1374] Building CXX object third_party/protobuf/cmake/CMakeFiles/libprotoc.dir/__/src/google/protobuf/compiler/java/java_enum_lite.cc.o
[119/1374] Building CXX object third_party/protobuf/cmake/CMakeFiles/libprotoc.dir/__/src/google/protobuf/compiler/java/java_extension.cc.o
[120/1374] Building CXX object third_party/protobuf/cmake/CMakeFiles/libprotoc.dir/__/src/google/protobuf/compiler/java/java_extension_lite.cc.o
[121/1374] Building CXX object third_party/protobuf/cmake/CMakeFiles/libprotoc.dir/__/src/google/protobuf/compiler/java/java_field.cc.o
[122/1374] Building CXX object third_party/protobuf/cmake/CMakeFiles/libprotoc.dir/__/src/google/protobuf/compiler/java/java_file.cc.o
[123/1374] Building CXX object third_party/protobuf/cmake/CMakeFiles/libprotoc.dir/__/src/google/protobuf/compiler/java/java_generator.cc.o
[124/1374] Building CXX object third_party/protobuf/cmake/CMakeFiles/libprotoc.dir/__/src/google/protobuf/compiler/java/java_generator_factory.cc.o
[125/1374] Building CXX object third_party/protobuf/cmake/CMakeFiles/libprotoc.dir/__/src/google/protobuf/compiler/java/java_helpers.cc.o
[126/1374] Building CXX object third_party/protobuf/cmake/CMakeFiles/libprotoc.dir/__/src/google/protobuf/compiler/java/java_map_field.cc.o
[127/1374] Building CXX object third_party/protobuf/cmake/CMakeFiles/libprotoc.dir/__/src/google/protobuf/compiler/java/java_map_field_lite.cc.o
[128/1374] Building CXX object third_party/protobuf/cmake/CMakeFiles/libprotoc.dir/__/src/google/protobuf/compiler/java/java_message.cc.o
[129/1374] Building CXX object third_party/protobuf/cmake/CMakeFiles/libprotoc.dir/__/src/google/protobuf/compiler/java/java_message_builder.cc.o
[130/1374] Building CXX object third_party/protobuf/cmake/CMakeFiles/libprotoc.dir/__/src/google/protobuf/compiler/java/java_message_builder_lite.cc.o
[131/1374] Building CXX object third_party/protobuf/cmake/CMakeFiles/libprotoc.dir/__/src/google/protobuf/compiler/java/java_message_field.cc.o
[132/1374] Building CXX object third_party/protobuf/cmake/CMakeFiles/libprotoc.dir/__/src/google/protobuf/compiler/java/java_message_field_lite.cc.o
[133/1374] Building CXX object third_party/protobuf/cmake/CMakeFiles/libprotoc.dir/__/src/google/protobuf/compiler/java/java_message_lite.cc.o
[134/1374] Building CXX object third_party/protobuf/cmake/CMakeFiles/libprotoc.dir/__/src/google/protobuf/compiler/java/java_name_resolver.cc.o
[135/1374] Building CXX object third_party/protobuf/cmake/CMakeFiles/libprotoc.dir/__/src/google/protobuf/compiler/java/java_primitive_field.cc.o
[136/1374] Building CXX object third_party/protobuf/cmake/CMakeFiles/libprotoc.dir/__/src/google/protobuf/compiler/java/java_primitive_field_lite.cc.o
[137/1374] Building CXX object third_party/protobuf/cmake/CMakeFiles/libprotoc.dir/__/src/google/protobuf/compiler/java/java_service.cc.o
[138/1374] Building CXX object third_party/protobuf/cmake/CMakeFiles/libprotoc.dir/__/src/google/protobuf/compiler/java/java_shared_code_generator.cc.o
[139/1374] Building CXX object third_party/protobuf/cmake/CMakeFiles/libprotoc.dir/__/src/google/protobuf/compiler/java/java_string_field.cc.o
[140/1374] Building CXX object third_party/protobuf/cmake/CMakeFiles/libprotoc.dir/__/src/google/protobuf/compiler/js/well_known_types_embed.cc.o
[141/1374] Building CXX object third_party/protobuf/cmake/CMakeFiles/libprotoc.dir/__/src/google/protobuf/compiler/java/java_string_field_lite.cc.o
[142/1374] Building CXX object third_party/protobuf/cmake/CMakeFiles/libprotoc.dir/__/src/google/protobuf/compiler/objectivec/objectivec_enum_field.cc.o
[143/1374] Building CXX object third_party/protobuf/cmake/CMakeFiles/libprotoc.dir/__/src/google/protobuf/compiler/objectivec/objectivec_enum.cc.o
[144/1374] Building CXX object third_party/protobuf/cmake/CMakeFiles/libprotoc.dir/__/src/google/protobuf/compiler/objectivec/objectivec_extension.cc.o
[145/1374] Building CXX object third_party/protobuf/cmake/CMakeFiles/libprotoc.dir/__/src/google/protobuf/compiler/js/js_generator.cc.o
[146/1374] Building CXX object third_party/protobuf/cmake/CMakeFiles/libprotoc.dir/__/src/google/protobuf/compiler/objectivec/objectivec_field.cc.o
[147/1374] Building CXX object third_party/protobuf/cmake/CMakeFiles/libprotoc.dir/__/src/google/protobuf/compiler/objectivec/objectivec_file.cc.o
[148/1374] Building CXX object third_party/protobuf/cmake/CMakeFiles/libprotoc.dir/__/src/google/protobuf/compiler/objectivec/objectivec_generator.cc.o
[149/1374] Building CXX object third_party/protobuf/cmake/CMakeFiles/libprotoc.dir/__/src/google/protobuf/compiler/objectivec/objectivec_map_field.cc.o
[150/1374] Building CXX object third_party/protobuf/cmake/CMakeFiles/libprotoc.dir/__/src/google/protobuf/compiler/objectivec/objectivec_helpers.cc.o
[151/1374] Building CXX object third_party/protobuf/cmake/CMakeFiles/libprotoc.dir/__/src/google/protobuf/compiler/objectivec/objectivec_message_field.cc.o
[152/1374] Building CXX object third_party/protobuf/cmake/CMakeFiles/libprotoc.dir/__/src/google/protobuf/compiler/objectivec/objectivec_message.cc.o
[153/1374] Building CXX object third_party/protobuf/cmake/CMakeFiles/libprotoc.dir/__/src/google/protobuf/compiler/objectivec/objectivec_oneof.cc.o
[154/1374] Building CXX object third_party/protobuf/cmake/CMakeFiles/libprotoc.dir/__/src/google/protobuf/compiler/objectivec/objectivec_primitive_field.cc.o
[155/1374] Building CXX object third_party/protobuf/cmake/CMakeFiles/libprotoc.dir/__/src/google/protobuf/compiler/php/php_generator.cc.o
[156/1374] Building CXX object third_party/protobuf/cmake/CMakeFiles/libprotoc.dir/__/src/google/protobuf/compiler/plugin.cc.o
[157/1374] Building CXX object third_party/protobuf/cmake/CMakeFiles/libprotoc.dir/__/src/google/protobuf/compiler/plugin.pb.cc.o
[158/1374] Building CXX object third_party/protobuf/cmake/CMakeFiles/libprotoc.dir/__/src/google/protobuf/compiler/python/python_generator.cc.o
[159/1374] Building CXX object third_party/protobuf/cmake/CMakeFiles/libprotoc.dir/__/src/google/protobuf/compiler/subprocess.cc.o
[160/1374] Building C object confu-deps/cpuinfo/CMakeFiles/cpuinfo.dir/src/api.c.o
[161/1374] Building CXX object third_party/protobuf/cmake/CMakeFiles/libprotoc.dir/__/src/google/protobuf/compiler/ruby/ruby_generator.cc.o
[162/1374] Building CXX object third_party/protobuf/cmake/CMakeFiles/libprotoc.dir/__/src/google/protobuf/compiler/zip_writer.cc.o
[163/1374] Building C object confu-deps/cpuinfo/CMakeFiles/cpuinfo.dir/src/cache.c.o
[164/1374] Building C object confu-deps/cpuinfo/CMakeFiles/cpuinfo.dir/src/init.c.o
[165/1374] Linking CXX static library lib/libprotoc.a
[166/1374] Building C object confu-deps/cpuinfo/CMakeFiles/cpuinfo.dir/src/log.c.o
[167/1374] Building CXX object c10/CMakeFiles/c10.dir/core/AutogradState.cpp.o
[168/1374] Linking C static library lib/libcpuinfo.a
[169/1374] Building CXX object third_party/protobuf/cmake/CMakeFiles/protoc.dir/__/src/google/protobuf/compiler/main.cc.o
[170/1374] Building CXX object c10/CMakeFiles/c10.dir/core/Allocator.cpp.o
[171/1374] Building CXX object c10/CMakeFiles/c10.dir/core/ConstantSymNodeImpl.cpp.o
[172/1374] Building CXX object c10/CMakeFiles/c10.dir/core/CPUAllocator.cpp.o
[173/1374] Building CXX object c10/CMakeFiles/c10.dir/core/CopyBytes.cpp.o
[174/1374] Building CXX object c10/CMakeFiles/c10.dir/core/DefaultDtype.cpp.o
[175/1374] Building CXX object c10/CMakeFiles/c10.dir/core/Device.cpp.o
[176/1374] Building CXX object c10/CMakeFiles/c10.dir/core/DeviceType.cpp.o
[177/1374] Building CXX object c10/CMakeFiles/c10.dir/core/DispatchKeySet.cpp.o
[178/1374] Building CXX object c10/CMakeFiles/c10.dir/core/GradMode.cpp.o
[179/1374] Building CXX object c10/CMakeFiles/c10.dir/core/GeneratorImpl.cpp.o
[180/1374] Building CXX object c10/CMakeFiles/c10.dir/core/DispatchKey.cpp.o
[181/1374] Building CXX object c10/CMakeFiles/c10.dir/core/InferenceMode.cpp.o
[182/1374] Building CXX object c10/CMakeFiles/c10.dir/core/RefcountedDeleter.cpp.o
[183/1374] Building CXX object c10/CMakeFiles/c10.dir/core/SafePyObject.cpp.o
[184/1374] Building CXX object c10/CMakeFiles/c10.dir/core/Scalar.cpp.o
[185/1374] Building CXX object c10/CMakeFiles/c10.dir/core/ScalarType.cpp.o
[186/1374] Building CXX object c10/CMakeFiles/c10.dir/core/Storage.cpp.o
[187/1374] Building CXX object c10/CMakeFiles/c10.dir/core/StorageImpl.cpp.o
[188/1374] Building CXX object c10/CMakeFiles/c10.dir/core/Stream.cpp.o
[189/1374] Building CXX object c10/CMakeFiles/c10.dir/core/SymBool.cpp.o
[190/1374] Building CXX object c10/CMakeFiles/c10.dir/core/SymFloat.cpp.o
[191/1374] Building CXX object c10/CMakeFiles/c10.dir/core/SymIntArrayRef.cpp.o
[192/1374] Building CXX object c10/CMakeFiles/c10.dir/core/SymInt.cpp.o
[193/1374] Building CXX object c10/CMakeFiles/c10.dir/core/SymNodeImpl.cpp.o
[194/1374] Linking CXX executable bin/protoc.js-3.13.0.0
[195/1374] Creating executable symlink bin/protoc.js
[196/1374] Running gen_proto.py on onnx/onnx.in.proto
Processing /home/ubuntu/pyodide-recipes/packages/torch/build/torch-2.8.0/third_party/onnx/onnx/onnx.in.proto
Writing /home/ubuntu/pyodide-recipes/packages/torch/build/torch-2.8.0/build/third_party/onnx/onnx/onnx_onnx_torch-ml.proto
Writing /home/ubuntu/pyodide-recipes/packages/torch/build/torch-2.8.0/build/third_party/onnx/onnx/onnx_onnx_torch-ml.proto3
Writing /home/ubuntu/pyodide-recipes/packages/torch/build/torch-2.8.0/build/third_party/onnx/onnx/onnx-ml.pb.h
generating /home/ubuntu/pyodide-recipes/packages/torch/build/torch-2.8.0/build/third_party/onnx/onnx/onnx_pb.py
[197/1374] Running C++ protocol buffer compiler on /home/ubuntu/pyodide-recipes/packages/torch/build/torch-2.8.0/build/third_party/onnx/onnx/onnx_onnx_torch-ml.proto
FAILED: [code=126] third_party/onnx/onnx/onnx_onnx_torch-ml.pb.cc third_party/onnx/onnx/onnx_onnx_torch-ml.pb.h /home/ubuntu/pyodide-recipes/packages/torch/build/torch-2.8.0/build/third_party/onnx/onnx/onnx_onnx_torch-ml.pb.cc /home/ubuntu/pyodide-recipes/packages/torch/build/torch-2.8.0/build/third_party/onnx/onnx/onnx_onnx_torch-ml.pb.h 
cd /home/ubuntu/pyodide-recipes/packages/torch/build/torch-2.8.0/build/third_party/onnx && /home/ubuntu/pyodide-recipes/packages/torch/build/torch-2.8.0/build/bin/protoc.js-3.13.0.0 /home/ubuntu/pyodide-recipes/packages/torch/build/torch-2.8.0/build/third_party/onnx/onnx/onnx_onnx_torch-ml.proto -I /home/ubuntu/pyodide-recipes/packages/torch/build/torch-2.8.0/build/third_party/onnx --cpp_out dllexport_decl=ONNX_API:/home/ubuntu/pyodide-recipes/packages/torch/build/torch-2.8.0/build/third_party/onnx && /tmp/build-env-wdhyqypj/lib/python3.12/site-packages/cmake/data/bin/cmake -DFILENAME=/home/ubuntu/pyodide-recipes/packages/torch/build/torch-2.8.0/build/third_party/onnx/onnx/onnx_onnx_torch-ml.pb.h -DNAMESPACES=onnx_torch -P /home/ubuntu/pyodide-recipes/packages/torch/build/torch-2.8.0/cmake/ProtoBufPatch.cmake && /tmp/build-env-wdhyqypj/lib/python3.12/site-packages/cmake/data/bin/cmake -DFILENAME=/home/ubuntu/pyodide-recipes/packages/torch/build/torch-2.8.0/build/third_party/onnx/onnx/onnx_onnx_torch-ml.pb.cc -DNAMESPACES=onnx_torch -P /home/ubuntu/pyodide-recipes/packages/torch/build/torch-2.8.0/cmake/ProtoBufPatch.cmake
/bin/sh: 1: /home/ubuntu/pyodide-recipes/packages/torch/build/torch-2.8.0/build/bin/protoc.js-3.13.0.0: Permission denied
[198/1374] Building CXX object c10/CMakeFiles/c10.dir/core/TensorOptions.cpp.o
[199/1374] Building CXX object c10/CMakeFiles/c10.dir/core/SymbolicShapeMeta.cpp.o
[200/1374] Building CXX object c10/CMakeFiles/c10.dir/core/TensorImpl.cpp.o
ninja: build stopped: subcommand failed.
Building wheel torch-2.8.0a0+gitUnknown
-- Building version 2.8.0a0+gitUnknown
cmake -GNinja -DATEN_THREADING=NATIVE -DBUILD_CAFFE2=0 -DBUILD_DEPENDENCY_INDEX_URL=https://pypi.anaconda.org/pyodide/simple -DBUILD_ENV_SCRIPTS_DIR=/tmp/build-env-wdhyqypj/bin -DBUILD_PYTHON=True -DBUILD_TEST=False -DCMAKE_BUILD_TYPE=Release -DCMAKE_EXECUTABLE=/home/ubuntu/pyodide-recipes/packages/torch/build/pywasmcross_symlinks/cmake -DCMAKE_INSTALL_PREFIX=/home/ubuntu/pyodide-recipes/packages/torch/build/torch-2.8.0/torch -DCMAKE_PREFIX_PATH=/tmp/build-env-wdhyqypj/lib/python3.12/site-packages -DCMAKE_TOOLCHAIN_FILE=/home/ubuntu/.local/lib/python3.12/site-packages/pyodide_build/tools/cmake/Modules/Platform/Emscripten.cmake -DPython_EXECUTABLE=/tmp/build-env-wdhyqypj/bin/python -DTORCH_BUILD_VERSION=2.8.0a0+gitUnknown -DUSE_CUDA=0 -DUSE_DISTRIBUTED=0 -DUSE_FBGEMM=0 -DUSE_GLOO=0 -DUSE_KINETO=0 -DUSE_LEGACY_PLATFORM=0 -DUSE_MKLDNN=0 -DUSE_MPI=0 -DUSE_NNPACK=0 -DUSE_NUMA=0 -DUSE_NUMPY=False -DUSE_OPENMP=0 -DUSE_PYTORCH_QNNPACK=0 -DUSE_QNNPACK=0 -DUSE_ROCM=0 -DUSE_TENSORPIPE=0 -DUSE_XNNPACK=0 -DUSE_XPU=0 /home/ubuntu/pyodide-recipes/packages/torch/build/torch-2.8.0
cmake --build . --target install --config Release -j 4

[2mTraceback (most recent call last):
  File "/home/ubuntu/.local/lib/python3.12/site-packages/pyodide_build/vendor/_pypabuild.py", line 113, in _handle_build_error
    yield
  File "/home/ubuntu/.local/lib/python3.12/site-packages/pyodide_build/pypabuild.py", line 562, in build
    built = _build_in_isolated_env(
            ^^^^^^^^^^^^^^^^^^^^^^^
  File "/home/ubuntu/.local/lib/python3.12/site-packages/pyodide_build/pypabuild.py", line 349, in _build_in_isolated_env
    return builder.build(
           ^^^^^^^^^^^^^^
  File "/home/ubuntu/.local/lib/python3.12/site-packages/build/_builder.py", line 329, in build
    return self._call_backend(f'build_{distribution}', output_directory, config_settings, **kwargs)
           ^^^^^^^^^^^^^^^^^^^^^^^^^^^^^^^^^^^^^^^^^^^^^^^^^^^^^^^^^^^^^^^^^^^^^^^^^^^^^^^^^^^^^^^^
  File "/home/ubuntu/.local/lib/python3.12/site-packages/build/_builder.py", line 375, in _call_backend
    with self._handle_backend(hook_name):
  File "/usr/lib/python3.12/contextlib.py", line 158, in __exit__
    self.gen.throw(value)
  File "/home/ubuntu/.local/lib/python3.12/site-packages/build/_builder.py", line 391, in _handle_backend
    raise BuildBackendException(exception, f'Backend subprocess exited when trying to invoke {hook}') from None
build._exceptions.BuildBackendException: Backend subprocess exited when trying to invoke build_wheel[0m

[91mERROR[0m Backend subprocess exited when trying to invoke build_wheel
[2026-09-22 13:29:13] Failed building package torch in 141.9 seconds.           
