executorch latest version: 1.5.0
requires_python: <3.15,>=3.10
release files for latest:
  bdist_wheel executorch-1.5.0-cp310-cp310-macosx_14_0_arm64.whl  (18.7 MB)
  bdist_wheel executorch-1.5.0-cp310-cp310-manylinux_2_28_aarch64.whl  (17.8 MB)
  bdist_wheel executorch-1.5.0-cp310-cp310-manylinux_2_28_x86_64.whl  (18.9 MB)
  bdist_wheel executorch-1.5.0-cp310-cp310-win_amd64.whl  (14.3 MB)
  bdist_wheel executorch-1.5.0-cp311-cp311-macosx_14_0_arm64.whl  (18.7 MB)
  bdist_wheel executorch-1.5.0-cp311-cp311-manylinux_2_28_aarch64.whl  (17.8 MB)
  bdist_wheel executorch-1.5.0-cp311-cp311-manylinux_2_28_x86_64.whl  (18.9 MB)
  bdist_wheel executorch-1.5.0-cp311-cp311-win_amd64.whl  (14.3 MB)
  bdist_wheel executorch-1.5.0-cp312-cp312-macosx_14_0_arm64.whl  (18.8 MB)
  bdist_wheel executorch-1.5.0-cp312-cp312-manylinux_2_28_aarch64.whl  (17.9 MB)
  bdist_wheel executorch-1.5.0-cp312-cp312-manylinux_2_28_x86_64.whl  (19.0 MB)
  bdist_wheel executorch-1.5.0-cp312-cp312-win_amd64.whl  (14.3 MB)
  bdist_wheel executorch-1.5.0-cp313-cp313-macosx_14_0_arm64.whl  (18.7 MB)
  bdist_wheel executorch-1.5.0-cp313-cp313-manylinux_2_28_aarch64.whl  (17.8 MB)
  bdist_wheel executorch-1.5.0-cp313-cp313-manylinux_2_28_x86_64.whl  (18.9 MB)
  bdist_wheel executorch-1.5.0-cp313-cp313-win_amd64.whl  (14.3 MB)
  bdist_wheel executorch-1.5.0-cp314-cp314-macosx_14_0_arm64.whl  (18.7 MB)
  bdist_wheel executorch-1.5.0-cp314-cp314-manylinux_2_28_aarch64.whl  (17.8 MB)
  bdist_wheel executorch-1.5.0-cp314-cp314-manylinux_2_28_x86_64.whl  (18.9 MB)
  bdist_wheel executorch-1.5.0-cp314-cp314-win_amd64.whl  (14.3 MB)
versions WITH sdist: ['0.1.0', '0.1.2']
requires_dist (first 15):
    expecttest
    flatbuffers
    hypothesis
    kgb
    mpmath==1.3.0
    numpy>=2.0.0; python_version >= "3.10"
    packaging
    pandas>=2.2.2; python_version >= "3.10"
    parameterized
    py-cpuinfo
    requests
    pytorch-tokenizers>=1.5.0
    torchao<0.19,>=0.18.0
    pyyaml
    ruamel.yaml
